🛠️ Explicitly received params: {'num_classes': 100, 'lora_rank': 0}

============================================================
SCRUB Unlearning Step 1
Target classes to forget: [0, 1, 2, 3, 4, 5, 6, 7, 8, 9]
============================================================
Loading checkpoint: /home/jag/codes/Bi/baseline/ER/checkpoints/ace/step1.pth
🛠️ Explicitly received params: {'num_classes': 100, 'lora_rank': 0}
Starting SCRUB unlearning for step 1
Forget classes: 0-9 (total: 10)
Retain classes: 10-59 (total: 50)

============================================================
🔍 INITIAL VALIDATION (Before Training)
============================================================
Initial Forget Acc: 82.00% (current performance on forget classes)
Initial Retain Acc: 65.52% (current performance on retain classes)
📊 We need: Forget Acc ↓ (from 82.00%) | Retain Acc ↑ (maintain ~65.52%)

📦 Data loaders created:
   Forget loader: 63 batches
   Retain loader: 125 batches

============================================================
🔥 EXTENDED RETAIN-ONLY WARM-UP PHASE (Epochs 1-10)
============================================================

Warm-up Epoch 1/10
  Retain-only Loss: 0.8793
  Forget Acc: 79.20% | Retain Acc: 67.89%
  ⭐ New best retain accuracy: 67.89%

Warm-up Epoch 2/10

Warm-up Epoch 3/10
  Retain-only Loss: 0.5115
  Forget Acc: 69.07% | Retain Acc: 73.52%
  ⭐ New best retain accuracy: 73.52%

Warm-up Epoch 4/10

Warm-up Epoch 5/10
  Retain-only Loss: 0.4214
  Forget Acc: 57.73% | Retain Acc: 77.44%
  ⭐ New best retain accuracy: 77.44%

Warm-up Epoch 6/10

Warm-up Epoch 7/10
  Retain-only Loss: 0.3858
  Forget Acc: 50.80% | Retain Acc: 76.93%
  ✅ Retain performance stabilized, ending warmup early

============================================================
🚀 MAIN SCRUB TRAINING PHASE
============================================================

==================================================
Epoch 1/40
==================================================
    Forget Loss: -0.8279 | Retain Loss: 1.7892
  Forget Acc: 59.87% (↓+22.13% from initial)
  Retain Acc: 68.21% (+2.69% from initial)
  Avg Loss: 17.8836
  Weights: α=3.00, γ=3.00
  ✅ Excellent forgetting progress (-22.1%)
  ✅ Excellent retention (68.2%)

==================================================
Epoch 2/40
==================================================
    Forget Loss: -1.2346 | Retain Loss: 1.4636
  Forget Acc: 44.67% (↓+37.33% from initial)
  Retain Acc: 66.29% (+0.77% from initial)
  Avg Loss: 14.6233
  Weights: α=3.00, γ=3.00
  ✅ Excellent forgetting progress (-37.3%)
  ✅ Excellent retention (66.3%)

==================================================
Epoch 3/40
==================================================
    Forget Loss: -1.8783 | Retain Loss: 1.2947
  Forget Acc: 40.00% (↓+42.00% from initial)
  Retain Acc: 69.41% (+3.89% from initial)
  Avg Loss: 12.9284
  Weights: α=3.00, γ=3.00
  ✅ Excellent forgetting progress (-42.0%)
  ✅ Excellent retention (69.4%)

==================================================
Epoch 4/40
==================================================
    Forget Loss: -2.1852 | Retain Loss: 1.2295
  Forget Acc: 30.40% (↓+51.60% from initial)
  Retain Acc: 67.73% (+2.21% from initial)
  Avg Loss: 12.2733
  Weights: α=3.00, γ=3.00
  ✅ Excellent forgetting progress (-51.6%)
  ✅ Excellent retention (67.7%)

==================================================
Epoch 5/40
==================================================
    Forget Loss: -2.6285 | Retain Loss: 1.1659
  Forget Acc: 24.80% (↓+57.20% from initial)
  Retain Acc: 67.36% (+1.84% from initial)
  Avg Loss: 11.6330
  Weights: α=3.00, γ=3.00
  ✅ Excellent forgetting progress (-57.2%)
  ✅ Excellent retention (67.4%)

==================================================
Epoch 6/40
==================================================
    Forget Loss: -3.0138 | Retain Loss: 1.1110
  Forget Acc: 25.47% (↓+56.53% from initial)
  Retain Acc: 66.56% (+1.04% from initial)
  Avg Loss: 11.0794
  Weights: α=3.00, γ=3.00
  ✅ Excellent forgetting progress (-56.5%)
  ✅ Excellent retention (66.6%)

==================================================
Epoch 7/40
==================================================
    Forget Loss: -3.2650 | Retain Loss: 1.0955
  Forget Acc: 26.40% (↓+55.60% from initial)
  Retain Acc: 67.41% (+1.89% from initial)
  Avg Loss: 10.9228
  Weights: α=3.00, γ=3.00
  ✅ Excellent forgetting progress (-55.6%)
  ✅ Excellent retention (67.4%)

==================================================
Epoch 8/40
==================================================
    Forget Loss: -3.6058 | Retain Loss: 1.0602
  Forget Acc: 24.13% (↓+57.87% from initial)
  Retain Acc: 65.79% (+0.27% from initial)
  Avg Loss: 10.5659
  Weights: α=3.00, γ=3.00
  ✅ Excellent forgetting progress (-57.9%)
  ✅ Excellent retention (65.8%)

==================================================
Epoch 9/40
==================================================
    Forget Loss: -4.1641 | Retain Loss: 1.0366
  Forget Acc: 21.33% (↓+60.67% from initial)
  Retain Acc: 67.44% (+1.92% from initial)
  Avg Loss: 10.3247
  Weights: α=3.00, γ=3.00
  ✅ Excellent forgetting progress (-60.7%)
  ✅ Excellent retention (67.4%)

==================================================
Epoch 10/40
==================================================
    Forget Loss: -4.2942 | Retain Loss: 1.0242
  Forget Acc: 22.80% (↓+59.20% from initial)
  Retain Acc: 66.05% (+0.53% from initial)
  Avg Loss: 10.1987
  Weights: α=3.00, γ=3.00
  ✅ Excellent forgetting progress (-59.2%)
  ✅ Excellent retention (66.1%)

==================================================
Epoch 11/40
==================================================
    Forget Loss: -4.9408 | Retain Loss: 1.0152
  Forget Acc: 19.20% (↓+62.80% from initial)
  Retain Acc: 64.05% (-1.47% from initial)
  Avg Loss: 10.1028
  Weights: α=3.00, γ=3.00
  ✅ Excellent forgetting progress (-62.8%)
  ✅ Good retention (64.1%)

==================================================
Epoch 12/40
==================================================
    Forget Loss: -5.0829 | Retain Loss: 1.0216
  Forget Acc: 19.07% (↓+62.93% from initial)
  Retain Acc: 65.09% (-0.43% from initial)
  Avg Loss: 10.1651
  Weights: α=3.00, γ=3.00
  ✅ Excellent forgetting progress (-62.9%)
  ✅ Excellent retention (65.1%)

==================================================
Epoch 13/40
==================================================
    Forget Loss: -5.4484 | Retain Loss: 0.9995
  Forget Acc: 18.40% (↓+63.60% from initial)
  Retain Acc: 65.15% (-0.37% from initial)
  Avg Loss: 9.9406
  Weights: α=3.00, γ=3.00
  ✅ Excellent forgetting progress (-63.6%)
  ✅ Excellent retention (65.1%)

==================================================
Epoch 14/40
==================================================
    Forget Loss: -5.7875 | Retain Loss: 0.9915
  Forget Acc: 16.80% (↓+65.20% from initial)
  Retain Acc: 61.92% (-3.60% from initial)
  Avg Loss: 9.8571
  Weights: α=3.00, γ=3.00
  ✅ Excellent forgetting progress (-65.2%)
  ✅ Good retention (61.9%)

==================================================
Epoch 15/40
==================================================
    Forget Loss: -6.0691 | Retain Loss: 1.0222
  Forget Acc: 17.20% (↓+64.80% from initial)
  Retain Acc: 63.95% (-1.57% from initial)
  Avg Loss: 10.1618
  Weights: α=3.00, γ=3.00
  ✅ Excellent forgetting progress (-64.8%)
  ✅ Good retention (63.9%)

==================================================
Epoch 16/40
==================================================
    Forget Loss: -6.0470 | Retain Loss: 1.3031
  Forget Acc: 15.20% (↓+66.80% from initial)
  Retain Acc: 60.51% (-5.01% from initial)
  Avg Loss: 12.9707
  Weights: α=3.60, γ=3.60
  ✅ Excellent forgetting progress (-66.8%)
  ✅ Good retention (60.5%)

==================================================
Epoch 17/40
==================================================
    Forget Loss: -6.1782 | Retain Loss: 1.2200
  Forget Acc: 17.33% (↓+64.67% from initial)
  Retain Acc: 58.61% (-6.91% from initial)
  Avg Loss: 12.1379
  Weights: α=3.60, γ=3.60
  ✅ Excellent forgetting progress (-64.7%)
  ✅ Good retention (58.6%)

==================================================
Epoch 18/40
==================================================
    Forget Loss: -6.1010 | Retain Loss: 1.2481
  Forget Acc: 15.20% (↓+66.80% from initial)
  Retain Acc: 60.91% (-4.61% from initial)
  Avg Loss: 12.4197
  Weights: α=3.60, γ=3.60
  ✅ Excellent forgetting progress (-66.8%)
  ✅ Good retention (60.9%)

==================================================
Epoch 19/40
==================================================
    Forget Loss: -6.2266 | Retain Loss: 1.2311
  Forget Acc: 13.07% (↓+68.93% from initial)
  Retain Acc: 59.81% (-5.71% from initial)
  Avg Loss: 12.2484
  Weights: α=3.60, γ=3.60
  ✅ Excellent forgetting progress (-68.9%)
  ✅ Good retention (59.8%)

==================================================
Epoch 20/40
==================================================
    Forget Loss: -6.5729 | Retain Loss: 1.2060
  Forget Acc: 17.60% (↓+64.40% from initial)
  Retain Acc: 57.81% (-7.71% from initial)
  Avg Loss: 11.9945
  Weights: α=3.60, γ=3.60
  ✅ Excellent forgetting progress (-64.4%)
  ✅ Good retention (57.8%)

==================================================
Epoch 21/40
==================================================
    Forget Loss: -6.5298 | Retain Loss: 1.1877
  Forget Acc: 14.00% (↓+68.00% from initial)
  Retain Acc: 60.21% (-5.31% from initial)
  Avg Loss: 11.8117
  Weights: α=3.60, γ=3.60
  ✅ Excellent forgetting progress (-68.0%)
  ✅ Good retention (60.2%)

==================================================
Epoch 22/40
==================================================
    Forget Loss: -6.7931 | Retain Loss: 1.1890
  Forget Acc: 15.20% (↓+66.80% from initial)
  Retain Acc: 57.89% (-7.63% from initial)
  Avg Loss: 11.8218
  Weights: α=3.60, γ=3.60
  ✅ Excellent forgetting progress (-66.8%)
  ✅ Good retention (57.9%)

==================================================
Epoch 23/40
==================================================
    Forget Loss: -6.8987 | Retain Loss: 1.2009
  Forget Acc: 12.93% (↓+69.07% from initial)
  Retain Acc: 58.75% (-6.77% from initial)
  Avg Loss: 11.9400
  Weights: α=3.60, γ=3.60
  ✅ Excellent forgetting progress (-69.1%)
  ✅ Good retention (58.7%)

==================================================
Epoch 24/40
==================================================
    Forget Loss: -7.1000 | Retain Loss: 1.1572
  Forget Acc: 10.80% (↓+71.20% from initial)
  Retain Acc: 60.13% (-5.39% from initial)
  Avg Loss: 11.5010
  Weights: α=3.60, γ=3.60
  ✅ Excellent forgetting progress (-71.2%)
  ✅ Good retention (60.1%)

==================================================
Epoch 25/40
==================================================
    Forget Loss: -7.4002 | Retain Loss: 1.1563
  Forget Acc: 12.27% (↓+69.73% from initial)
  Retain Acc: 58.48% (-7.04% from initial)
  Avg Loss: 11.4887
  Weights: α=3.60, γ=3.60
  ✅ Excellent forgetting progress (-69.7%)
  ✅ Good retention (58.5%)

==================================================
Epoch 26/40
==================================================
    Forget Loss: -7.8532 | Retain Loss: 1.1757
  Forget Acc: 12.80% (↓+69.20% from initial)
  Retain Acc: 56.61% (-8.91% from initial)
  Avg Loss: 11.6780
  Weights: α=3.60, γ=3.60
  ✅ Excellent forgetting progress (-69.2%)
  ✅ Good retention (56.6%)

==================================================
Epoch 27/40
==================================================
    Forget Loss: -7.7688 | Retain Loss: 1.2110
  Forget Acc: 16.00% (↓+66.00% from initial)
  Retain Acc: 54.13% (-11.39% from initial)
  Avg Loss: 12.0324
  Weights: α=3.60, γ=3.60
  ✅ Excellent forgetting progress (-66.0%)

==================================================
Epoch 28/40
==================================================
    Forget Loss: -7.6465 | Retain Loss: 1.3733
  Forget Acc: 14.80% (↓+67.20% from initial)
  Retain Acc: 50.80% (-14.72% from initial)
  Avg Loss: 13.6563
  Weights: α=3.60, γ=3.60
  ✅ Excellent forgetting progress (-67.2%)

==================================================
Epoch 29/40
==================================================
    Forget Loss: -7.5398 | Retain Loss: 1.2316
  Forget Acc: 10.27% (↓+71.73% from initial)
  Retain Acc: 54.80% (-10.72% from initial)
  Avg Loss: 12.2409
  Weights: α=3.60, γ=3.60
  ✅ Excellent forgetting progress (-71.7%)

==================================================
Epoch 30/40
==================================================
    Forget Loss: -7.5359 | Retain Loss: 1.2863
  Forget Acc: 10.00% (↓+72.00% from initial)
  Retain Acc: 52.08% (-13.44% from initial)
  Avg Loss: 12.7878
  Weights: α=3.60, γ=3.60
  ✅ Excellent forgetting progress (-72.0%)

==================================================
Epoch 31/40
==================================================
    Forget Loss: -7.4151 | Retain Loss: 1.5532
  Forget Acc: 12.80% (↓+69.20% from initial)
  Retain Acc: 55.33% (-10.19% from initial)
  Avg Loss: 15.4579
  Weights: α=4.50, γ=4.50
  ✅ Excellent forgetting progress (-69.2%)
  ✅ Good retention (55.3%)

==================================================
Epoch 32/40
==================================================
    Forget Loss: -7.6421 | Retain Loss: 1.4533
  Forget Acc: 12.53% (↓+69.47% from initial)
  Retain Acc: 54.91% (-10.61% from initial)
  Avg Loss: 14.4567
  Weights: α=4.50, γ=4.50
  ✅ Excellent forgetting progress (-69.5%)

==================================================
Epoch 33/40
==================================================
    Forget Loss: -7.8088 | Retain Loss: 1.4448
  Forget Acc: 12.00% (↓+70.00% from initial)
  Retain Acc: 55.28% (-10.24% from initial)
  Avg Loss: 14.3698
  Weights: α=4.50, γ=4.50
  ✅ Excellent forgetting progress (-70.0%)
  ✅ Good retention (55.3%)

==================================================
Epoch 34/40
==================================================
    Forget Loss: -8.0446 | Retain Loss: 1.4461
  Forget Acc: 9.20% (↓+72.80% from initial)
  Retain Acc: 55.79% (-9.73% from initial)
  Avg Loss: 14.3806
  Weights: α=4.50, γ=4.50
  ✅ Excellent forgetting progress (-72.8%)
  ✅ Good retention (55.8%)

==================================================
Epoch 35/40
==================================================
    Forget Loss: -8.3600 | Retain Loss: 1.4373
  Forget Acc: 12.53% (↓+69.47% from initial)
  Retain Acc: 53.23% (-12.29% from initial)
  Avg Loss: 14.2894
  Weights: α=4.50, γ=4.50
  ✅ Excellent forgetting progress (-69.5%)

==================================================
Epoch 36/40
==================================================
    Forget Loss: -8.2384 | Retain Loss: 1.5431
  Forget Acc: 8.40% (↓+73.60% from initial)
  Retain Acc: 52.96% (-12.56% from initial)
  Avg Loss: 15.3487
  Weights: α=4.50, γ=4.50
  ✅ Excellent forgetting progress (-73.6%)

==================================================
Epoch 37/40
==================================================
    Forget Loss: -8.2589 | Retain Loss: 1.5025
  Forget Acc: 7.87% (↓+74.13% from initial)
  Retain Acc: 53.84% (-11.68% from initial)
  Avg Loss: 14.9425
  Weights: α=4.50, γ=4.50
  ✅ Excellent forgetting progress (-74.1%)

==================================================
Epoch 38/40
==================================================
    Forget Loss: -7.8635 | Retain Loss: 1.5075
  Forget Acc: 9.20% (↓+72.80% from initial)
  Retain Acc: 49.25% (-16.27% from initial)
  Avg Loss: 14.9966
  Weights: α=4.50, γ=4.50
  ✅ Excellent forgetting progress (-72.8%)

==================================================
Epoch 39/40
==================================================
    Forget Loss: -8.1336 | Retain Loss: 1.5642
  Forget Acc: 13.20% (↓+68.80% from initial)
  Retain Acc: 49.97% (-15.55% from initial)
  Avg Loss: 15.5610
  Weights: α=4.50, γ=4.50
  ✅ Excellent forgetting progress (-68.8%)

==================================================
Epoch 40/40
==================================================
    Forget Loss: -8.0404 | Retain Loss: 1.4796
  Forget Acc: 10.80% (↓+71.20% from initial)
  Retain Acc: 50.83% (-14.69% from initial)
  Avg Loss: 14.7156
  Weights: α=4.50, γ=4.50
  ✅ Excellent forgetting progress (-71.2%)

🎯 Loaded best model with retain accuracy: 77.44%

============================================================
📋 FINAL VALIDATION & COMPARISON
============================================================
📊 FORGET PERFORMANCE:
   Initial: 82.00% → Final: 57.73%
   Improvement: +24.27% ✅
📊 RETAIN PERFORMANCE:
   Initial: 65.52% → Final: 77.44%
   Change: +11.92% ✅
✅ Saved enhanced SCRUB model to scrub_unlearned_models/final_step1.pth

============================================================
SCRUB Unlearning Step 2
Target classes to forget: [0, 1, 2, 3, 4, 5, 6, 7, 8, 9, 10, 11, 12, 13, 14, 15, 16, 17, 18, 19]
============================================================
Loading checkpoint: /home/jag/codes/Bi/baseline/ER/checkpoints/ace/step2.pth
🛠️ Explicitly received params: {'num_classes': 100, 'lora_rank': 0}
Starting SCRUB unlearning for step 2
Forget classes: 0-19 (total: 20)
Retain classes: 20-69 (total: 50)

============================================================
🔍 INITIAL VALIDATION (Before Training)
============================================================
Initial Forget Acc: 78.00% (current performance on forget classes)
Initial Retain Acc: 60.67% (current performance on retain classes)
📊 We need: Forget Acc ↓ (from 78.00%) | Retain Acc ↑ (maintain ~60.67%)

📦 Data loaders created:
   Forget loader: 125 batches
   Retain loader: 125 batches

============================================================
🔥 EXTENDED RETAIN-ONLY WARM-UP PHASE (Epochs 1-10)
============================================================

Warm-up Epoch 1/10
  Retain-only Loss: 1.0858
  Forget Acc: 63.80% | Retain Acc: 65.55%
  ⭐ New best retain accuracy: 65.55%

Warm-up Epoch 2/10

Warm-up Epoch 3/10
  Retain-only Loss: 0.6905
  Forget Acc: 60.07% | Retain Acc: 68.53%
  ⭐ New best retain accuracy: 68.53%

Warm-up Epoch 4/10

Warm-up Epoch 5/10
  Retain-only Loss: 0.5717
  Forget Acc: 60.07% | Retain Acc: 70.80%
  ⭐ New best retain accuracy: 70.80%

Warm-up Epoch 6/10

Warm-up Epoch 7/10
  Retain-only Loss: 0.5403
  Forget Acc: 52.13% | Retain Acc: 71.89%
  ⭐ New best retain accuracy: 71.89%
  ✅ Retain performance stabilized, ending warmup early

============================================================
🚀 MAIN SCRUB TRAINING PHASE
============================================================

==================================================
Epoch 1/40
==================================================
    Forget Loss: -0.9554 | Retain Loss: 2.1813
  Forget Acc: 35.60% (↓+42.40% from initial)
  Retain Acc: 67.84% (+7.17% from initial)
  Avg Loss: 21.8030
  Weights: α=3.00, γ=3.00
  ✅ Excellent forgetting progress (-42.4%)
  ✅ Excellent retention (67.8%)

==================================================
Epoch 2/40
==================================================
    Forget Loss: -1.4845 | Retain Loss: 1.7144
  Forget Acc: 34.53% (↓+43.47% from initial)
  Retain Acc: 67.49% (+6.83% from initial)
  Avg Loss: 17.1288
  Weights: α=3.00, γ=3.00
  ✅ Excellent forgetting progress (-43.5%)
  ✅ Excellent retention (67.5%)

==================================================
Epoch 3/40
==================================================
    Forget Loss: -1.8249 | Retain Loss: 1.5581
  Forget Acc: 27.53% (↓+50.47% from initial)
  Retain Acc: 67.39% (+6.72% from initial)
  Avg Loss: 15.5628
  Weights: α=3.00, γ=3.00
  ✅ Excellent forgetting progress (-50.5%)
  ✅ Excellent retention (67.4%)

==================================================
Epoch 4/40
==================================================
    Forget Loss: -2.2140 | Retain Loss: 1.4970
  Forget Acc: 20.07% (↓+57.93% from initial)
  Retain Acc: 66.64% (+5.97% from initial)
  Avg Loss: 14.9475
  Weights: α=3.00, γ=3.00
  ✅ Excellent forgetting progress (-57.9%)
  ✅ Excellent retention (66.6%)

==================================================
Epoch 5/40
==================================================
    Forget Loss: -2.5442 | Retain Loss: 1.4552
  Forget Acc: 17.47% (↓+60.53% from initial)
  Retain Acc: 64.32% (+3.65% from initial)
  Avg Loss: 14.5262
  Weights: α=3.00, γ=3.00
  ✅ Excellent forgetting progress (-60.5%)
  ✅ Good retention (64.3%)

==================================================
Epoch 6/40
==================================================
    Forget Loss: -2.8355 | Retain Loss: 1.4137
  Forget Acc: 12.07% (↓+65.93% from initial)
  Retain Acc: 65.09% (+4.43% from initial)
  Avg Loss: 14.1084
  Weights: α=3.00, γ=3.00
  ✅ Excellent forgetting progress (-65.9%)
  ✅ Excellent retention (65.1%)

==================================================
Epoch 7/40
==================================================
    Forget Loss: -3.0964 | Retain Loss: 1.3946
  Forget Acc: 10.47% (↓+67.53% from initial)
  Retain Acc: 64.99% (+4.32% from initial)
  Avg Loss: 13.9153
  Weights: α=3.00, γ=3.00
  ✅ Excellent forgetting progress (-67.5%)
  ✅ Good retention (65.0%)

==================================================
Epoch 8/40
==================================================
    Forget Loss: -3.4046 | Retain Loss: 1.3812
  Forget Acc: 7.67% (↓+70.33% from initial)
  Retain Acc: 65.04% (+4.37% from initial)
  Avg Loss: 13.7784
  Weights: α=3.00, γ=3.00
  ✅ Excellent forgetting progress (-70.3%)
  ✅ Excellent retention (65.0%)

==================================================
Epoch 9/40
==================================================
    Forget Loss: -3.7022 | Retain Loss: 1.3633
  Forget Acc: 7.07% (↓+70.93% from initial)
  Retain Acc: 63.81% (+3.15% from initial)
  Avg Loss: 13.5955
  Weights: α=3.00, γ=3.00
  ✅ Excellent forgetting progress (-70.9%)
  ✅ Good retention (63.8%)

==================================================
Epoch 10/40
==================================================
    Forget Loss: -3.9163 | Retain Loss: 1.4167
  Forget Acc: 6.60% (↓+71.40% from initial)
  Retain Acc: 61.20% (+0.53% from initial)
  Avg Loss: 14.1282
  Weights: α=3.00, γ=3.00
  ✅ Excellent forgetting progress (-71.4%)
  ✅ Good retention (61.2%)

==================================================
Epoch 11/40
==================================================
    Forget Loss: -4.1567 | Retain Loss: 1.3703
  Forget Acc: 5.33% (↓+72.67% from initial)
  Retain Acc: 60.08% (-0.59% from initial)
  Avg Loss: 13.6617
  Weights: α=3.00, γ=3.00
  ✅ Excellent forgetting progress (-72.7%)
  ✅ Good retention (60.1%)

==================================================
Epoch 12/40
==================================================
    Forget Loss: -4.2373 | Retain Loss: 1.3570
  Forget Acc: 5.07% (↓+72.93% from initial)
  Retain Acc: 57.87% (-2.80% from initial)
  Avg Loss: 13.5280
  Weights: α=3.00, γ=3.00
  ✅ Excellent forgetting progress (-72.9%)
  ✅ Good retention (57.9%)

==================================================
Epoch 13/40
==================================================
    Forget Loss: -4.5009 | Retain Loss: 1.3478
  Forget Acc: 5.00% (↓+73.00% from initial)
  Retain Acc: 59.49% (-1.17% from initial)
  Avg Loss: 13.4332
  Weights: α=3.00, γ=3.00
  ✅ Excellent forgetting progress (-73.0%)
  ✅ Good retention (59.5%)

==================================================
Epoch 14/40
==================================================
    Forget Loss: -4.6414 | Retain Loss: 1.3601
  Forget Acc: 4.60% (↓+73.40% from initial)
  Retain Acc: 59.25% (-1.41% from initial)
  Avg Loss: 13.5551
  Weights: α=3.00, γ=3.00
  ✅ Excellent forgetting progress (-73.4%)
  ✅ Good retention (59.3%)

==================================================
Epoch 15/40
==================================================
    Forget Loss: -4.7244 | Retain Loss: 1.3440
  Forget Acc: 5.40% (↓+72.60% from initial)
  Retain Acc: 58.37% (-2.29% from initial)
  Avg Loss: 13.3932
  Weights: α=3.00, γ=3.00
  ✅ Excellent forgetting progress (-72.6%)
  ✅ Good retention (58.4%)

==================================================
Epoch 16/40
==================================================
    Forget Loss: -4.7729 | Retain Loss: 1.5985
  Forget Acc: 2.33% (↓+75.67% from initial)
  Retain Acc: 58.35% (-2.32% from initial)
  Avg Loss: 15.9372
  Weights: α=3.60, γ=3.60
  ✅ Excellent forgetting progress (-75.7%)
  ✅ Good retention (58.3%)

==================================================
Epoch 17/40
==================================================
    Forget Loss: -4.8791 | Retain Loss: 1.6258
  Forget Acc: 4.27% (↓+73.73% from initial)
  Retain Acc: 56.96% (-3.71% from initial)
  Avg Loss: 16.2088
  Weights: α=3.60, γ=3.60
  ✅ Excellent forgetting progress (-73.7%)
  ✅ Good retention (57.0%)

==================================================
Epoch 18/40
==================================================
    Forget Loss: -5.0505 | Retain Loss: 1.7516
  Forget Acc: 2.20% (↓+75.80% from initial)
  Retain Acc: 50.83% (-9.84% from initial)
  Avg Loss: 17.4658
  Weights: α=3.60, γ=3.60
  ✅ Excellent forgetting progress (-75.8%)

==================================================
Epoch 19/40
==================================================
    Forget Loss: -5.0115 | Retain Loss: 1.6449
  Forget Acc: 1.53% (↓+76.47% from initial)
  Retain Acc: 54.48% (-6.19% from initial)
  Avg Loss: 16.3992
  Weights: α=3.60, γ=3.60
  ✅ Excellent forgetting progress (-76.5%)

==================================================
Epoch 20/40
==================================================
    Forget Loss: -5.0239 | Retain Loss: 1.6327
  Forget Acc: 2.67% (↓+75.33% from initial)
  Retain Acc: 52.19% (-8.48% from initial)
  Avg Loss: 16.2769
  Weights: α=3.60, γ=3.60
  ✅ Excellent forgetting progress (-75.3%)

==================================================
Epoch 21/40
==================================================
    Forget Loss: -5.1356 | Retain Loss: 1.5990
  Forget Acc: 1.87% (↓+76.13% from initial)
  Retain Acc: 53.79% (-6.88% from initial)
  Avg Loss: 15.9388
  Weights: α=3.60, γ=3.60
  ✅ Excellent forgetting progress (-76.1%)

==================================================
Epoch 22/40
==================================================
    Forget Loss: -5.1968 | Retain Loss: 1.5860
  Forget Acc: 2.67% (↓+75.33% from initial)
  Retain Acc: 55.28% (-5.39% from initial)
  Avg Loss: 15.8083
  Weights: α=3.60, γ=3.60
  ✅ Excellent forgetting progress (-75.3%)
  ✅ Good retention (55.3%)

==================================================
Epoch 23/40
==================================================
    Forget Loss: -5.3036 | Retain Loss: 1.5873
  Forget Acc: 2.33% (↓+75.67% from initial)
  Retain Acc: 53.97% (-6.69% from initial)
  Avg Loss: 15.8204
  Weights: α=3.60, γ=3.60
  ✅ Excellent forgetting progress (-75.7%)

==================================================
Epoch 24/40
==================================================
    Forget Loss: -5.4619 | Retain Loss: 1.5849
  Forget Acc: 1.87% (↓+76.13% from initial)
  Retain Acc: 54.51% (-6.16% from initial)
  Avg Loss: 15.7948
  Weights: α=3.60, γ=3.60
  ✅ Excellent forgetting progress (-76.1%)

==================================================
Epoch 25/40
==================================================
    Forget Loss: -5.6082 | Retain Loss: 1.5743
  Forget Acc: 2.00% (↓+76.00% from initial)
  Retain Acc: 52.51% (-8.16% from initial)
  Avg Loss: 15.6870
  Weights: α=3.60, γ=3.60
  ✅ Excellent forgetting progress (-76.0%)

==================================================
Epoch 26/40
==================================================
    Forget Loss: -5.7182 | Retain Loss: 1.6098
  Forget Acc: 1.87% (↓+76.13% from initial)
  Retain Acc: 48.96% (-11.71% from initial)
  Avg Loss: 16.0413
  Weights: α=3.60, γ=3.60
  ✅ Excellent forgetting progress (-76.1%)

==================================================
Epoch 27/40
==================================================
