🛠️ Explicitly received params: {'num_classes': 100, 'lora_rank': 0}
Loaded pretrained weights from timm: deit_tiny_patch16_224
✅ Loaded pretrained weights from timm
Starting ER-ACE + NegGrad+ pipeline with base model (classes 0-49)

================================================================================
Step 1: 0-49 -> 10-59
================================================================================

Initial validation before NegGrad+ unlearning:
Validation - Forget: 85.7% | Retain: 86.8% | 10-59: 69.4%
NegGrad+ Unlearning (β=0.5): Forget [0, 1, 2, 3, 4, 5, 6, 7, 8, 9], Retain [10, 11, 12, 13, 14, 15, 16, 17, 18, 19, 20, 21, 22, 23, 24, 25, 26, 27, 28, 29, 30, 31, 32, 33, 34, 35, 36, 37, 38, 39, 40, 41, 42, 43, 44, 45, 46, 47, 48, 49]

NegGrad+ Unlearning Epoch 1/40
Loss - Total: -1.133 | Forget: 2.364 | Retain: 0.097
Validation - Forget: 0.0% | Retain: 85.9% | 10-49: 85.9% | Score: 128.0
★ New best model! Score: 128.0

NegGrad+ Unlearning Epoch 2/40
Loss - Total: -8.382 | Forget: 16.849 | Retain: 0.085
Validation - Forget: 0.7% | Retain: 77.9% | 10-49: 77.9% | Score: 123.3

NegGrad+ Unlearning Epoch 3/40
Loss - Total: -21.145 | Forget: 43.422 | Retain: 1.131
Validation - Forget: 0.5% | Retain: 47.8% | 10-49: 47.8% | Score: 108.4

NegGrad+ Unlearning Epoch 4/40
Loss - Total: -41.557 | Forget: 84.833 | Retain: 1.718
Validation - Forget: 0.4% | Retain: 61.3% | 10-49: 61.3% | Score: 115.2

NegGrad+ Unlearning Epoch 5/40
Loss - Total: -65.889 | Forget: 132.617 | Retain: 0.839
Validation - Forget: 0.5% | Retain: 57.1% | 10-49: 57.1% | Score: 113.0

NegGrad+ Unlearning Epoch 6/40
Loss - Total: -94.534 | Forget: 189.625 | Retain: 0.558
Validation - Forget: 0.4% | Retain: 56.8% | 10-49: 56.8% | Score: 113.0

NegGrad+ Unlearning Epoch 7/40
Loss - Total: -133.289 | Forget: 266.981 | Retain: 0.404
Validation - Forget: 0.4% | Retain: 56.8% | 10-49: 56.8% | Score: 113.0

NegGrad+ Unlearning Epoch 8/40
Loss - Total: -181.261 | Forget: 362.962 | Retain: 0.439
Validation - Forget: 0.4% | Retain: 54.3% | 10-49: 54.3% | Score: 111.8

NegGrad+ Unlearning Epoch 9/40
Loss - Total: -242.950 | Forget: 486.324 | Retain: 0.423
Validation - Forget: 0.4% | Retain: 51.0% | 10-49: 51.0% | Score: 110.1

NegGrad+ Unlearning Epoch 10/40
Loss - Total: -320.664 | Forget: 641.937 | Retain: 0.609
Validation - Forget: 0.4% | Retain: 50.0% | 10-49: 50.0% | Score: 109.6

NegGrad+ Unlearning Epoch 11/40
Loss - Total: -418.044 | Forget: 836.997 | Retain: 0.909
Validation - Forget: 0.4% | Retain: 45.5% | 10-49: 45.5% | Score: 107.3

NegGrad+ Unlearning Epoch 12/40
Loss - Total: -538.030 | Forget: 1077.343 | Retain: 1.283
Validation - Forget: 0.4% | Retain: 43.8% | 10-49: 43.8% | Score: 106.5

NegGrad+ Unlearning Epoch 13/40
Loss - Total: -682.204 | Forget: 1366.160 | Retain: 1.753
Validation - Forget: 0.3% | Retain: 42.2% | 10-49: 42.2% | Score: 105.8

NegGrad+ Unlearning Epoch 14/40
Loss - Total: -846.220 | Forget: 1694.242 | Retain: 1.803
Validation - Forget: 0.8% | Retain: 36.0% | 10-49: 36.0% | Score: 102.2

NegGrad+ Unlearning Epoch 15/40
Loss - Total: -1053.203 | Forget: 2108.588 | Retain: 2.181
Validation - Forget: 0.4% | Retain: 38.2% | 10-49: 38.2% | Score: 103.7

NegGrad+ Unlearning Epoch 16/40
Loss - Total: -1308.166 | Forget: 2618.624 | Retain: 2.292
Validation - Forget: 0.5% | Retain: 37.8% | 10-49: 37.8% | Score: 103.4

NegGrad+ Unlearning Epoch 17/40
Loss - Total: -1598.135 | Forget: 3198.844 | Retain: 2.574
Validation - Forget: 0.5% | Retain: 35.4% | 10-49: 35.4% | Score: 102.2

NegGrad+ Unlearning Epoch 18/40
Loss - Total: -1935.734 | Forget: 3874.531 | Retain: 3.064
Validation - Forget: 0.7% | Retain: 31.8% | 10-49: 31.8% | Score: 100.2

NegGrad+ Unlearning Epoch 19/40
Loss - Total: -2303.343 | Forget: 4610.020 | Retain: 3.334
Validation - Forget: 0.4% | Retain: 30.0% | 10-49: 30.0% | Score: 99.6

NegGrad+ Unlearning Epoch 20/40
Loss - Total: -2721.391 | Forget: 5445.684 | Retain: 2.902
Validation - Forget: 0.5% | Retain: 27.8% | 10-49: 27.8% | Score: 99.5

NegGrad+ Unlearning Epoch 21/40
Loss - Total: -3199.779 | Forget: 6403.124 | Retain: 3.565
Validation - Forget: 0.7% | Retain: 27.7% | 10-49: 27.7% | Score: 99.3

NegGrad+ Unlearning Epoch 22/40
Loss - Total: -3706.758 | Forget: 7417.440 | Retain: 3.924
Validation - Forget: 0.8% | Retain: 26.9% | 10-49: 26.9% | Score: 99.2

NegGrad+ Unlearning Epoch 23/40
Loss - Total: -4219.254 | Forget: 8445.754 | Retain: 7.246
Validation - Forget: 0.8% | Retain: 25.6% | 10-49: 25.6% | Score: 99.2

NegGrad+ Unlearning Epoch 24/40
Loss - Total: -4777.983 | Forget: 9559.657 | Retain: 3.691
Validation - Forget: 0.7% | Retain: 22.6% | 10-49: 22.6% | Score: 99.3

NegGrad+ Unlearning Epoch 25/40
Loss - Total: -5414.352 | Forget: 10833.005 | Retain: 4.301
Validation - Forget: 0.8% | Retain: 21.9% | 10-49: 21.9% | Score: 99.2

NegGrad+ Unlearning Epoch 26/40
Loss - Total: -6094.987 | Forget: 12194.404 | Retain: 4.430
Validation - Forget: 0.7% | Retain: 22.1% | 10-49: 22.1% | Score: 99.3

NegGrad+ Unlearning Epoch 27/40
Loss - Total: -6796.033 | Forget: 13597.520 | Retain: 5.453
Validation - Forget: 0.5% | Retain: 20.3% | 10-49: 20.3% | Score: 99.5

NegGrad+ Unlearning Epoch 28/40
Loss - Total: -7487.214 | Forget: 14981.473 | Retain: 7.046
Validation - Forget: 0.7% | Retain: 19.3% | 10-49: 19.3% | Score: 99.3

NegGrad+ Unlearning Epoch 29/40
Loss - Total: -8191.642 | Forget: 16388.081 | Retain: 4.798
Validation - Forget: 0.8% | Retain: 18.5% | 10-49: 18.5% | Score: 99.2

NegGrad+ Unlearning Epoch 30/40
Loss - Total: -8923.053 | Forget: 17856.771 | Retain: 10.665
Validation - Forget: 0.8% | Retain: 18.7% | 10-49: 18.7% | Score: 99.2

NegGrad+ Unlearning Epoch 31/40
Loss - Total: -9533.740 | Forget: 19074.069 | Retain: 6.589
Validation - Forget: 0.8% | Retain: 16.5% | 10-49: 16.5% | Score: 99.2

NegGrad+ Unlearning Epoch 32/40
Loss - Total: -10319.679 | Forget: 20645.866 | Retain: 6.508
Validation - Forget: 1.1% | Retain: 14.9% | 10-49: 14.9% | Score: 98.9

NegGrad+ Unlearning Epoch 33/40
Loss - Total: -11123.829 | Forget: 22256.790 | Retain: 9.133
Validation - Forget: 0.5% | Retain: 17.9% | 10-49: 17.9% | Score: 99.5

NegGrad+ Unlearning Epoch 34/40
Loss - Total: -11924.824 | Forget: 23858.831 | Retain: 9.182
Validation - Forget: 1.2% | Retain: 14.5% | 10-49: 14.5% | Score: 98.8

NegGrad+ Unlearning Epoch 35/40
Loss - Total: -12737.262 | Forget: 25485.132 | Retain: 10.607
Validation - Forget: 0.7% | Retain: 12.0% | 10-49: 12.0% | Score: 99.3

NegGrad+ Unlearning Epoch 36/40
Loss - Total: -13496.586 | Forget: 27008.748 | Retain: 15.576
Validation - Forget: 0.9% | Retain: 16.0% | 10-49: 16.0% | Score: 99.1

NegGrad+ Unlearning Epoch 37/40
Loss - Total: -14283.268 | Forget: 28576.063 | Retain: 9.526
Validation - Forget: 0.8% | Retain: 13.1% | 10-49: 13.1% | Score: 99.2

NegGrad+ Unlearning Epoch 38/40
Loss - Total: -15126.015 | Forget: 30262.428 | Retain: 10.398
Validation - Forget: 1.1% | Retain: 14.5% | 10-49: 14.5% | Score: 98.9

NegGrad+ Unlearning Epoch 39/40
Loss - Total: -15998.952 | Forget: 32009.137 | Retain: 11.233
Validation - Forget: 1.1% | Retain: 11.8% | 10-49: 11.8% | Score: 98.9

NegGrad+ Unlearning Epoch 40/40
Loss - Total: -16817.841 | Forget: 33647.083 | Retain: 11.402
Validation - Forget: 1.1% | Retain: 12.2% | 10-49: 12.2% | Score: 98.9

✓ Loaded best unlearned model (Score: 128.0)

Initial validation before ER-ACE learning:
Validation - Retain: 85.9% | 10-59: 68.7%
ER-ACE Learning: Adding classes [50, 51, 52, 53, 54, 55, 56, 57, 58, 59]

ER-ACE Learning Epoch 1/5
Validation - Loss: 1.7098 | New: 84.0% | Retain: 84.7% | 10-59: 71.2% | Score: 84.3
★ New best model! Score: 84.3

ER-ACE Learning Epoch 2/5
Validation - Loss: 0.7215 | New: 89.3% | Retain: 82.5% | 10-59: 70.5% | Score: 86.6
★ New best model! Score: 86.6

ER-ACE Learning Epoch 3/5
Validation - Loss: 0.4138 | New: 92.3% | Retain: 82.5% | 10-59: 70.5% | Score: 88.4
★ New best model! Score: 88.4

ER-ACE Learning Epoch 4/5
Validation - Loss: 0.3008 | New: 92.8% | Retain: 82.8% | 10-59: 71.0% | Score: 88.8
★ New best model! Score: 88.8

ER-ACE Learning Epoch 5/5
Validation - Loss: 0.2267 | New: 94.5% | Retain: 82.2% | 10-59: 70.4% | Score: 89.6
★ New best model! Score: 89.6

✓ Loaded best learned model (Score: 89.6)
Saved checkpoint: steps_ace_neggrad/step1.pth
Final accuracy on classes 10-59: 70.40%

================================================================================
Step 2: 10-59 -> 20-69
================================================================================

Initial validation before NegGrad+ unlearning:
Validation - Forget: 82.4% | Retain: 67.4% | 20-69: 53.9%
NegGrad+ Unlearning (β=0.5): Forget [10, 11, 12, 13, 14, 15, 16, 17, 18, 19], Retain [20, 21, 22, 23, 24, 25, 26, 27, 28, 29, 30, 31, 32, 33, 34, 35, 36, 37, 38, 39, 40, 41, 42, 43, 44, 45, 46, 47, 48, 49, 50, 51, 52, 53, 54, 55, 56, 57, 58, 59]

NegGrad+ Unlearning Epoch 1/40
Loss - Total: -1.573 | Forget: 4.699 | Retain: 1.553
Validation - Forget: 9.3% | Retain: 51.4% | 20-59: 51.4% | Score: 101.4
★ New best model! Score: 101.4

NegGrad+ Unlearning Epoch 2/40
Loss - Total: -8.894 | Forget: 20.769 | Retain: 2.981
Validation - Forget: 10.0% | Retain: 43.6% | 20-59: 43.6% | Score: 96.8

NegGrad+ Unlearning Epoch 3/40
Loss - Total: -18.806 | Forget: 42.193 | Retain: 4.582
Validation - Forget: 10.0% | Retain: 47.2% | 20-59: 47.2% | Score: 98.6

NegGrad+ Unlearning Epoch 4/40
Loss - Total: -29.881 | Forget: 64.022 | Retain: 4.260
Validation - Forget: 10.0% | Retain: 44.7% | 20-59: 44.7% | Score: 97.4

NegGrad+ Unlearning Epoch 5/40
Loss - Total: -40.429 | Forget: 84.459 | Retain: 3.602
Validation - Forget: 9.6% | Retain: 53.5% | 20-59: 53.5% | Score: 102.1
★ New best model! Score: 102.1

NegGrad+ Unlearning Epoch 6/40
Loss - Total: -50.579 | Forget: 104.806 | Retain: 3.648
Validation - Forget: 8.8% | Retain: 57.5% | 20-59: 57.5% | Score: 104.9
★ New best model! Score: 104.9

NegGrad+ Unlearning Epoch 7/40
Loss - Total: -62.920 | Forget: 129.190 | Retain: 3.350
Validation - Forget: 6.9% | Retain: 56.5% | 20-59: 56.5% | Score: 106.3
★ New best model! Score: 106.3

NegGrad+ Unlearning Epoch 8/40
Loss - Total: -74.756 | Forget: 152.625 | Retain: 3.113
Validation - Forget: 4.8% | Retain: 58.2% | 20-59: 58.2% | Score: 109.3
★ New best model! Score: 109.3

NegGrad+ Unlearning Epoch 9/40
Loss - Total: -85.361 | Forget: 174.078 | Retain: 3.355
Validation - Forget: 5.7% | Retain: 52.1% | 20-59: 52.1% | Score: 105.3

NegGrad+ Unlearning Epoch 10/40
Loss - Total: -93.220 | Forget: 190.848 | Retain: 4.408
Validation - Forget: 1.7% | Retain: 59.2% | 20-59: 59.2% | Score: 112.8
★ New best model! Score: 112.8

NegGrad+ Unlearning Epoch 11/40
Loss - Total: -99.853 | Forget: 204.182 | Retain: 4.476
Validation - Forget: 3.1% | Retain: 58.5% | 20-59: 58.5% | Score: 111.2

NegGrad+ Unlearning Epoch 12/40
Loss - Total: -107.812 | Forget: 220.065 | Retain: 4.440
Validation - Forget: 2.9% | Retain: 54.2% | 20-59: 54.2% | Score: 109.1

NegGrad+ Unlearning Epoch 13/40
Loss - Total: -117.940 | Forget: 239.686 | Retain: 3.807
Validation - Forget: 1.5% | Retain: 49.5% | 20-59: 49.5% | Score: 108.3

NegGrad+ Unlearning Epoch 14/40
Loss - Total: -132.977 | Forget: 269.621 | Retain: 3.667
Validation - Forget: 1.7% | Retain: 55.1% | 20-59: 55.1% | Score: 110.8

NegGrad+ Unlearning Epoch 15/40
Loss - Total: -149.175 | Forget: 302.177 | Retain: 3.826
Validation - Forget: 1.5% | Retain: 58.1% | 20-59: 58.1% | Score: 112.6

NegGrad+ Unlearning Epoch 16/40
Loss - Total: -169.755 | Forget: 343.133 | Retain: 3.623
Validation - Forget: 1.3% | Retain: 52.7% | 20-59: 52.7% | Score: 110.0

NegGrad+ Unlearning Epoch 17/40
Loss - Total: -187.260 | Forget: 379.384 | Retain: 4.864
Validation - Forget: 1.5% | Retain: 55.3% | 20-59: 55.3% | Score: 111.2

NegGrad+ Unlearning Epoch 18/40
Loss - Total: -210.372 | Forget: 425.336 | Retain: 4.592
Validation - Forget: 1.3% | Retain: 50.4% | 20-59: 50.4% | Score: 108.9

NegGrad+ Unlearning Epoch 19/40
Loss - Total: -241.341 | Forget: 488.473 | Retain: 5.790
Validation - Forget: 1.3% | Retain: 55.4% | 20-59: 55.4% | Score: 111.4

NegGrad+ Unlearning Epoch 20/40
Loss - Total: -276.534 | Forget: 559.699 | Retain: 6.632
Validation - Forget: 1.9% | Retain: 56.0% | 20-59: 56.0% | Score: 111.2

NegGrad+ Unlearning Epoch 21/40
Loss - Total: -314.766 | Forget: 637.287 | Retain: 7.755
Validation - Forget: 1.7% | Retain: 57.2% | 20-59: 57.2% | Score: 111.8

NegGrad+ Unlearning Epoch 22/40
Loss - Total: -366.064 | Forget: 738.372 | Retain: 6.243
Validation - Forget: 2.5% | Retain: 50.1% | 20-59: 50.1% | Score: 107.5

NegGrad+ Unlearning Epoch 23/40
Loss - Total: -454.230 | Forget: 916.179 | Retain: 7.718
Validation - Forget: 1.6% | Retain: 50.0% | 20-59: 50.0% | Score: 108.4

NegGrad+ Unlearning Epoch 24/40
Loss - Total: -557.745 | Forget: 1125.636 | Retain: 10.146
Validation - Forget: 1.1% | Retain: 45.2% | 20-59: 45.2% | Score: 106.5

NegGrad+ Unlearning Epoch 25/40
Loss - Total: -695.092 | Forget: 1400.198 | Retain: 10.013
Validation - Forget: 1.7% | Retain: 44.0% | 20-59: 44.0% | Score: 105.3

NegGrad+ Unlearning Epoch 26/40
Loss - Total: -848.529 | Forget: 1710.354 | Retain: 13.295
Validation - Forget: 1.7% | Retain: 40.9% | 20-59: 40.9% | Score: 103.7

NegGrad+ Unlearning Epoch 27/40
Loss - Total: -1053.103 | Forget: 2119.810 | Retain: 13.605
Validation - Forget: 1.5% | Retain: 38.6% | 20-59: 38.6% | Score: 102.8

NegGrad+ Unlearning Epoch 28/40
Loss - Total: -1325.351 | Forget: 2666.640 | Retain: 15.937
Validation - Forget: 1.5% | Retain: 37.5% | 20-59: 37.5% | Score: 102.3

NegGrad+ Unlearning Epoch 29/40
Loss - Total: -1646.290 | Forget: 3312.338 | Retain: 19.759
Validation - Forget: 1.2% | Retain: 32.8% | 20-59: 32.8% | Score: 100.2

NegGrad+ Unlearning Epoch 30/40
Loss - Total: -1997.155 | Forget: 4018.159 | Retain: 23.849
Validation - Forget: 1.1% | Retain: 32.2% | 20-59: 32.2% | Score: 100.1

NegGrad+ Unlearning Epoch 31/40
Loss - Total: -2399.052 | Forget: 4827.271 | Retain: 29.167
Validation - Forget: 1.3% | Retain: 28.7% | 20-59: 28.7% | Score: 98.7

NegGrad+ Unlearning Epoch 32/40
Loss - Total: -2840.132 | Forget: 5717.347 | Retain: 37.083
Validation - Forget: 1.5% | Retain: 28.3% | 20-59: 28.3% | Score: 98.5

NegGrad+ Unlearning Epoch 33/40
Loss - Total: -3278.765 | Forget: 6604.577 | Retain: 47.046
Validation - Forget: 1.2% | Retain: 27.0% | 20-59: 27.0% | Score: 98.8

NegGrad+ Unlearning Epoch 34/40
Loss - Total: -3790.679 | Forget: 7630.789 | Retain: 49.432
Validation - Forget: 1.2% | Retain: 23.4% | 20-59: 23.4% | Score: 98.8

NegGrad+ Unlearning Epoch 35/40
Loss - Total: -4376.338 | Forget: 8809.585 | Retain: 56.909
Validation - Forget: 1.3% | Retain: 20.5% | 20-59: 20.5% | Score: 98.7

NegGrad+ Unlearning Epoch 36/40
Loss - Total: -4947.727 | Forget: 9964.865 | Retain: 69.411
Validation - Forget: 1.1% | Retain: 19.9% | 20-59: 19.9% | Score: 98.9

NegGrad+ Unlearning Epoch 37/40
Loss - Total: -5559.860 | Forget: 11191.061 | Retain: 71.340
Validation - Forget: 1.5% | Retain: 21.4% | 20-59: 21.4% | Score: 98.5

NegGrad+ Unlearning Epoch 38/40
Loss - Total: -6177.398 | Forget: 12441.423 | Retain: 86.627
Validation - Forget: 1.6% | Retain: 18.9% | 20-59: 18.9% | Score: 98.4

NegGrad+ Unlearning Epoch 39/40
Loss - Total: -6753.539 | Forget: 13588.316 | Retain: 81.238
Validation - Forget: 1.7% | Retain: 15.9% | 20-59: 15.9% | Score: 98.3

NegGrad+ Unlearning Epoch 40/40
Loss - Total: -7300.081 | Forget: 14682.289 | Retain: 82.128
Validation - Forget: 1.7% | Retain: 16.5% | 20-59: 16.5% | Score: 98.3

✓ Loaded best unlearned model (Score: 112.8)

Initial validation before ER-ACE learning:
Validation - Retain: 69.3% | 20-69: 47.3%
ER-ACE Learning: Adding classes [60, 61, 62, 63, 64, 65, 66, 67, 68, 69]

ER-ACE Learning Epoch 1/5
Validation - Loss: 2.5636 | New: 60.8% | Retain: 77.3% | 20-69: 57.6% | Score: 67.4
★ New best model! Score: 67.4

ER-ACE Learning Epoch 2/5
Validation - Loss: 1.6227 | New: 69.2% | Retain: 77.1% | 20-69: 59.0% | Score: 72.4
★ New best model! Score: 72.4

ER-ACE Learning Epoch 3/5
Validation - Loss: 1.0892 | New: 75.9% | Retain: 78.3% | 20-69: 58.8% | Score: 76.8
★ New best model! Score: 76.8

ER-ACE Learning Epoch 4/5
Validation - Loss: 0.8385 | New: 79.2% | Retain: 78.1% | 20-69: 58.4% | Score: 78.7
★ New best model! Score: 78.7

ER-ACE Learning Epoch 5/5
Validation - Loss: 0.6720 | New: 82.3% | Retain: 77.9% | 20-69: 57.8% | Score: 80.5
★ New best model! Score: 80.5

✓ Loaded best learned model (Score: 80.5)
Saved checkpoint: steps_ace_neggrad/step2.pth
Final accuracy on classes 20-69: 63.81%

================================================================================
Step 3: 20-69 -> 30-79
================================================================================

Initial validation before NegGrad+ unlearning:
Validation - Forget: 69.2% | Retain: 55.0% | 30-79: 44.0%
NegGrad+ Unlearning (β=0.5): Forget [20, 21, 22, 23, 24, 25, 26, 27, 28, 29], Retain [30, 31, 32, 33, 34, 35, 36, 37, 38, 39, 40, 41, 42, 43, 44, 45, 46, 47, 48, 49, 50, 51, 52, 53, 54, 55, 56, 57, 58, 59, 60, 61, 62, 63, 64, 65, 66, 67, 68, 69]

NegGrad+ Unlearning Epoch 1/40
Loss - Total: -7.542 | Forget: 32.351 | Retain: 17.267
Validation - Forget: 0.0% | Retain: 12.9% | 30-69: 12.9% | Score: 100.0
★ New best model! Score: 100.0

NegGrad+ Unlearning Epoch 2/40
Loss - Total: -55.574 | Forget: 158.489 | Retain: 47.341
Validation - Forget: 0.0% | Retain: 37.3% | 30-69: 37.3% | Score: 103.7
★ New best model! Score: 103.7

NegGrad+ Unlearning Epoch 3/40
Loss - Total: -77.280 | Forget: 178.090 | Retain: 23.530
Validation - Forget: 0.0% | Retain: 42.6% | 30-69: 42.6% | Score: 106.3
★ New best model! Score: 106.3

NegGrad+ Unlearning Epoch 4/40
Loss - Total: -87.894 | Forget: 191.618 | Retain: 15.830
Validation - Forget: 0.0% | Retain: 43.5% | 30-69: 43.5% | Score: 106.7
★ New best model! Score: 106.7

NegGrad+ Unlearning Epoch 5/40
Loss - Total: -95.887 | Forget: 204.205 | Retain: 12.430
Validation - Forget: 0.0% | Retain: 43.1% | 30-69: 43.1% | Score: 106.5

NegGrad+ Unlearning Epoch 6/40
Loss - Total: -103.131 | Forget: 217.018 | Retain: 10.756
Validation - Forget: 0.0% | Retain: 42.0% | 30-69: 42.0% | Score: 106.0

NegGrad+ Unlearning Epoch 7/40
Loss - Total: -108.698 | Forget: 229.047 | Retain: 11.651
Validation - Forget: 0.0% | Retain: 42.8% | 30-69: 42.8% | Score: 106.4

NegGrad+ Unlearning Epoch 8/40
Loss - Total: -115.209 | Forget: 240.940 | Retain: 10.522
Validation - Forget: 0.0% | Retain: 42.9% | 30-69: 42.9% | Score: 106.5

NegGrad+ Unlearning Epoch 9/40
Loss - Total: -125.107 | Forget: 258.474 | Retain: 8.260
Validation - Forget: 0.0% | Retain: 47.9% | 30-69: 47.9% | Score: 109.0
★ New best model! Score: 109.0

NegGrad+ Unlearning Epoch 10/40
Loss - Total: -140.330 | Forget: 288.770 | Retain: 8.111
Validation - Forget: 0.0% | Retain: 46.2% | 30-69: 46.2% | Score: 108.1

NegGrad+ Unlearning Epoch 11/40
Loss - Total: -158.643 | Forget: 326.009 | Retain: 8.723
Validation - Forget: 0.0% | Retain: 48.0% | 30-69: 48.0% | Score: 109.0
★ New best model! Score: 109.0

NegGrad+ Unlearning Epoch 12/40
Loss - Total: -177.020 | Forget: 362.655 | Retain: 8.615
Validation - Forget: 0.0% | Retain: 50.2% | 30-69: 50.2% | Score: 110.1
★ New best model! Score: 110.1

NegGrad+ Unlearning Epoch 13/40
Loss - Total: -203.826 | Forget: 417.072 | Retain: 9.421
Validation - Forget: 0.0% | Retain: 51.7% | 30-69: 51.7% | Score: 110.8
★ New best model! Score: 110.8

NegGrad+ Unlearning Epoch 14/40
Loss - Total: -236.075 | Forget: 482.178 | Retain: 10.029
Validation - Forget: 0.0% | Retain: 48.9% | 30-69: 48.9% | Score: 109.5

NegGrad+ Unlearning Epoch 15/40
Loss - Total: -266.302 | Forget: 543.942 | Retain: 11.337
Validation - Forget: 0.0% | Retain: 52.3% | 30-69: 52.3% | Score: 111.2
★ New best model! Score: 111.2

NegGrad+ Unlearning Epoch 16/40
Loss - Total: -312.878 | Forget: 638.263 | Retain: 12.507
Validation - Forget: 0.0% | Retain: 49.8% | 30-69: 49.8% | Score: 109.9

NegGrad+ Unlearning Epoch 17/40
Loss - Total: -370.976 | Forget: 756.463 | Retain: 14.511
Validation - Forget: 0.0% | Retain: 49.3% | 30-69: 49.3% | Score: 109.7

NegGrad+ Unlearning Epoch 18/40
Loss - Total: -440.479 | Forget: 895.743 | Retain: 14.785
Validation - Forget: 0.0% | Retain: 50.7% | 30-69: 50.7% | Score: 110.4

NegGrad+ Unlearning Epoch 19/40
Loss - Total: -512.349 | Forget: 1042.962 | Retain: 18.265
Validation - Forget: 0.0% | Retain: 50.2% | 30-69: 50.2% | Score: 110.1

NegGrad+ Unlearning Epoch 20/40
Loss - Total: -579.311 | Forget: 1176.284 | Retain: 17.662
Validation - Forget: 0.0% | Retain: 47.8% | 30-69: 47.8% | Score: 108.9

NegGrad+ Unlearning Epoch 21/40
Loss - Total: -682.906 | Forget: 1385.887 | Retain: 20.075
Validation - Forget: 0.0% | Retain: 49.5% | 30-69: 49.5% | Score: 109.8

NegGrad+ Unlearning Epoch 22/40
Loss - Total: -822.030 | Forget: 1667.404 | Retain: 23.345
Validation - Forget: 0.0% | Retain: 44.3% | 30-69: 44.3% | Score: 107.1

NegGrad+ Unlearning Epoch 23/40
Loss - Total: -955.020 | Forget: 1934.277 | Retain: 24.236
Validation - Forget: 0.1% | Retain: 44.6% | 30-69: 44.6% | Score: 107.1

NegGrad+ Unlearning Epoch 24/40
Loss - Total: -1146.342 | Forget: 2320.143 | Retain: 27.459
Validation - Forget: 0.0% | Retain: 40.8% | 30-69: 40.8% | Score: 105.4

NegGrad+ Unlearning Epoch 25/40
Loss - Total: -1368.935 | Forget: 2769.328 | Retain: 31.458
Validation - Forget: 0.0% | Retain: 43.6% | 30-69: 43.6% | Score: 106.8

NegGrad+ Unlearning Epoch 26/40
Loss - Total: -1635.518 | Forget: 3307.795 | Retain: 36.759
Validation - Forget: 0.3% | Retain: 40.6% | 30-69: 40.6% | Score: 105.0

NegGrad+ Unlearning Epoch 27/40
Loss - Total: -1921.564 | Forget: 3892.338 | Retain: 49.211
Validation - Forget: 0.3% | Retain: 35.4% | 30-69: 35.4% | Score: 102.4

NegGrad+ Unlearning Epoch 28/40
Loss - Total: -2198.548 | Forget: 4448.043 | Retain: 50.946
Validation - Forget: 0.4% | Retain: 37.7% | 30-69: 37.7% | Score: 103.5

NegGrad+ Unlearning Epoch 29/40
Loss - Total: -2536.029 | Forget: 5125.958 | Retain: 53.901
Validation - Forget: 0.1% | Retain: 36.5% | 30-69: 36.5% | Score: 103.1

NegGrad+ Unlearning Epoch 30/40
Loss - Total: -2939.449 | Forget: 5939.202 | Retain: 60.305
Validation - Forget: 0.1% | Retain: 33.4% | 30-69: 33.4% | Score: 101.5

NegGrad+ Unlearning Epoch 31/40
Loss - Total: -3416.041 | Forget: 6903.829 | Retain: 71.747
Validation - Forget: 0.1% | Retain: 28.7% | 30-69: 28.7% | Score: 99.9

NegGrad+ Unlearning Epoch 32/40
Loss - Total: -3928.747 | Forget: 7927.678 | Retain: 70.183
Validation - Forget: 0.1% | Retain: 32.5% | 30-69: 32.5% | Score: 101.1

NegGrad+ Unlearning Epoch 33/40
Loss - Total: -4486.330 | Forget: 9047.987 | Retain: 75.326
Validation - Forget: 0.0% | Retain: 28.0% | 30-69: 28.0% | Score: 100.0

NegGrad+ Unlearning Epoch 34/40
Loss - Total: -5029.721 | Forget: 10154.344 | Retain: 94.901
Validation - Forget: 0.1% | Retain: 20.8% | 30-69: 20.8% | Score: 99.9

NegGrad+ Unlearning Epoch 35/40
Loss - Total: -5640.236 | Forget: 11386.959 | Retain: 106.487
Validation - Forget: 0.0% | Retain: 28.1% | 30-69: 28.1% | Score: 100.0

NegGrad+ Unlearning Epoch 36/40
Loss - Total: -6302.978 | Forget: 12725.052 | Retain: 119.095
Validation - Forget: 0.1% | Retain: 26.2% | 30-69: 26.2% | Score: 99.9

NegGrad+ Unlearning Epoch 37/40
Loss - Total: -7037.429 | Forget: 14186.213 | Retain: 111.355
Validation - Forget: 0.0% | Retain: 23.1% | 30-69: 23.1% | Score: 100.0

NegGrad+ Unlearning Epoch 38/40
Loss - Total: -7658.255 | Forget: 15482.582 | Retain: 166.072
Validation - Forget: 0.0% | Retain: 22.2% | 30-69: 22.2% | Score: 100.0

NegGrad+ Unlearning Epoch 39/40
Loss - Total: -8204.529 | Forget: 16549.580 | Retain: 140.523
Validation - Forget: 0.0% | Retain: 22.7% | 30-69: 22.7% | Score: 100.0

NegGrad+ Unlearning Epoch 40/40
Loss - Total: -8896.465 | Forget: 17980.501 | Retain: 187.571
Validation - Forget: 0.1% | Retain: 22.9% | 30-69: 22.9% | Score: 99.9

✓ Loaded best unlearned model (Score: 111.2)

Initial validation before ER-ACE learning:
Validation - Retain: 56.8% | 30-79: 41.8%
ER-ACE Learning: Adding classes [70, 71, 72, 73, 74, 75, 76, 77, 78, 79]

ER-ACE Learning Epoch 1/5
Validation - Loss: 2.9236 | New: 59.3% | Retain: 66.1% | 30-79: 48.9% | Score: 62.0
★ New best model! Score: 62.0

ER-ACE Learning Epoch 2/5
Validation - Loss: 1.8935 | New: 65.7% | Retain: 68.4% | 30-79: 51.0% | Score: 66.8
★ New best model! Score: 66.8

ER-ACE Learning Epoch 3/5
Validation - Loss: 1.3586 | New: 74.4% | Retain: 68.7% | 30-79: 50.7% | Score: 72.1
★ New best model! Score: 72.1

ER-ACE Learning Epoch 4/5
Validation - Loss: 1.0473 | New: 80.0% | Retain: 69.9% | 30-79: 51.1% | Score: 75.9
★ New best model! Score: 75.9

ER-ACE Learning Epoch 5/5
Validation - Loss: 0.8396 | New: 81.6% | Retain: 69.9% | 30-79: 50.5% | Score: 76.9
★ New best model! Score: 76.9

✓ Loaded best learned model (Score: 76.9)
Saved checkpoint: steps_ace_neggrad/step3.pth
Final accuracy on classes 30-79: 56.03%

================================================================================
Step 4: 30-79 -> 40-89
================================================================================

Initial validation before NegGrad+ unlearning:
Validation - Forget: 72.4% | Retain: 45.1% | 40-89: 36.1%
NegGrad+ Unlearning (β=0.5): Forget [30, 31, 32, 33, 34, 35, 36, 37, 38, 39], Retain [40, 41, 42, 43, 44, 45, 46, 47, 48, 49, 50, 51, 52, 53, 54, 55, 56, 57, 58, 59, 60, 61, 62, 63, 64, 65, 66, 67, 68, 69, 70, 71, 72, 73, 74, 75, 76, 77, 78, 79]

NegGrad+ Unlearning Epoch 1/40
Loss - Total: -3.599 | Forget: 16.171 | Retain: 8.973
Validation - Forget: 0.0% | Retain: 21.8% | 40-79: 21.8% | Score: 100.0
★ New best model! Score: 100.0

NegGrad+ Unlearning Epoch 2/40
Loss - Total: -22.164 | Forget: 57.676 | Retain: 13.347
Validation - Forget: 0.0% | Retain: 27.6% | 40-79: 27.6% | Score: 100.0

NegGrad+ Unlearning Epoch 3/40
Loss - Total: -41.692 | Forget: 97.634 | Retain: 14.250
Validation - Forget: 0.0% | Retain: 27.9% | 40-79: 27.9% | Score: 100.0

NegGrad+ Unlearning Epoch 4/40
Loss - Total: -61.761 | Forget: 137.062 | Retain: 13.539
Validation - Forget: 0.0% | Retain: 27.6% | 40-79: 27.6% | Score: 100.0

NegGrad+ Unlearning Epoch 5/40
Loss - Total: -81.775 | Forget: 177.860 | Retain: 14.311
Validation - Forget: 0.0% | Retain: 29.3% | 40-79: 29.3% | Score: 100.0

NegGrad+ Unlearning Epoch 6/40
Loss - Total: -103.204 | Forget: 221.704 | Retain: 15.296
Validation - Forget: 0.0% | Retain: 31.7% | 40-79: 31.7% | Score: 100.8
★ New best model! Score: 100.8

NegGrad+ Unlearning Epoch 7/40
Loss - Total: -122.717 | Forget: 262.466 | Retain: 17.031
Validation - Forget: 0.0% | Retain: 32.1% | 40-79: 32.1% | Score: 101.0
★ New best model! Score: 101.0

NegGrad+ Unlearning Epoch 8/40
Loss - Total: -144.247 | Forget: 306.861 | Retain: 18.366
Validation - Forget: 0.0% | Retain: 33.0% | 40-79: 33.0% | Score: 101.5
★ New best model! Score: 101.5

NegGrad+ Unlearning Epoch 9/40
Loss - Total: -172.032 | Forget: 361.498 | Retain: 17.435
Validation - Forget: 0.0% | Retain: 34.4% | 40-79: 34.4% | Score: 102.2
★ New best model! Score: 102.2

NegGrad+ Unlearning Epoch 10/40
Loss - Total: -207.987 | Forget: 432.836 | Retain: 16.863
Validation - Forget: 0.0% | Retain: 35.6% | 40-79: 35.6% | Score: 102.8
★ New best model! Score: 102.8

NegGrad+ Unlearning Epoch 11/40
Loss - Total: -244.084 | Forget: 507.647 | Retain: 19.479
Validation - Forget: 0.0% | Retain: 37.8% | 40-79: 37.8% | Score: 103.9
★ New best model! Score: 103.9

NegGrad+ Unlearning Epoch 12/40
Loss - Total: -290.272 | Forget: 600.754 | Retain: 20.211
Validation - Forget: 0.0% | Retain: 37.3% | 40-79: 37.3% | Score: 103.6

NegGrad+ Unlearning Epoch 13/40
Loss - Total: -344.176 | Forget: 714.629 | Retain: 26.276
Validation - Forget: 0.0% | Retain: 34.0% | 40-79: 34.0% | Score: 102.0

NegGrad+ Unlearning Epoch 14/40
Loss - Total: -402.173 | Forget: 831.553 | Retain: 27.207
Validation - Forget: 0.1% | Retain: 36.9% | 40-79: 36.9% | Score: 103.3

NegGrad+ Unlearning Epoch 15/40
Loss - Total: -470.772 | Forget: 973.279 | Retain: 31.736
Validation - Forget: 0.0% | Retain: 32.1% | 40-79: 32.1% | Score: 101.1

NegGrad+ Unlearning Epoch 16/40
Loss - Total: -544.033 | Forget: 1123.563 | Retain: 35.497
Validation - Forget: 0.0% | Retain: 34.3% | 40-79: 34.3% | Score: 102.1

NegGrad+ Unlearning Epoch 17/40
Loss - Total: -613.595 | Forget: 1269.831 | Retain: 42.642
Validation - Forget: 0.0% | Retain: 35.6% | 40-79: 35.6% | Score: 102.8

NegGrad+ Unlearning Epoch 18/40
Loss - Total: -691.556 | Forget: 1421.735 | Retain: 38.624
Validation - Forget: 0.0% | Retain: 34.6% | 40-79: 34.6% | Score: 102.3

NegGrad+ Unlearning Epoch 19/40
Loss - Total: -811.593 | Forget: 1670.433 | Retain: 47.247
Validation - Forget: 0.1% | Retain: 36.2% | 40-79: 36.2% | Score: 102.9

NegGrad+ Unlearning Epoch 20/40
Loss - Total: -932.299 | Forget: 1913.546 | Retain: 48.947
Validation - Forget: 0.0% | Retain: 33.8% | 40-79: 33.8% | Score: 101.9

NegGrad+ Unlearning Epoch 21/40
Loss - Total: -1097.856 | Forget: 2252.531 | Retain: 56.820
Validation - Forget: 0.0% | Retain: 31.3% | 40-79: 31.3% | Score: 100.7

NegGrad+ Unlearning Epoch 22/40
Loss - Total: -1256.332 | Forget: 2584.111 | Retain: 71.447
Validation - Forget: 0.3% | Retain: 27.3% | 40-79: 27.3% | Score: 99.7

NegGrad+ Unlearning Epoch 23/40
Loss - Total: -1405.022 | Forget: 2886.157 | Retain: 76.113
Validation - Forget: 0.0% | Retain: 29.6% | 40-79: 29.6% | Score: 100.0

NegGrad+ Unlearning Epoch 24/40
Loss - Total: -1515.254 | Forget: 3118.039 | Retain: 87.531
Validation - Forget: 0.0% | Retain: 18.7% | 40-79: 18.7% | Score: 100.0

NegGrad+ Unlearning Epoch 25/40
Loss - Total: -1609.675 | Forget: 3295.507 | Retain: 76.157
Validation - Forget: 0.0% | Retain: 30.3% | 40-79: 30.3% | Score: 100.1

NegGrad+ Unlearning Epoch 26/40
Loss - Total: -1729.952 | Forget: 3536.687 | Retain: 76.782
Validation - Forget: 0.1% | Retain: 32.8% | 40-79: 32.8% | Score: 101.2

NegGrad+ Unlearning Epoch 27/40
Loss - Total: -1896.479 | Forget: 3886.281 | Retain: 93.323
Validation - Forget: 0.0% | Retain: 19.5% | 40-79: 19.5% | Score: 100.0

NegGrad+ Unlearning Epoch 28/40
Loss - Total: -2074.458 | Forget: 4242.348 | Retain: 93.432
Validation - Forget: 0.0% | Retain: 23.1% | 40-79: 23.1% | Score: 100.0

NegGrad+ Unlearning Epoch 29/40
Loss - Total: -2286.485 | Forget: 4673.003 | Retain: 100.032
Validation - Forget: 0.0% | Retain: 19.5% | 40-79: 19.5% | Score: 100.0

NegGrad+ Unlearning Epoch 30/40
Loss - Total: -2487.659 | Forget: 5086.384 | Retain: 111.066
Validation - Forget: 0.0% | Retain: 28.0% | 40-79: 28.0% | Score: 100.0

NegGrad+ Unlearning Epoch 31/40
Loss - Total: -2731.936 | Forget: 5574.690 | Retain: 110.819
Validation - Forget: 0.1% | Retain: 10.6% | 40-79: 10.6% | Score: 99.9

NegGrad+ Unlearning Epoch 32/40
Loss - Total: -3029.117 | Forget: 6195.256 | Retain: 137.022
Validation - Forget: 0.0% | Retain: 19.5% | 40-79: 19.5% | Score: 100.0

NegGrad+ Unlearning Epoch 33/40
Loss - Total: -3274.039 | Forget: 6689.466 | Retain: 141.387
Validation - Forget: 0.0% | Retain: 28.1% | 40-79: 28.1% | Score: 100.0

NegGrad+ Unlearning Epoch 34/40
Loss - Total: -3602.149 | Forget: 7353.809 | Retain: 149.511
Validation - Forget: 0.0% | Retain: 12.6% | 40-79: 12.6% | Score: 100.0

NegGrad+ Unlearning Epoch 35/40
Loss - Total: -3930.717 | Forget: 8020.724 | Retain: 159.290
Validation - Forget: 0.0% | Retain: 21.0% | 40-79: 21.0% | Score: 100.0

NegGrad+ Unlearning Epoch 36/40
Loss - Total: -4218.788 | Forget: 8604.527 | Retain: 166.951
Validation - Forget: 0.1% | Retain: 17.7% | 40-79: 17.7% | Score: 99.9

NegGrad+ Unlearning Epoch 37/40
Loss - Total: -4518.319 | Forget: 9212.041 | Retain: 175.402
Validation - Forget: 0.0% | Retain: 22.8% | 40-79: 22.8% | Score: 100.0

NegGrad+ Unlearning Epoch 38/40
Loss - Total: -5096.250 | Forget: 10378.180 | Retain: 185.680
Validation - Forget: 0.0% | Retain: 23.7% | 40-79: 23.7% | Score: 100.0

NegGrad+ Unlearning Epoch 39/40
Loss - Total: -5741.163 | Forget: 11696.113 | Retain: 213.787
Validation - Forget: 0.0% | Retain: 19.8% | 40-79: 19.8% | Score: 100.0

NegGrad+ Unlearning Epoch 40/40
Loss - Total: -6396.413 | Forget: 13022.224 | Retain: 229.397
Validation - Forget: 0.0% | Retain: 23.3% | 40-79: 23.3% | Score: 100.0

✓ Loaded best unlearned model (Score: 103.9)

Initial validation before ER-ACE learning:
Validation - Retain: 43.3% | 40-89: 30.2%
ER-ACE Learning: Adding classes [80, 81, 82, 83, 84, 85, 86, 87, 88, 89]

ER-ACE Learning Epoch 1/5
Validation - Loss: 3.3158 | New: 55.3% | Retain: 55.9% | 40-89: 13.2% | Score: 55.6
★ New best model! Score: 55.6

ER-ACE Learning Epoch 2/5
Validation - Loss: 2.2281 | New: 63.7% | Retain: 59.9% | 40-89: 9.7% | Score: 62.2
★ New best model! Score: 62.2

ER-ACE Learning Epoch 3/5
Validation - Loss: 1.5989 | New: 72.5% | Retain: 62.2% | 40-89: 11.9% | Score: 68.4
★ New best model! Score: 68.4

ER-ACE Learning Epoch 4/5
Validation - Loss: 1.1863 | New: 78.5% | Retain: 62.4% | 40-89: 14.1% | Score: 72.1
★ New best model! Score: 72.1

ER-ACE Learning Epoch 5/5
Validation - Loss: 0.8762 | New: 81.7% | Retain: 62.2% | 40-89: 12.3% | Score: 73.9
★ New best model! Score: 73.9

✓ Loaded best learned model (Score: 73.9)
Saved checkpoint: steps_ace_neggrad/step4.pth
Final accuracy on classes 40-89: 49.79%

================================================================================
Step 5: 40-89 -> 50-99
================================================================================

Initial validation before NegGrad+ unlearning:
Validation - Forget: 24.8% | Retain: 9.2% | 50-99: 7.4%
NegGrad+ Unlearning (β=0.5): Forget [40, 41, 42, 43, 44, 45, 46, 47, 48, 49], Retain [50, 51, 52, 53, 54, 55, 56, 57, 58, 59, 60, 61, 62, 63, 64, 65, 66, 67, 68, 69, 70, 71, 72, 73, 74, 75, 76, 77, 78, 79, 80, 81, 82, 83, 84, 85, 86, 87, 88, 89]

NegGrad+ Unlearning Epoch 1/40
Loss - Total: -46.589 | Forget: 164.851 | Retain: 71.673
Validation - Forget: 0.0% | Retain: 2.5% | 50-89: 2.5% | Score: 100.0
★ New best model! Score: 100.0

NegGrad+ Unlearning Epoch 2/40
Loss - Total: -200.219 | Forget: 540.215 | Retain: 139.777
Validation - Forget: 0.0% | Retain: 4.0% | 50-89: 4.0% | Score: 100.0

NegGrad+ Unlearning Epoch 3/40
Loss - Total: -258.419 | Forget: 602.235 | Retain: 85.397
Validation - Forget: 0.0% | Retain: 4.3% | 50-89: 4.3% | Score: 100.0

NegGrad+ Unlearning Epoch 4/40
Loss - Total: -284.520 | Forget: 633.672 | Retain: 64.631
Validation - Forget: 0.0% | Retain: 5.1% | 50-89: 5.1% | Score: 100.0

NegGrad+ Unlearning Epoch 5/40
Loss - Total: -298.854 | Forget: 653.017 | Retain: 55.309
Validation - Forget: 0.0% | Retain: 5.9% | 50-89: 5.9% | Score: 100.0

NegGrad+ Unlearning Epoch 6/40
Loss - Total: -313.739 | Forget: 675.256 | Retain: 47.778
Validation - Forget: 0.0% | Retain: 7.3% | 50-89: 7.3% | Score: 100.0

NegGrad+ Unlearning Epoch 7/40
Loss - Total: -327.170 | Forget: 696.547 | Retain: 42.207
Validation - Forget: 0.0% | Retain: 8.4% | 50-89: 8.4% | Score: 100.0

NegGrad+ Unlearning Epoch 8/40
Loss - Total: -337.533 | Forget: 717.368 | Retain: 42.302
Validation - Forget: 0.0% | Retain: 9.6% | 50-89: 9.6% | Score: 100.0

NegGrad+ Unlearning Epoch 9/40
Loss - Total: -351.870 | Forget: 745.247 | Retain: 41.507
Validation - Forget: 0.0% | Retain: 10.3% | 50-89: 10.3% | Score: 100.0

NegGrad+ Unlearning Epoch 10/40
Loss - Total: -370.315 | Forget: 778.734 | Retain: 38.104
Validation - Forget: 0.0% | Retain: 10.1% | 50-89: 10.1% | Score: 100.0

NegGrad+ Unlearning Epoch 11/40
Loss - Total: -389.750 | Forget: 816.123 | Retain: 36.623
Validation - Forget: 0.0% | Retain: 12.0% | 50-89: 12.0% | Score: 100.0

NegGrad+ Unlearning Epoch 12/40
Loss - Total: -415.006 | Forget: 865.772 | Retain: 35.761
Validation - Forget: 0.0% | Retain: 15.4% | 50-89: 15.4% | Score: 100.0

NegGrad+ Unlearning Epoch 13/40
Loss - Total: -441.898 | Forget: 922.929 | Retain: 39.133
Validation - Forget: 0.0% | Retain: 16.4% | 50-89: 16.4% | Score: 100.0

NegGrad+ Unlearning Epoch 14/40
Loss - Total: -467.790 | Forget: 972.082 | Retain: 36.502
Validation - Forget: 0.0% | Retain: 18.0% | 50-89: 18.0% | Score: 100.0

NegGrad+ Unlearning Epoch 15/40
Loss - Total: -513.086 | Forget: 1066.696 | Retain: 40.525
Validation - Forget: 0.0% | Retain: 19.8% | 50-89: 19.8% | Score: 100.0

NegGrad+ Unlearning Epoch 16/40
Loss - Total: -566.128 | Forget: 1174.288 | Retain: 42.032
Validation - Forget: 0.0% | Retain: 21.3% | 50-89: 21.3% | Score: 100.0

NegGrad+ Unlearning Epoch 17/40
Loss - Total: -625.343 | Forget: 1296.752 | Retain: 46.066
Validation - Forget: 0.0% | Retain: 22.3% | 50-89: 22.3% | Score: 100.0

NegGrad+ Unlearning Epoch 18/40
Loss - Total: -704.275 | Forget: 1464.603 | Retain: 56.054
Validation - Forget: 0.0% | Retain: 22.4% | 50-89: 22.4% | Score: 100.0

NegGrad+ Unlearning Epoch 19/40
Loss - Total: -793.740 | Forget: 1646.921 | Retain: 59.441
Validation - Forget: 0.0% | Retain: 22.2% | 50-89: 22.2% | Score: 100.0

NegGrad+ Unlearning Epoch 20/40
Loss - Total: -907.437 | Forget: 1876.419 | Retain: 61.545
Validation - Forget: 0.0% | Retain: 24.3% | 50-89: 24.3% | Score: 100.0

NegGrad+ Unlearning Epoch 21/40
Loss - Total: -1073.467 | Forget: 2220.778 | Retain: 73.843
Validation - Forget: 0.0% | Retain: 25.4% | 50-89: 25.4% | Score: 100.0

NegGrad+ Unlearning Epoch 22/40
Loss - Total: -1189.520 | Forget: 2458.784 | Retain: 79.744
Validation - Forget: 0.0% | Retain: 26.6% | 50-89: 26.6% | Score: 100.0

NegGrad+ Unlearning Epoch 23/40
Loss - Total: -1324.168 | Forget: 2733.640 | Retain: 85.305
Validation - Forget: 0.0% | Retain: 27.7% | 50-89: 27.7% | Score: 100.0

NegGrad+ Unlearning Epoch 24/40
Loss - Total: -1481.026 | Forget: 3051.933 | Retain: 89.880
Validation - Forget: 0.1% | Retain: 22.5% | 50-89: 22.5% | Score: 99.9

NegGrad+ Unlearning Epoch 25/40
Loss - Total: -1624.044 | Forget: 3340.754 | Retain: 92.666
Validation - Forget: 0.0% | Retain: 25.9% | 50-89: 25.9% | Score: 100.0

NegGrad+ Unlearning Epoch 26/40
Loss - Total: -1762.093 | Forget: 3624.292 | Retain: 100.106
Validation - Forget: 0.0% | Retain: 28.4% | 50-89: 28.4% | Score: 100.0

NegGrad+ Unlearning Epoch 27/40
Loss - Total: -1994.073 | Forget: 4102.712 | Retain: 114.566
Validation - Forget: 0.0% | Retain: 27.4% | 50-89: 27.4% | Score: 100.0

NegGrad+ Unlearning Epoch 28/40
Loss - Total: -2253.348 | Forget: 4626.516 | Retain: 119.820
Validation - Forget: 0.5% | Retain: 23.1% | 50-89: 23.1% | Score: 99.5

NegGrad+ Unlearning Epoch 29/40
Loss - Total: -2506.382 | Forget: 5141.964 | Retain: 129.201
Validation - Forget: 0.1% | Retain: 27.1% | 50-89: 27.1% | Score: 99.9

NegGrad+ Unlearning Epoch 30/40
Loss - Total: -2841.736 | Forget: 5830.619 | Retain: 147.147
Validation - Forget: 0.0% | Retain: 27.9% | 50-89: 27.9% | Score: 100.0

NegGrad+ Unlearning Epoch 31/40
Loss - Total: -3234.172 | Forget: 6623.805 | Retain: 155.461
Validation - Forget: 0.3% | Retain: 26.6% | 50-89: 26.6% | Score: 99.7

NegGrad+ Unlearning Epoch 32/40
Loss - Total: -3716.805 | Forget: 7611.081 | Retain: 177.471
Validation - Forget: 0.0% | Retain: 24.0% | 50-89: 24.0% | Score: 100.0

NegGrad+ Unlearning Epoch 33/40
Loss - Total: -4092.092 | Forget: 8392.522 | Retain: 208.339
Validation - Forget: 0.3% | Retain: 20.9% | 50-89: 20.9% | Score: 99.7

NegGrad+ Unlearning Epoch 34/40
Loss - Total: -4536.444 | Forget: 9291.968 | Retain: 219.080
Validation - Forget: 1.2% | Retain: 0.8% | 50-89: 0.8% | Score: 98.8

NegGrad+ Unlearning Epoch 35/40
Loss - Total: -4883.885 | Forget: 10036.266 | Retain: 268.497
Validation - Forget: 0.4% | Retain: 20.7% | 50-89: 20.7% | Score: 99.6

NegGrad+ Unlearning Epoch 36/40
Loss - Total: -5044.674 | Forget: 10366.997 | Retain: 277.649
Validation - Forget: 0.0% | Retain: 23.5% | 50-89: 23.5% | Score: 100.0

NegGrad+ Unlearning Epoch 37/40
Loss - Total: -5418.944 | Forget: 11075.777 | Retain: 237.890
Validation - Forget: 0.1% | Retain: 23.9% | 50-89: 23.9% | Score: 99.9

NegGrad+ Unlearning Epoch 38/40
Loss - Total: -5968.830 | Forget: 12201.602 | Retain: 263.943
Validation - Forget: 0.0% | Retain: 25.9% | 50-89: 25.9% | Score: 100.0

NegGrad+ Unlearning Epoch 39/40
Loss - Total: -6645.615 | Forget: 13588.952 | Retain: 297.723
Validation - Forget: 0.3% | Retain: 19.0% | 50-89: 19.0% | Score: 99.7

NegGrad+ Unlearning Epoch 40/40
Loss - Total: -7348.125 | Forget: 14999.493 | Retain: 303.243
Validation - Forget: 0.1% | Retain: 20.8% | 50-89: 20.8% | Score: 99.9

✓ Loaded best unlearned model (Score: 100.0)

Initial validation before ER-ACE learning:
Validation - Retain: 17.9% | 50-99: 2.0%
ER-ACE Learning: Adding classes [90, 91, 92, 93, 94, 95, 96, 97, 98, 99]

ER-ACE Learning Epoch 1/5
Validation - Loss: 3.4147 | New: 73.2% | Retain: 55.9% | 50-99: 5.0% | Score: 66.3
★ New best model! Score: 66.3

ER-ACE Learning Epoch 2/5
Validation - Loss: 1.7395 | New: 79.3% | Retain: 59.0% | 50-99: 3.8% | Score: 71.2
★ New best model! Score: 71.2

ER-ACE Learning Epoch 3/5
Validation - Loss: 1.0447 | New: 83.2% | Retain: 60.8% | 50-99: 3.3% | Score: 74.2
★ New best model! Score: 74.2

ER-ACE Learning Epoch 4/5
Validation - Loss: 0.6986 | New: 86.1% | Retain: 61.3% | 50-99: 3.0% | Score: 76.2
★ New best model! Score: 76.2

ER-ACE Learning Epoch 5/5
Validation - Loss: 0.5084 | New: 86.5% | Retain: 61.1% | 50-99: 3.0% | Score: 76.3
★ New best model! Score: 76.3

✓ Loaded best learned model (Score: 76.3)
Saved checkpoint: steps_ace_neggrad/step5.pth
Final accuracy on classes 50-99: 50.48%
