🛠️ Explicitly received params: {'num_classes': 100, 'lora_rank': 0}
Loaded pretrained weights from timm: deit_tiny_patch16_224
✅ Loaded pretrained weights from timm
Starting ER-ACE + L2UL pipeline with base model (classes 0-49)

================================================================================
Step 1: 0-49 -> 10-59
================================================================================

Initial validation before L2UL unlearning:
Validation - Forget: 79.7% | Retain: 82.3% | 10-59: 65.8%
L2UL Unlearning: Forget [0, 1, 2, 3, 4, 5, 6, 7, 8, 9], Retain [10, 11, 12, 13, 14, 15, 16, 17, 18, 19, 20, 21, 22, 23, 24, 25, 26, 27, 28, 29, 30, 31, 32, 33, 34, 35, 36, 37, 38, 39, 40, 41, 42, 43, 44, 45, 46, 47, 48, 49]
Computing weight importance

L2UL Unlearning Epoch 1/20
Validation - Loss: 2.8700 | Forget: 78.4% | Retain: 66.0% | 10-49: 82.5% | Score: 39.6
★ New best model! Score: 39.6

L2UL Unlearning Epoch 2/20
Validation - Loss: 2.3387 | Forget: 75.6% | Retain: 66.4% | 10-49: 83.0% | Score: 42.6
★ New best model! Score: 42.6

L2UL Unlearning Epoch 3/20
Validation - Loss: 2.7525 | Forget: 72.8% | Retain: 66.1% | 10-49: 82.6% | Score: 45.3
★ New best model! Score: 45.3

L2UL Unlearning Epoch 4/20
Validation - Loss: 2.2335 | Forget: 69.7% | Retain: 65.8% | 10-49: 82.3% | Score: 48.2
★ New best model! Score: 48.2

L2UL Unlearning Epoch 5/20
Validation - Loss: 1.4688 | Forget: 63.5% | Retain: 65.2% | 10-49: 81.5% | Score: 54.1
★ New best model! Score: 54.1

L2UL Unlearning Epoch 6/20
Validation - Loss: 0.8401 | Forget: 57.1% | Retain: 64.1% | 10-49: 80.2% | Score: 60.0
★ New best model! Score: 60.0

L2UL Unlearning Epoch 7/20
Validation - Loss: 0.6902 | Forget: 49.9% | Retain: 63.4% | 10-49: 79.2% | Score: 66.8
★ New best model! Score: 66.8

L2UL Unlearning Epoch 8/20
Validation - Loss: 0.0869 | Forget: 40.8% | Retain: 62.4% | 10-49: 78.0% | Score: 75.4
★ New best model! Score: 75.4

L2UL Unlearning Epoch 9/20
Validation - Loss: -0.7040 | Forget: 32.8% | Retain: 61.5% | 10-49: 76.9% | Score: 83.0
★ New best model! Score: 83.0

L2UL Unlearning Epoch 10/20
Validation - Loss: -1.2759 | Forget: 24.1% | Retain: 60.5% | 10-49: 75.6% | Score: 91.1
★ New best model! Score: 91.1

L2UL Unlearning Epoch 11/20
Validation - Loss: -2.0538 | Forget: 18.7% | Retain: 60.1% | 10-49: 75.1% | Score: 96.4
★ New best model! Score: 96.4

L2UL Unlearning Epoch 12/20
Validation - Loss: -2.8193 | Forget: 14.8% | Retain: 60.0% | 10-49: 75.0% | Score: 100.2
★ New best model! Score: 100.2

L2UL Unlearning Epoch 13/20
Validation - Loss: -3.2706 | Forget: 12.4% | Retain: 60.2% | 10-49: 75.2% | Score: 102.7
★ New best model! Score: 102.7

L2UL Unlearning Epoch 14/20
Validation - Loss: -3.7275 | Forget: 9.9% | Retain: 59.5% | 10-49: 74.3% | Score: 104.9
★ New best model! Score: 104.9

L2UL Unlearning Epoch 15/20
Validation - Loss: -4.6234 | Forget: 7.5% | Retain: 58.7% | 10-49: 73.4% | Score: 106.9
★ New best model! Score: 106.9

L2UL Unlearning Epoch 16/20
Validation - Loss: -5.4078 | Forget: 5.3% | Retain: 58.7% | 10-49: 73.4% | Score: 109.0
★ New best model! Score: 109.0

L2UL Unlearning Epoch 17/20
Validation - Loss: -5.8544 | Forget: 2.5% | Retain: 58.6% | 10-49: 73.3% | Score: 111.8
★ New best model! Score: 111.8
✅ Unlearning successful at epoch 17

✓ Loaded best unlearned model (Score: 111.8)

Initial validation before ER-ACE learning:
Validation - Retain: 73.3% | 10-59: 58.6%
ER-ACE Learning: Adding classes [50, 51, 52, 53, 54, 55, 56, 57, 58, 59]

ER-ACE Learning Epoch 1/5
Validation - Loss: 1.3110 | New: 87.3% | Retain: 84.6% | 10-59: 68.8% | Score: 86.2
★ New best model! Score: 86.2

ER-ACE Learning Epoch 2/5
Validation - Loss: 0.6276 | New: 90.0% | Retain: 84.4% | 10-59: 69.7% | Score: 87.8
★ New best model! Score: 87.8

ER-ACE Learning Epoch 3/5
Validation - Loss: 0.3975 | New: 92.5% | Retain: 83.8% | 10-59: 69.7% | Score: 89.1
★ New best model! Score: 89.1

ER-ACE Learning Epoch 4/5
Validation - Loss: 0.3008 | New: 92.5% | Retain: 84.1% | 10-59: 70.5% | Score: 89.2
★ New best model! Score: 89.2

ER-ACE Learning Epoch 5/5
Validation - Loss: 0.2403 | New: 94.0% | Retain: 84.3% | 10-59: 71.3% | Score: 90.1
★ New best model! Score: 90.1

✓ Loaded best learned model (Score: 90.1)
Saved checkpoint: steps_ace_l2ul/step1.pth
Final accuracy on classes 10-59: 71.47%

================================================================================
Step 2: 10-59 -> 20-69
================================================================================

Initial validation before L2UL unlearning:
Validation - Forget: 85.6% | Retain: 67.7% | 20-69: 54.2%
L2UL Unlearning: Forget [10, 11, 12, 13, 14, 15, 16, 17, 18, 19], Retain [20, 21, 22, 23, 24, 25, 26, 27, 28, 29, 30, 31, 32, 33, 34, 35, 36, 37, 38, 39, 40, 41, 42, 43, 44, 45, 46, 47, 48, 49, 50, 51, 52, 53, 54, 55, 56, 57, 58, 59]
Computing weight importance

L2UL Unlearning Epoch 1/20
Validation - Loss: 4.6975 | Forget: 84.4% | Retain: 54.6% | 20-59: 68.3% | Score: 27.9
★ New best model! Score: 27.9

L2UL Unlearning Epoch 2/20
Validation - Loss: 4.2637 | Forget: 83.6% | Retain: 55.1% | 20-59: 68.8% | Score: 28.9
★ New best model! Score: 28.9

L2UL Unlearning Epoch 3/20
Validation - Loss: 3.9576 | Forget: 80.5% | Retain: 55.7% | 20-59: 69.6% | Score: 32.3
★ New best model! Score: 32.3

L2UL Unlearning Epoch 4/20
Validation - Loss: 3.2259 | Forget: 77.5% | Retain: 56.5% | 20-59: 70.6% | Score: 35.8
★ New best model! Score: 35.8

L2UL Unlearning Epoch 5/20
Validation - Loss: 2.5316 | Forget: 71.6% | Retain: 57.6% | 20-59: 72.0% | Score: 42.2
★ New best model! Score: 42.2

L2UL Unlearning Epoch 6/20
Validation - Loss: 2.4217 | Forget: 64.7% | Retain: 57.9% | 20-59: 72.4% | Score: 49.3
★ New best model! Score: 49.3

L2UL Unlearning Epoch 7/20
Validation - Loss: 1.8826 | Forget: 55.2% | Retain: 58.1% | 20-59: 72.6% | Score: 58.9
★ New best model! Score: 58.9

L2UL Unlearning Epoch 8/20
Validation - Loss: 0.9158 | Forget: 44.5% | Retain: 57.5% | 20-59: 71.9% | Score: 69.2
★ New best model! Score: 69.2

L2UL Unlearning Epoch 9/20
Validation - Loss: 0.0724 | Forget: 30.3% | Retain: 56.2% | 20-59: 70.2% | Score: 82.8
★ New best model! Score: 82.8

L2UL Unlearning Epoch 10/20
Validation - Loss: -1.1016 | Forget: 18.0% | Retain: 56.3% | 20-59: 70.4% | Score: 95.2
★ New best model! Score: 95.2

L2UL Unlearning Epoch 11/20
Validation - Loss: -2.4856 | Forget: 7.9% | Retain: 56.0% | 20-59: 70.0% | Score: 105.1
★ New best model! Score: 105.1

L2UL Unlearning Epoch 12/20
Validation - Loss: -3.4718 | Forget: 4.4% | Retain: 54.2% | 20-59: 67.8% | Score: 107.7
★ New best model! Score: 107.7
✅ Unlearning successful at epoch 12

✓ Loaded best unlearned model (Score: 107.7)

Initial validation before ER-ACE learning:
Validation - Retain: 67.8% | 20-69: 54.2%
ER-ACE Learning: Adding classes [60, 61, 62, 63, 64, 65, 66, 67, 68, 69]

ER-ACE Learning Epoch 1/5
Validation - Loss: 1.7603 | New: 73.5% | Retain: 79.9% | 20-69: 63.9% | Score: 76.1
★ New best model! Score: 76.1

ER-ACE Learning Epoch 2/5
Validation - Loss: 1.0898 | New: 80.0% | Retain: 80.0% | 20-69: 64.0% | Score: 80.0
★ New best model! Score: 80.0

ER-ACE Learning Epoch 3/5
Validation - Loss: 0.7847 | New: 84.4% | Retain: 79.8% | 20-69: 64.1% | Score: 82.6
★ New best model! Score: 82.6

ER-ACE Learning Epoch 4/5
Validation - Loss: 0.6014 | New: 85.2% | Retain: 79.7% | 20-69: 64.3% | Score: 83.0
★ New best model! Score: 83.0

ER-ACE Learning Epoch 5/5
Validation - Loss: 0.4956 | New: 86.0% | Retain: 79.3% | 20-69: 64.3% | Score: 83.3
★ New best model! Score: 83.3

✓ Loaded best learned model (Score: 83.3)
Saved checkpoint: steps_ace_l2ul/step2.pth
Final accuracy on classes 20-69: 64.37%

================================================================================
Step 3: 20-69 -> 30-79
================================================================================

Initial validation before L2UL unlearning:
Validation - Forget: 78.1% | Retain: 60.8% | 30-79: 48.6%
L2UL Unlearning: Forget [20, 21, 22, 23, 24, 25, 26, 27, 28, 29], Retain [30, 31, 32, 33, 34, 35, 36, 37, 38, 39, 40, 41, 42, 43, 44, 45, 46, 47, 48, 49, 50, 51, 52, 53, 54, 55, 56, 57, 58, 59, 60, 61, 62, 63, 64, 65, 66, 67, 68, 69]
Computing weight importance

L2UL Unlearning Epoch 1/20
Validation - Loss: 4.2152 | Forget: 76.9% | Retain: 49.0% | 30-69: 61.2% | Score: 32.5
★ New best model! Score: 32.5

L2UL Unlearning Epoch 2/20
Validation - Loss: 4.7626 | Forget: 75.1% | Retain: 49.1% | 30-69: 61.4% | Score: 34.5
★ New best model! Score: 34.5

L2UL Unlearning Epoch 3/20
Validation - Loss: 4.0524 | Forget: 71.3% | Retain: 49.4% | 30-69: 61.8% | Score: 38.4
★ New best model! Score: 38.4

L2UL Unlearning Epoch 4/20
Validation - Loss: 2.9731 | Forget: 62.1% | Retain: 49.1% | 30-69: 61.4% | Score: 47.4
★ New best model! Score: 47.4

L2UL Unlearning Epoch 5/20
Validation - Loss: 2.3248 | Forget: 53.3% | Retain: 49.1% | 30-69: 61.4% | Score: 56.2
★ New best model! Score: 56.2

L2UL Unlearning Epoch 6/20
Validation - Loss: 1.1831 | Forget: 34.0% | Retain: 48.2% | 30-69: 60.3% | Score: 75.1
★ New best model! Score: 75.1

L2UL Unlearning Epoch 7/20
Validation - Loss: -0.3027 | Forget: 11.2% | Retain: 44.4% | 30-69: 55.5% | Score: 96.0
★ New best model! Score: 96.0

L2UL Unlearning Epoch 8/20
Validation - Loss: -1.8879 | Forget: 1.9% | Retain: 42.4% | 30-69: 53.0% | Score: 104.3
★ New best model! Score: 104.3
✅ Unlearning successful at epoch 8

✓ Loaded best unlearned model (Score: 104.3)

Initial validation before ER-ACE learning:
Validation - Retain: 53.0% | 30-79: 42.4%
ER-ACE Learning: Adding classes [70, 71, 72, 73, 74, 75, 76, 77, 78, 79]

ER-ACE Learning Epoch 1/5
Validation - Loss: 2.2433 | New: 75.7% | Retain: 73.5% | 30-79: 58.4% | Score: 74.9
★ New best model! Score: 74.9

ER-ACE Learning Epoch 2/5
Validation - Loss: 1.3430 | New: 81.1% | Retain: 74.5% | 30-79: 58.9% | Score: 78.4
★ New best model! Score: 78.4

ER-ACE Learning Epoch 3/5
Validation - Loss: 0.9143 | New: 83.9% | Retain: 73.7% | 30-79: 58.5% | Score: 79.8
★ New best model! Score: 79.8

ER-ACE Learning Epoch 4/5
Validation - Loss: 0.6840 | New: 86.1% | Retain: 74.0% | 30-79: 58.6% | Score: 81.3
★ New best model! Score: 81.3

ER-ACE Learning Epoch 5/5
Validation - Loss: 0.5450 | New: 88.3% | Retain: 73.9% | 30-79: 59.0% | Score: 82.5
★ New best model! Score: 82.5

✓ Loaded best learned model (Score: 82.5)
Saved checkpoint: steps_ace_l2ul/step3.pth
Final accuracy on classes 30-79: 60.51%

================================================================================
Step 4: 30-79 -> 40-89
================================================================================

Initial validation before L2UL unlearning:
Validation - Forget: 76.7% | Retain: 54.6% | 40-89: 43.7%
L2UL Unlearning: Forget [30, 31, 32, 33, 34, 35, 36, 37, 38, 39], Retain [40, 41, 42, 43, 44, 45, 46, 47, 48, 49, 50, 51, 52, 53, 54, 55, 56, 57, 58, 59, 60, 61, 62, 63, 64, 65, 66, 67, 68, 69, 70, 71, 72, 73, 74, 75, 76, 77, 78, 79]
Computing weight importance

L2UL Unlearning Epoch 1/20
Validation - Loss: 4.6995 | Forget: 71.9% | Retain: 44.1% | 40-79: 55.2% | Score: 35.2
★ New best model! Score: 35.2

L2UL Unlearning Epoch 2/20
Validation - Loss: 4.0780 | Forget: 57.3% | Retain: 44.5% | 40-79: 55.6% | Score: 49.9
★ New best model! Score: 49.9

L2UL Unlearning Epoch 3/20
Validation - Loss: 2.1968 | Forget: 32.3% | Retain: 42.2% | 40-79: 52.8% | Score: 73.8
★ New best model! Score: 73.8

L2UL Unlearning Epoch 4/20
Validation - Loss: 0.2040 | Forget: 11.7% | Retain: 36.1% | 40-79: 45.2% | Score: 91.3
★ New best model! Score: 91.3

L2UL Unlearning Epoch 5/20
Validation - Loss: -2.3468 | Forget: 3.2% | Retain: 33.1% | 40-79: 41.3% | Score: 98.3
★ New best model! Score: 98.3
✅ Unlearning successful at epoch 5

✓ Loaded best unlearned model (Score: 98.3)

Initial validation before ER-ACE learning:
Validation - Retain: 41.3% | 40-89: 33.1%
ER-ACE Learning: Adding classes [80, 81, 82, 83, 84, 85, 86, 87, 88, 89]

ER-ACE Learning Epoch 1/5
Validation - Loss: 2.7151 | New: 70.8% | Retain: 68.3% | 40-89: 53.7% | Score: 69.8
★ New best model! Score: 69.8

ER-ACE Learning Epoch 2/5
Validation - Loss: 1.5561 | New: 77.7% | Retain: 70.2% | 40-89: 54.6% | Score: 74.7
★ New best model! Score: 74.7

ER-ACE Learning Epoch 3/5
Validation - Loss: 1.0565 | New: 82.9% | Retain: 70.6% | 40-89: 54.6% | Score: 78.0
★ New best model! Score: 78.0

ER-ACE Learning Epoch 4/5
Validation - Loss: 0.7496 | New: 85.9% | Retain: 70.6% | 40-89: 54.7% | Score: 79.7
★ New best model! Score: 79.7

ER-ACE Learning Epoch 5/5
Validation - Loss: 0.5976 | New: 88.7% | Retain: 70.0% | 40-89: 54.6% | Score: 81.2
★ New best model! Score: 81.2

✓ Loaded best learned model (Score: 81.2)
Saved checkpoint: steps_ace_l2ul/step4.pth
Final accuracy on classes 40-89: 57.65%

================================================================================
Step 5: 40-89 -> 50-99
================================================================================

Initial validation before L2UL unlearning:
Validation - Forget: 75.7% | Retain: 49.4% | 50-99: 39.5%
L2UL Unlearning: Forget [40, 41, 42, 43, 44, 45, 46, 47, 48, 49], Retain [50, 51, 52, 53, 54, 55, 56, 57, 58, 59, 60, 61, 62, 63, 64, 65, 66, 67, 68, 69, 70, 71, 72, 73, 74, 75, 76, 77, 78, 79, 80, 81, 82, 83, 84, 85, 86, 87, 88, 89]
Computing weight importance

L2UL Unlearning Epoch 1/20
Validation - Loss: 5.3440 | Forget: 66.9% | Retain: 42.3% | 50-89: 52.9% | Score: 39.2
★ New best model! Score: 39.2

L2UL Unlearning Epoch 2/20
Validation - Loss: 4.1734 | Forget: 41.7% | Retain: 42.2% | 50-89: 52.7% | Score: 64.3
★ New best model! Score: 64.3

L2UL Unlearning Epoch 3/20
Validation - Loss: 0.7403 | Forget: 2.3% | Retain: 31.4% | 50-89: 39.2% | Score: 98.4
★ New best model! Score: 98.4
✅ Unlearning successful at epoch 3

✓ Loaded best unlearned model (Score: 98.4)

Initial validation before ER-ACE learning:
Validation - Retain: 39.3% | 50-99: 31.4%
ER-ACE Learning: Adding classes [90, 91, 92, 93, 94, 95, 96, 97, 98, 99]

ER-ACE Learning Epoch 1/5
Validation - Loss: 2.5845 | New: 83.3% | Retain: 69.3% | 50-99: 50.1% | Score: 77.7
★ New best model! Score: 77.7

ER-ACE Learning Epoch 2/5
Validation - Loss: 1.2943 | New: 87.1% | Retain: 70.8% | 50-99: 48.5% | Score: 80.6
★ New best model! Score: 80.6

ER-ACE Learning Epoch 3/5
Validation - Loss: 0.7736 | New: 89.1% | Retain: 70.8% | 50-99: 47.5% | Score: 81.7
★ New best model! Score: 81.7

ER-ACE Learning Epoch 4/5
Validation - Loss: 0.5134 | New: 90.4% | Retain: 70.7% | 50-99: 47.3% | Score: 82.5
★ New best model! Score: 82.5

ER-ACE Learning Epoch 5/5
Validation - Loss: 0.3800 | New: 91.9% | Retain: 69.9% | 50-99: 46.8% | Score: 83.1
★ New best model! Score: 83.1

✓ Loaded best learned model (Score: 83.1)
Saved checkpoint: steps_ace_l2ul/step5.pth
Final accuracy on classes 50-99: 57.63%
