🛠️ Explicitly received params: {'num_classes': 100, 'lora_rank': 0}
Loaded pretrained weights from timm: deit_tiny_patch16_224
✅ Loaded pretrained weights from timm
Starting pipeline with base model (classes 0-49)

============================================================
Step 1: 0-49 -> 10-59
============================================================

Initial validation before GA unlearning:
Validation - Forget: 85.7% | Retain: 86.8% | 10-59: 69.4%
GA Unlearning: Forget [0, 1, 2, 3, 4, 5, 6, 7, 8, 9], Retain [10, 11, 12, 13, 14, 15, 16, 17, 18, 19, 20, 21, 22, 23, 24, 25, 26, 27, 28, 29, 30, 31, 32, 33, 34, 35, 36, 37, 38, 39, 40, 41, 42, 43, 44, 45, 46, 47, 48, 49]

GA Unlearning Epoch 1/40
Validation - Forget: 84.8% | Retain: 86.8% | 10-49: 86.8% | Score: 2.0
★ New best model! Score: 2.0

GA Unlearning Epoch 2/40
Validation - Forget: 80.5% | Retain: 87.4% | 10-49: 87.4% | Score: 6.8
★ New best model! Score: 6.8

GA Unlearning Epoch 3/40
Validation - Forget: 71.1% | Retain: 87.5% | 10-49: 87.5% | Score: 16.4
★ New best model! Score: 16.4

GA Unlearning Epoch 4/40
Validation - Forget: 49.9% | Retain: 87.4% | 10-49: 87.4% | Score: 37.5
★ New best model! Score: 37.5

GA Unlearning Epoch 5/40
Validation - Forget: 18.0% | Retain: 85.7% | 10-49: 85.7% | Score: 67.7
★ New best model! Score: 67.7

GA Unlearning Epoch 6/40
Validation - Forget: 5.5% | Retain: 83.9% | 10-49: 83.9% | Score: 78.4
★ New best model! Score: 78.4

GA Unlearning Epoch 7/40
Validation - Forget: 0.0% | Retain: 82.6% | 10-49: 82.6% | Score: 82.6
★ New best model! Score: 82.6

GA Unlearning Epoch 8/40
Validation - Forget: 0.0% | Retain: 81.0% | 10-49: 81.0% | Score: 81.0

GA Unlearning Epoch 9/40
Validation - Forget: 0.0% | Retain: 78.1% | 10-49: 78.1% | Score: 78.1

GA Unlearning Epoch 10/40
Validation - Forget: 0.0% | Retain: 74.9% | 10-49: 74.9% | Score: 74.9

GA Unlearning Epoch 11/40
Validation - Forget: 0.0% | Retain: 72.2% | 10-49: 72.2% | Score: 72.2

GA Unlearning Epoch 12/40
Validation - Forget: 0.0% | Retain: 69.3% | 10-49: 69.3% | Score: 69.3

GA Unlearning Epoch 13/40
Validation - Forget: 0.0% | Retain: 67.4% | 10-49: 67.4% | Score: 67.4

GA Unlearning Epoch 14/40
Validation - Forget: 0.0% | Retain: 66.4% | 10-49: 66.4% | Score: 66.4

GA Unlearning Epoch 15/40
Validation - Forget: 0.0% | Retain: 65.0% | 10-49: 65.0% | Score: 65.0

GA Unlearning Epoch 16/40
Validation - Forget: 0.0% | Retain: 64.2% | 10-49: 64.2% | Score: 64.2

GA Unlearning Epoch 17/40
Validation - Forget: 0.0% | Retain: 64.0% | 10-49: 64.0% | Score: 64.0

GA Unlearning Epoch 18/40
Validation - Forget: 0.0% | Retain: 62.1% | 10-49: 62.1% | Score: 62.1

GA Unlearning Epoch 19/40
Validation - Forget: 0.0% | Retain: 62.3% | 10-49: 62.3% | Score: 62.3

GA Unlearning Epoch 20/40
Validation - Forget: 0.0% | Retain: 62.6% | 10-49: 62.6% | Score: 62.6

GA Unlearning Epoch 21/40
Validation - Forget: 0.0% | Retain: 59.9% | 10-49: 59.9% | Score: 59.9

GA Unlearning Epoch 22/40
Validation - Forget: 0.0% | Retain: 62.0% | 10-49: 62.0% | Score: 62.0

GA Unlearning Epoch 23/40
Validation - Forget: 0.0% | Retain: 60.1% | 10-49: 60.1% | Score: 60.1

GA Unlearning Epoch 24/40
Validation - Forget: 0.0% | Retain: 60.6% | 10-49: 60.6% | Score: 60.6

GA Unlearning Epoch 25/40
Validation - Forget: 0.0% | Retain: 60.2% | 10-49: 60.2% | Score: 60.2

GA Unlearning Epoch 26/40
Validation - Forget: 0.0% | Retain: 59.5% | 10-49: 59.5% | Score: 59.5

GA Unlearning Epoch 27/40
Validation - Forget: 0.0% | Retain: 58.7% | 10-49: 58.7% | Score: 58.7

GA Unlearning Epoch 28/40
Validation - Forget: 0.0% | Retain: 59.4% | 10-49: 59.4% | Score: 59.4

GA Unlearning Epoch 29/40
Validation - Forget: 0.0% | Retain: 59.1% | 10-49: 59.1% | Score: 59.1

GA Unlearning Epoch 30/40
Validation - Forget: 0.0% | Retain: 58.7% | 10-49: 58.7% | Score: 58.7

GA Unlearning Epoch 31/40
Validation - Forget: 0.0% | Retain: 59.3% | 10-49: 59.3% | Score: 59.3

GA Unlearning Epoch 32/40
Validation - Forget: 0.0% | Retain: 59.0% | 10-49: 59.0% | Score: 59.0

GA Unlearning Epoch 33/40
Validation - Forget: 0.0% | Retain: 59.3% | 10-49: 59.3% | Score: 59.3

GA Unlearning Epoch 34/40
Validation - Forget: 0.0% | Retain: 58.4% | 10-49: 58.4% | Score: 58.4

GA Unlearning Epoch 35/40
Validation - Forget: 0.0% | Retain: 58.4% | 10-49: 58.4% | Score: 58.4

GA Unlearning Epoch 36/40
Validation - Forget: 0.0% | Retain: 58.5% | 10-49: 58.5% | Score: 58.5

GA Unlearning Epoch 37/40
Validation - Forget: 0.0% | Retain: 57.8% | 10-49: 57.8% | Score: 57.8

GA Unlearning Epoch 38/40
Validation - Forget: 0.0% | Retain: 58.4% | 10-49: 58.4% | Score: 58.4

GA Unlearning Epoch 39/40
Validation - Forget: 0.0% | Retain: 57.8% | 10-49: 57.8% | Score: 57.8

GA Unlearning Epoch 40/40
Validation - Forget: 0.0% | Retain: 57.9% | 10-49: 57.9% | Score: 57.9

✓ Loaded best unlearned model (Score: 82.6)

Initial validation before ER-EWC learning:
Validation - Retain: 82.6% | 10-59: 66.1%
ER-EWC Learning: Adding classes [50, 51, 52, 53, 54, 55, 56, 57, 58, 59]

ER-EWC Learning Epoch 1/40
Validation - Loss: 1.9763 | New: 75.5% | Retain: 84.5% | 10-59: 73.8% | Score: 60.0
★ New best model! Score: 60.0

ER-EWC Learning Epoch 2/40
Validation - Loss: 0.9359 | New: 81.5% | Retain: 85.8% | 10-59: 74.6% | Score: 67.3
★ New best model! Score: 67.3

ER-EWC Learning Epoch 3/40
Validation - Loss: 0.5895 | New: 87.7% | Retain: 85.3% | 10-59: 73.9% | Score: 73.0
★ New best model! Score: 73.0

ER-EWC Learning Epoch 4/40
Validation - Loss: 0.4029 | New: 90.1% | Retain: 84.4% | 10-59: 72.9% | Score: 74.5
★ New best model! Score: 74.5

ER-EWC Learning Epoch 5/40
Validation - Loss: 0.2885 | New: 91.5% | Retain: 84.3% | 10-59: 71.8% | Score: 75.8
★ New best model! Score: 75.8

ER-EWC Learning Epoch 6/40
Validation - Loss: 0.2233 | New: 92.8% | Retain: 83.7% | 10-59: 70.8% | Score: 76.5
★ New best model! Score: 76.5

ER-EWC Learning Epoch 7/40
Validation - Loss: 0.1774 | New: 93.3% | Retain: 83.8% | 10-59: 71.3% | Score: 77.1
★ New best model! Score: 77.1

ER-EWC Learning Epoch 8/40
Validation - Loss: 0.1433 | New: 93.9% | Retain: 84.0% | 10-59: 71.3% | Score: 77.8
★ New best model! Score: 77.8

ER-EWC Learning Epoch 9/40
Validation - Loss: 0.1209 | New: 94.1% | Retain: 83.5% | 10-59: 70.6% | Score: 77.7

ER-EWC Learning Epoch 10/40
Validation - Loss: 0.1050 | New: 95.5% | Retain: 83.3% | 10-59: 70.8% | Score: 78.7
★ New best model! Score: 78.7

ER-EWC Learning Epoch 11/40
Validation - Loss: 0.0843 | New: 94.0% | Retain: 82.7% | 10-59: 69.4% | Score: 76.7

ER-EWC Learning Epoch 12/40
Validation - Loss: 0.0769 | New: 94.4% | Retain: 82.6% | 10-59: 70.0% | Score: 77.0

ER-EWC Learning Epoch 13/40
Validation - Loss: 0.0670 | New: 94.9% | Retain: 83.1% | 10-59: 69.1% | Score: 78.1

ER-EWC Learning Epoch 14/40
Validation - Loss: 0.0571 | New: 95.3% | Retain: 82.8% | 10-59: 70.1% | Score: 78.1

ER-EWC Learning Epoch 15/40
Validation - Loss: 0.0491 | New: 95.3% | Retain: 82.0% | 10-59: 68.9% | Score: 77.4

ER-EWC Learning Epoch 16/40
Validation - Loss: 0.0451 | New: 95.7% | Retain: 82.1% | 10-59: 69.7% | Score: 77.8

ER-EWC Learning Epoch 17/40
Validation - Loss: 0.0382 | New: 95.7% | Retain: 82.0% | 10-59: 69.7% | Score: 77.7

ER-EWC Learning Epoch 18/40
Validation - Loss: 0.0325 | New: 95.7% | Retain: 81.9% | 10-59: 69.4% | Score: 77.6

ER-EWC Learning Epoch 19/40
Validation - Loss: 0.0349 | New: 95.9% | Retain: 81.2% | 10-59: 68.3% | Score: 77.1

ER-EWC Learning Epoch 20/40
Validation - Loss: 0.0277 | New: 96.1% | Retain: 81.7% | 10-59: 68.4% | Score: 77.8

ER-EWC Learning Epoch 21/40
Validation - Loss: 0.0246 | New: 95.7% | Retain: 81.3% | 10-59: 68.6% | Score: 77.1

ER-EWC Learning Epoch 22/40
Validation - Loss: 0.0222 | New: 96.0% | Retain: 81.1% | 10-59: 68.2% | Score: 77.1

ER-EWC Learning Epoch 23/40
Validation - Loss: 0.0222 | New: 96.3% | Retain: 81.2% | 10-59: 68.3% | Score: 77.5

ER-EWC Learning Epoch 24/40
Validation - Loss: 0.0210 | New: 95.9% | Retain: 80.4% | 10-59: 66.1% | Score: 76.2

ER-EWC Learning Epoch 25/40
Validation - Loss: 0.0181 | New: 95.6% | Retain: 80.9% | 10-59: 68.2% | Score: 76.5

ER-EWC Learning Epoch 26/40
Validation - Loss: 0.0172 | New: 96.1% | Retain: 80.9% | 10-59: 67.3% | Score: 77.1

ER-EWC Learning Epoch 27/40
Validation - Loss: 0.0177 | New: 96.0% | Retain: 80.8% | 10-59: 67.0% | Score: 76.8

ER-EWC Learning Epoch 28/40
Validation - Loss: 0.0130 | New: 95.6% | Retain: 81.2% | 10-59: 67.8% | Score: 76.8

ER-EWC Learning Epoch 29/40
Validation - Loss: 0.0143 | New: 95.6% | Retain: 80.7% | 10-59: 66.9% | Score: 76.3

ER-EWC Learning Epoch 30/40
Validation - Loss: 0.0147 | New: 96.1% | Retain: 80.6% | 10-59: 66.8% | Score: 76.8

ER-EWC Learning Epoch 31/40
Validation - Loss: 0.0118 | New: 96.1% | Retain: 80.6% | 10-59: 67.9% | Score: 76.8

ER-EWC Learning Epoch 32/40
Validation - Loss: 0.0103 | New: 96.0% | Retain: 80.5% | 10-59: 67.9% | Score: 76.5

ER-EWC Learning Epoch 33/40
Validation - Loss: 0.0127 | New: 96.0% | Retain: 80.8% | 10-59: 68.7% | Score: 76.8

ER-EWC Learning Epoch 34/40
Validation - Loss: 0.0115 | New: 95.7% | Retain: 81.0% | 10-59: 67.8% | Score: 76.7

ER-EWC Learning Epoch 35/40
Validation - Loss: 0.0099 | New: 96.9% | Retain: 79.9% | 10-59: 66.4% | Score: 76.8

ER-EWC Learning Epoch 36/40
Validation - Loss: 0.0102 | New: 96.7% | Retain: 80.4% | 10-59: 67.2% | Score: 77.1

ER-EWC Learning Epoch 37/40
Validation - Loss: 0.0102 | New: 96.5% | Retain: 80.0% | 10-59: 67.0% | Score: 76.5

ER-EWC Learning Epoch 38/40
Validation - Loss: 0.0062 | New: 96.5% | Retain: 80.2% | 10-59: 67.8% | Score: 76.7

ER-EWC Learning Epoch 39/40
Validation - Loss: 0.0087 | New: 96.3% | Retain: 79.9% | 10-59: 64.4% | Score: 76.2

ER-EWC Learning Epoch 40/40
Validation - Loss: 0.0094 | New: 96.4% | Retain: 79.0% | 10-59: 65.0% | Score: 75.4

✓ Loaded best learned model (Score: 78.7)
Saved checkpoint: steps/step1.pth
Final accuracy on classes 10-59: 70.83%

============================================================
Step 2: 10-59 -> 20-69
============================================================

Initial validation before GA unlearning:
Validation - Forget: 64.3% | Retain: 72.5% | 20-69: 58.0%
GA Unlearning: Forget [10, 11, 12, 13, 14, 15, 16, 17, 18, 19], Retain [20, 21, 22, 23, 24, 25, 26, 27, 28, 29, 30, 31, 32, 33, 34, 35, 36, 37, 38, 39, 40, 41, 42, 43, 44, 45, 46, 47, 48, 49, 50, 51, 52, 53, 54, 55, 56, 57, 58, 59]

GA Unlearning Epoch 1/40
Validation - Forget: 49.2% | Retain: 76.6% | 20-59: 76.6% | Score: 27.4
★ New best model! Score: 27.4

GA Unlearning Epoch 2/40
Validation - Forget: 14.3% | Retain: 66.1% | 20-59: 66.1% | Score: 51.8
★ New best model! Score: 51.8

GA Unlearning Epoch 3/40
Validation - Forget: 3.3% | Retain: 66.3% | 20-59: 66.3% | Score: 63.0
★ New best model! Score: 63.0

GA Unlearning Epoch 4/40
Validation - Forget: 0.5% | Retain: 67.2% | 20-59: 67.2% | Score: 66.7
★ New best model! Score: 66.7

GA Unlearning Epoch 5/40
Validation - Forget: 0.0% | Retain: 66.1% | 20-59: 66.1% | Score: 66.1

GA Unlearning Epoch 6/40
Validation - Forget: 0.0% | Retain: 61.9% | 20-59: 61.9% | Score: 61.9

GA Unlearning Epoch 7/40
Validation - Forget: 0.0% | Retain: 57.8% | 20-59: 57.8% | Score: 57.8

GA Unlearning Epoch 8/40
Validation - Forget: 0.0% | Retain: 54.9% | 20-59: 54.9% | Score: 54.9

GA Unlearning Epoch 9/40
Validation - Forget: 0.0% | Retain: 51.8% | 20-59: 51.8% | Score: 51.8

GA Unlearning Epoch 10/40
Validation - Forget: 0.0% | Retain: 50.6% | 20-59: 50.6% | Score: 50.6

GA Unlearning Epoch 11/40
Validation - Forget: 0.0% | Retain: 49.7% | 20-59: 49.7% | Score: 49.7

GA Unlearning Epoch 12/40
Validation - Forget: 0.0% | Retain: 49.1% | 20-59: 49.1% | Score: 49.1

GA Unlearning Epoch 13/40
Validation - Forget: 0.0% | Retain: 48.4% | 20-59: 48.4% | Score: 48.4

GA Unlearning Epoch 14/40
Validation - Forget: 0.0% | Retain: 48.6% | 20-59: 48.6% | Score: 48.6

GA Unlearning Epoch 15/40
Validation - Forget: 0.0% | Retain: 48.3% | 20-59: 48.3% | Score: 48.3

GA Unlearning Epoch 16/40
Validation - Forget: 0.0% | Retain: 48.3% | 20-59: 48.3% | Score: 48.3

GA Unlearning Epoch 17/40
Validation - Forget: 0.0% | Retain: 50.0% | 20-59: 50.0% | Score: 50.0

GA Unlearning Epoch 18/40
Validation - Forget: 0.0% | Retain: 50.6% | 20-59: 50.6% | Score: 50.6

GA Unlearning Epoch 19/40
Validation - Forget: 0.0% | Retain: 51.2% | 20-59: 51.2% | Score: 51.2

GA Unlearning Epoch 20/40
Validation - Forget: 0.0% | Retain: 50.9% | 20-59: 50.9% | Score: 50.9

GA Unlearning Epoch 21/40
Validation - Forget: 0.0% | Retain: 51.1% | 20-59: 51.1% | Score: 51.1

GA Unlearning Epoch 22/40
Validation - Forget: 0.0% | Retain: 52.1% | 20-59: 52.1% | Score: 52.1

GA Unlearning Epoch 23/40
Validation - Forget: 0.0% | Retain: 50.8% | 20-59: 50.8% | Score: 50.8

GA Unlearning Epoch 24/40
Validation - Forget: 0.0% | Retain: 51.7% | 20-59: 51.7% | Score: 51.7

GA Unlearning Epoch 25/40
Validation - Forget: 0.0% | Retain: 52.0% | 20-59: 52.0% | Score: 52.0

GA Unlearning Epoch 26/40
Validation - Forget: 0.0% | Retain: 53.0% | 20-59: 53.0% | Score: 53.0

GA Unlearning Epoch 27/40
Validation - Forget: 0.0% | Retain: 52.6% | 20-59: 52.6% | Score: 52.6

GA Unlearning Epoch 28/40
Validation - Forget: 0.0% | Retain: 52.7% | 20-59: 52.7% | Score: 52.7

GA Unlearning Epoch 29/40
Validation - Forget: 0.0% | Retain: 54.2% | 20-59: 54.2% | Score: 54.2

GA Unlearning Epoch 30/40
Validation - Forget: 0.0% | Retain: 53.2% | 20-59: 53.2% | Score: 53.2

GA Unlearning Epoch 31/40
Validation - Forget: 0.0% | Retain: 52.8% | 20-59: 52.8% | Score: 52.8

GA Unlearning Epoch 32/40
Validation - Forget: 0.0% | Retain: 51.8% | 20-59: 51.8% | Score: 51.8

GA Unlearning Epoch 33/40
Validation - Forget: 0.0% | Retain: 53.3% | 20-59: 53.3% | Score: 53.3

GA Unlearning Epoch 34/40
Validation - Forget: 0.0% | Retain: 52.8% | 20-59: 52.8% | Score: 52.8

GA Unlearning Epoch 35/40
Validation - Forget: 0.0% | Retain: 51.8% | 20-59: 51.8% | Score: 51.8

GA Unlearning Epoch 36/40
Validation - Forget: 0.0% | Retain: 51.9% | 20-59: 51.9% | Score: 51.9

GA Unlearning Epoch 37/40
Validation - Forget: 0.0% | Retain: 52.2% | 20-59: 52.2% | Score: 52.2

GA Unlearning Epoch 38/40
Validation - Forget: 0.0% | Retain: 52.7% | 20-59: 52.7% | Score: 52.7

GA Unlearning Epoch 39/40
Validation - Forget: 0.0% | Retain: 54.5% | 20-59: 54.5% | Score: 54.5

GA Unlearning Epoch 40/40
Validation - Forget: 0.0% | Retain: 49.9% | 20-59: 49.9% | Score: 49.9

✓ Loaded best unlearned model (Score: 66.7)

Initial validation before ER-EWC learning:
Validation - Retain: 67.2% | 20-69: 53.8%
ER-EWC Learning: Adding classes [60, 61, 62, 63, 64, 65, 66, 67, 68, 69]

ER-EWC Learning Epoch 1/40
Validation - Loss: 1.9762 | New: 64.5% | Retain: 78.7% | 20-69: 68.4% | Score: 43.2
★ New best model! Score: 43.2

ER-EWC Learning Epoch 2/40
Validation - Loss: 1.1403 | New: 74.9% | Retain: 79.3% | 20-69: 70.4% | Score: 54.2
★ New best model! Score: 54.2

ER-EWC Learning Epoch 3/40
Validation - Loss: 0.8138 | New: 79.3% | Retain: 78.9% | 20-69: 69.7% | Score: 58.3
★ New best model! Score: 58.3

ER-EWC Learning Epoch 4/40
Validation - Loss: 0.5878 | New: 83.5% | Retain: 78.5% | 20-69: 69.2% | Score: 62.0
★ New best model! Score: 62.0

ER-EWC Learning Epoch 5/40
Validation - Loss: 0.4562 | New: 85.1% | Retain: 78.1% | 20-69: 68.3% | Score: 63.1
★ New best model! Score: 63.1

ER-EWC Learning Epoch 6/40
Validation - Loss: 0.3527 | New: 86.8% | Retain: 78.4% | 20-69: 67.8% | Score: 65.2
★ New best model! Score: 65.2

ER-EWC Learning Epoch 7/40
Validation - Loss: 0.2915 | New: 87.5% | Retain: 77.6% | 20-69: 66.8% | Score: 65.0

ER-EWC Learning Epoch 8/40
Validation - Loss: 0.2403 | New: 88.5% | Retain: 76.9% | 20-69: 66.1% | Score: 65.5
★ New best model! Score: 65.5

ER-EWC Learning Epoch 9/40
Validation - Loss: 0.1987 | New: 88.9% | Retain: 77.8% | 20-69: 66.5% | Score: 66.7
★ New best model! Score: 66.7

ER-EWC Learning Epoch 10/40
Validation - Loss: 0.1664 | New: 90.3% | Retain: 77.4% | 20-69: 66.2% | Score: 67.7
★ New best model! Score: 67.7

ER-EWC Learning Epoch 11/40
Validation - Loss: 0.1509 | New: 90.3% | Retain: 77.2% | 20-69: 65.0% | Score: 67.5

ER-EWC Learning Epoch 12/40
Validation - Loss: 0.1299 | New: 89.5% | Retain: 77.5% | 20-69: 65.3% | Score: 66.9

ER-EWC Learning Epoch 13/40
Validation - Loss: 0.1116 | New: 90.5% | Retain: 76.9% | 20-69: 64.9% | Score: 67.5

ER-EWC Learning Epoch 14/40
Validation - Loss: 0.0988 | New: 90.5% | Retain: 77.7% | 20-69: 65.6% | Score: 68.3
★ New best model! Score: 68.3

ER-EWC Learning Epoch 15/40
Validation - Loss: 0.0932 | New: 91.2% | Retain: 76.9% | 20-69: 64.9% | Score: 68.1

ER-EWC Learning Epoch 16/40
Validation - Loss: 0.0771 | New: 90.8% | Retain: 76.6% | 20-69: 64.9% | Score: 67.4

ER-EWC Learning Epoch 17/40
Validation - Loss: 0.0713 | New: 91.3% | Retain: 76.5% | 20-69: 64.8% | Score: 67.9

ER-EWC Learning Epoch 18/40
Validation - Loss: 0.0654 | New: 91.3% | Retain: 77.1% | 20-69: 64.2% | Score: 68.5
★ New best model! Score: 68.5

ER-EWC Learning Epoch 19/40
Validation - Loss: 0.0579 | New: 91.7% | Retain: 76.6% | 20-69: 64.8% | Score: 68.3

ER-EWC Learning Epoch 20/40
Validation - Loss: 0.0544 | New: 91.3% | Retain: 75.7% | 20-69: 63.7% | Score: 67.1

ER-EWC Learning Epoch 21/40
Validation - Loss: 0.0512 | New: 91.3% | Retain: 76.2% | 20-69: 64.3% | Score: 67.5

ER-EWC Learning Epoch 22/40
Validation - Loss: 0.0448 | New: 90.7% | Retain: 76.0% | 20-69: 63.3% | Score: 66.7

ER-EWC Learning Epoch 23/40
Validation - Loss: 0.0384 | New: 91.2% | Retain: 75.8% | 20-69: 63.6% | Score: 67.0

ER-EWC Learning Epoch 24/40
Validation - Loss: 0.0374 | New: 91.3% | Retain: 75.1% | 20-69: 62.8% | Score: 66.4

ER-EWC Learning Epoch 25/40
Validation - Loss: 0.0345 | New: 90.8% | Retain: 75.6% | 20-69: 63.9% | Score: 66.4

ER-EWC Learning Epoch 26/40
Validation - Loss: 0.0346 | New: 91.5% | Retain: 75.1% | 20-69: 63.4% | Score: 66.6

ER-EWC Learning Epoch 27/40
Validation - Loss: 0.0289 | New: 91.1% | Retain: 75.3% | 20-69: 62.9% | Score: 66.4

ER-EWC Learning Epoch 28/40
Validation - Loss: 0.0274 | New: 91.7% | Retain: 74.9% | 20-69: 62.8% | Score: 66.6

ER-EWC Learning Epoch 29/40
Validation - Loss: 0.0270 | New: 91.3% | Retain: 75.0% | 20-69: 62.7% | Score: 66.4

ER-EWC Learning Epoch 30/40
Validation - Loss: 0.0255 | New: 90.9% | Retain: 75.4% | 20-69: 63.2% | Score: 66.3

ER-EWC Learning Epoch 31/40
Validation - Loss: 0.0294 | New: 91.2% | Retain: 75.2% | 20-69: 63.2% | Score: 66.4

ER-EWC Learning Epoch 32/40
Validation - Loss: 0.0183 | New: 91.2% | Retain: 74.9% | 20-69: 63.0% | Score: 66.1

ER-EWC Learning Epoch 33/40
Validation - Loss: 0.0228 | New: 91.3% | Retain: 74.6% | 20-69: 62.7% | Score: 65.9

ER-EWC Learning Epoch 34/40
Validation - Loss: 0.0169 | New: 91.5% | Retain: 74.1% | 20-69: 62.5% | Score: 65.6

ER-EWC Learning Epoch 35/40
Validation - Loss: 0.0198 | New: 91.5% | Retain: 74.1% | 20-69: 62.8% | Score: 65.6

ER-EWC Learning Epoch 36/40
Validation - Loss: 0.0181 | New: 91.7% | Retain: 73.8% | 20-69: 62.3% | Score: 65.6

ER-EWC Learning Epoch 37/40
Validation - Loss: 0.0145 | New: 92.3% | Retain: 74.5% | 20-69: 63.6% | Score: 66.7

ER-EWC Learning Epoch 38/40
Validation - Loss: 0.0173 | New: 92.5% | Retain: 73.9% | 20-69: 62.2% | Score: 66.5

ER-EWC Learning Epoch 39/40
Validation - Loss: 0.0157 | New: 91.9% | Retain: 73.5% | 20-69: 61.6% | Score: 65.4

ER-EWC Learning Epoch 40/40
Validation - Loss: 0.0125 | New: 92.1% | Retain: 73.7% | 20-69: 62.6% | Score: 65.9

✓ Loaded best learned model (Score: 68.5)
Saved checkpoint: steps/step2.pth
Final accuracy on classes 20-69: 64.19%

============================================================
Step 3: 20-69 -> 30-79
============================================================

Initial validation before GA unlearning:
Validation - Forget: 56.8% | Retain: 66.0% | 30-79: 52.8%
GA Unlearning: Forget [20, 21, 22, 23, 24, 25, 26, 27, 28, 29], Retain [30, 31, 32, 33, 34, 35, 36, 37, 38, 39, 40, 41, 42, 43, 44, 45, 46, 47, 48, 49, 50, 51, 52, 53, 54, 55, 56, 57, 58, 59, 60, 61, 62, 63, 64, 65, 66, 67, 68, 69]

GA Unlearning Epoch 1/40
Validation - Forget: 41.9% | Retain: 71.4% | 30-69: 71.4% | Score: 29.6
★ New best model! Score: 29.6

GA Unlearning Epoch 2/40
Validation - Forget: 7.7% | Retain: 59.9% | 30-69: 59.9% | Score: 52.2
★ New best model! Score: 52.2

GA Unlearning Epoch 3/40
Validation - Forget: 0.5% | Retain: 62.9% | 30-69: 62.9% | Score: 62.3
★ New best model! Score: 62.3

GA Unlearning Epoch 4/40
Validation - Forget: 0.1% | Retain: 62.8% | 30-69: 62.8% | Score: 62.7
★ New best model! Score: 62.7

GA Unlearning Epoch 5/40
Validation - Forget: 0.0% | Retain: 61.3% | 30-69: 61.3% | Score: 61.3

GA Unlearning Epoch 6/40
Validation - Forget: 0.0% | Retain: 58.1% | 30-69: 58.1% | Score: 58.1

GA Unlearning Epoch 7/40
Validation - Forget: 0.0% | Retain: 55.4% | 30-69: 55.4% | Score: 55.4

GA Unlearning Epoch 8/40
Validation - Forget: 0.0% | Retain: 53.9% | 30-69: 53.9% | Score: 53.9

GA Unlearning Epoch 9/40
Validation - Forget: 0.0% | Retain: 53.3% | 30-69: 53.3% | Score: 53.3

GA Unlearning Epoch 10/40
Validation - Forget: 0.0% | Retain: 52.9% | 30-69: 52.9% | Score: 52.9

GA Unlearning Epoch 11/40
Validation - Forget: 0.0% | Retain: 52.2% | 30-69: 52.2% | Score: 52.2

GA Unlearning Epoch 12/40
Validation - Forget: 0.0% | Retain: 51.6% | 30-69: 51.6% | Score: 51.6

GA Unlearning Epoch 13/40
Validation - Forget: 0.0% | Retain: 51.5% | 30-69: 51.5% | Score: 51.5

GA Unlearning Epoch 14/40
Validation - Forget: 0.0% | Retain: 50.7% | 30-69: 50.7% | Score: 50.7

GA Unlearning Epoch 15/40
Validation - Forget: 0.0% | Retain: 52.1% | 30-69: 52.1% | Score: 52.1

GA Unlearning Epoch 16/40
Validation - Forget: 0.0% | Retain: 52.7% | 30-69: 52.7% | Score: 52.7

GA Unlearning Epoch 17/40
Validation - Forget: 0.0% | Retain: 53.8% | 30-69: 53.8% | Score: 53.8

GA Unlearning Epoch 18/40
Validation - Forget: 0.0% | Retain: 51.4% | 30-69: 51.4% | Score: 51.4

GA Unlearning Epoch 19/40
Validation - Forget: 0.0% | Retain: 52.2% | 30-69: 52.2% | Score: 52.2

GA Unlearning Epoch 20/40
Validation - Forget: 0.0% | Retain: 53.1% | 30-69: 53.1% | Score: 53.1

GA Unlearning Epoch 21/40
Validation - Forget: 0.0% | Retain: 53.1% | 30-69: 53.1% | Score: 53.1

GA Unlearning Epoch 22/40
Validation - Forget: 0.0% | Retain: 52.2% | 30-69: 52.2% | Score: 52.2

GA Unlearning Epoch 23/40
Validation - Forget: 0.0% | Retain: 52.4% | 30-69: 52.4% | Score: 52.4

GA Unlearning Epoch 24/40
Validation - Forget: 0.0% | Retain: 52.8% | 30-69: 52.8% | Score: 52.8

GA Unlearning Epoch 25/40
Validation - Forget: 0.0% | Retain: 51.3% | 30-69: 51.3% | Score: 51.3

GA Unlearning Epoch 26/40
Validation - Forget: 0.0% | Retain: 51.5% | 30-69: 51.5% | Score: 51.5

GA Unlearning Epoch 27/40
Validation - Forget: 0.0% | Retain: 52.5% | 30-69: 52.5% | Score: 52.5

GA Unlearning Epoch 28/40
Validation - Forget: 0.0% | Retain: 50.7% | 30-69: 50.7% | Score: 50.7

GA Unlearning Epoch 29/40
Validation - Forget: 0.0% | Retain: 51.1% | 30-69: 51.1% | Score: 51.1

GA Unlearning Epoch 30/40
Validation - Forget: 0.0% | Retain: 52.2% | 30-69: 52.2% | Score: 52.2

GA Unlearning Epoch 31/40
Validation - Forget: 0.0% | Retain: 52.2% | 30-69: 52.2% | Score: 52.2

GA Unlearning Epoch 32/40
Validation - Forget: 0.0% | Retain: 52.4% | 30-69: 52.4% | Score: 52.4

GA Unlearning Epoch 33/40
Validation - Forget: 0.0% | Retain: 50.7% | 30-69: 50.7% | Score: 50.7

GA Unlearning Epoch 34/40
Validation - Forget: 0.0% | Retain: 51.2% | 30-69: 51.2% | Score: 51.2

GA Unlearning Epoch 35/40
Validation - Forget: 0.0% | Retain: 51.5% | 30-69: 51.5% | Score: 51.5

GA Unlearning Epoch 36/40
Validation - Forget: 0.0% | Retain: 51.5% | 30-69: 51.5% | Score: 51.5

GA Unlearning Epoch 37/40
Validation - Forget: 0.0% | Retain: 50.0% | 30-69: 50.0% | Score: 50.0

GA Unlearning Epoch 38/40
Validation - Forget: 0.0% | Retain: 51.1% | 30-69: 51.1% | Score: 51.1

GA Unlearning Epoch 39/40
Validation - Forget: 0.0% | Retain: 52.7% | 30-69: 52.7% | Score: 52.7

GA Unlearning Epoch 40/40
Validation - Forget: 0.0% | Retain: 52.1% | 30-69: 52.1% | Score: 52.1

✓ Loaded best unlearned model (Score: 62.7)

Initial validation before ER-EWC learning:
Validation - Retain: 62.8% | 30-79: 50.3%
ER-EWC Learning: Adding classes [70, 71, 72, 73, 74, 75, 76, 77, 78, 79]

ER-EWC Learning Epoch 1/40
Validation - Loss: 2.1714 | New: 70.1% | Retain: 73.6% | 30-79: 64.8% | Score: 43.7
★ New best model! Score: 43.7

ER-EWC Learning Epoch 2/40
Validation - Loss: 1.2685 | New: 77.3% | Retain: 75.0% | 30-79: 68.7% | Score: 52.4
★ New best model! Score: 52.4

ER-EWC Learning Epoch 3/40
Validation - Loss: 0.8573 | New: 81.6% | Retain: 74.4% | 30-79: 68.1% | Score: 56.0
★ New best model! Score: 56.0

ER-EWC Learning Epoch 4/40
Validation - Loss: 0.5848 | New: 83.6% | Retain: 74.6% | 30-79: 67.2% | Score: 58.2
★ New best model! Score: 58.2

ER-EWC Learning Epoch 5/40
Validation - Loss: 0.4221 | New: 85.5% | Retain: 74.7% | 30-79: 66.1% | Score: 60.2
★ New best model! Score: 60.2

ER-EWC Learning Epoch 6/40
Validation - Loss: 0.3268 | New: 86.9% | Retain: 75.2% | 30-79: 66.0% | Score: 62.1
★ New best model! Score: 62.1

ER-EWC Learning Epoch 7/40
Validation - Loss: 0.2702 | New: 87.9% | Retain: 74.2% | 30-79: 64.1% | Score: 62.0

ER-EWC Learning Epoch 8/40
Validation - Loss: 0.2230 | New: 89.1% | Retain: 74.2% | 30-79: 65.0% | Score: 63.2
★ New best model! Score: 63.2

ER-EWC Learning Epoch 9/40
Validation - Loss: 0.1975 | New: 89.2% | Retain: 74.1% | 30-79: 64.9% | Score: 63.3
★ New best model! Score: 63.3

ER-EWC Learning Epoch 10/40
Validation - Loss: 0.1720 | New: 89.2% | Retain: 74.3% | 30-79: 64.0% | Score: 63.5
★ New best model! Score: 63.5

ER-EWC Learning Epoch 11/40
Validation - Loss: 0.1521 | New: 90.4% | Retain: 73.8% | 30-79: 63.4% | Score: 64.2
★ New best model! Score: 64.2

ER-EWC Learning Epoch 12/40
Validation - Loss: 0.1316 | New: 90.7% | Retain: 73.5% | 30-79: 63.8% | Score: 64.1

ER-EWC Learning Epoch 13/40
Validation - Loss: 0.1197 | New: 90.8% | Retain: 73.9% | 30-79: 63.0% | Score: 64.7
★ New best model! Score: 64.7

ER-EWC Learning Epoch 14/40
Validation - Loss: 0.1088 | New: 90.4% | Retain: 72.5% | 30-79: 61.4% | Score: 62.9

ER-EWC Learning Epoch 15/40
Validation - Loss: 0.0976 | New: 91.3% | Retain: 73.4% | 30-79: 63.4% | Score: 64.7
★ New best model! Score: 64.7

ER-EWC Learning Epoch 16/40
Validation - Loss: 0.0849 | New: 91.3% | Retain: 73.3% | 30-79: 61.8% | Score: 64.6

ER-EWC Learning Epoch 17/40
Validation - Loss: 0.0733 | New: 91.1% | Retain: 73.7% | 30-79: 62.7% | Score: 64.8
★ New best model! Score: 64.8

ER-EWC Learning Epoch 18/40
Validation - Loss: 0.0656 | New: 91.3% | Retain: 72.0% | 30-79: 60.7% | Score: 63.4

ER-EWC Learning Epoch 19/40
Validation - Loss: 0.0641 | New: 91.2% | Retain: 72.8% | 30-79: 61.8% | Score: 64.0

ER-EWC Learning Epoch 20/40
Validation - Loss: 0.0601 | New: 90.9% | Retain: 72.3% | 30-79: 60.7% | Score: 63.2

ER-EWC Learning Epoch 21/40
Validation - Loss: 0.0568 | New: 90.5% | Retain: 72.1% | 30-79: 61.1% | Score: 62.6

ER-EWC Learning Epoch 22/40
Validation - Loss: 0.0486 | New: 91.9% | Retain: 72.4% | 30-79: 61.1% | Score: 64.3

ER-EWC Learning Epoch 23/40
Validation - Loss: 0.0468 | New: 91.7% | Retain: 71.9% | 30-79: 60.9% | Score: 63.7

ER-EWC Learning Epoch 24/40
Validation - Loss: 0.0400 | New: 91.3% | Retain: 72.4% | 30-79: 60.2% | Score: 63.7

ER-EWC Learning Epoch 25/40
Validation - Loss: 0.0363 | New: 92.8% | Retain: 72.6% | 30-79: 62.7% | Score: 65.4
★ New best model! Score: 65.4

ER-EWC Learning Epoch 26/40
Validation - Loss: 0.0328 | New: 92.0% | Retain: 71.8% | 30-79: 60.4% | Score: 63.8

ER-EWC Learning Epoch 27/40
Validation - Loss: 0.0338 | New: 91.9% | Retain: 72.2% | 30-79: 61.7% | Score: 64.1

ER-EWC Learning Epoch 28/40
Validation - Loss: 0.0312 | New: 91.7% | Retain: 72.4% | 30-79: 59.9% | Score: 64.2

ER-EWC Learning Epoch 29/40
Validation - Loss: 0.0285 | New: 92.3% | Retain: 71.9% | 30-79: 60.9% | Score: 64.2

ER-EWC Learning Epoch 30/40
Validation - Loss: 0.0323 | New: 91.6% | Retain: 71.5% | 30-79: 59.9% | Score: 63.1

ER-EWC Learning Epoch 31/40
Validation - Loss: 0.0241 | New: 92.0% | Retain: 71.7% | 30-79: 60.6% | Score: 63.7

ER-EWC Learning Epoch 32/40
Validation - Loss: 0.0259 | New: 92.0% | Retain: 71.4% | 30-79: 60.4% | Score: 63.4

ER-EWC Learning Epoch 33/40
Validation - Loss: 0.0217 | New: 92.9% | Retain: 72.4% | 30-79: 61.9% | Score: 65.3

ER-EWC Learning Epoch 34/40
Validation - Loss: 0.0181 | New: 92.9% | Retain: 72.3% | 30-79: 61.4% | Score: 65.3

ER-EWC Learning Epoch 35/40
Validation - Loss: 0.0191 | New: 92.8% | Retain: 72.2% | 30-79: 60.3% | Score: 65.0

ER-EWC Learning Epoch 36/40
Validation - Loss: 0.0167 | New: 92.1% | Retain: 71.8% | 30-79: 60.7% | Score: 63.9

ER-EWC Learning Epoch 37/40
Validation - Loss: 0.0225 | New: 93.2% | Retain: 71.8% | 30-79: 60.6% | Score: 65.0

ER-EWC Learning Epoch 38/40
Validation - Loss: 0.0189 | New: 92.7% | Retain: 70.5% | 30-79: 59.1% | Score: 63.1

ER-EWC Learning Epoch 39/40
Validation - Loss: 0.0137 | New: 91.6% | Retain: 70.6% | 30-79: 58.7% | Score: 62.2

ER-EWC Learning Epoch 40/40
Validation - Loss: 0.0159 | New: 91.7% | Retain: 71.8% | 30-79: 60.9% | Score: 63.5

✓ Loaded best learned model (Score: 65.4)
Saved checkpoint: steps/step3.pth
Final accuracy on classes 30-79: 62.69%

============================================================
Step 4: 30-79 -> 40-89
============================================================

Initial validation before GA unlearning:
Validation - Forget: 55.9% | Retain: 64.4% | 40-89: 51.5%
GA Unlearning: Forget [30, 31, 32, 33, 34, 35, 36, 37, 38, 39], Retain [40, 41, 42, 43, 44, 45, 46, 47, 48, 49, 50, 51, 52, 53, 54, 55, 56, 57, 58, 59, 60, 61, 62, 63, 64, 65, 66, 67, 68, 69, 70, 71, 72, 73, 74, 75, 76, 77, 78, 79]

GA Unlearning Epoch 1/40
Validation - Forget: 13.5% | Retain: 60.9% | 40-79: 60.9% | Score: 47.4
★ New best model! Score: 47.4

GA Unlearning Epoch 2/40
Validation - Forget: 1.1% | Retain: 59.0% | 40-79: 59.0% | Score: 57.9
★ New best model! Score: 57.9

GA Unlearning Epoch 3/40
Validation - Forget: 0.0% | Retain: 62.9% | 40-79: 62.9% | Score: 62.9
★ New best model! Score: 62.9

GA Unlearning Epoch 4/40
Validation - Forget: 0.0% | Retain: 62.2% | 40-79: 62.2% | Score: 62.2

GA Unlearning Epoch 5/40
Validation - Forget: 0.0% | Retain: 61.8% | 40-79: 61.8% | Score: 61.8

GA Unlearning Epoch 6/40
Validation - Forget: 0.0% | Retain: 61.3% | 40-79: 61.3% | Score: 61.3

GA Unlearning Epoch 7/40
Validation - Forget: 0.0% | Retain: 59.8% | 40-79: 59.8% | Score: 59.8

GA Unlearning Epoch 8/40
Validation - Forget: 0.0% | Retain: 57.7% | 40-79: 57.7% | Score: 57.7

GA Unlearning Epoch 9/40
Validation - Forget: 0.0% | Retain: 55.5% | 40-79: 55.5% | Score: 55.5

GA Unlearning Epoch 10/40
Validation - Forget: 0.0% | Retain: 51.1% | 40-79: 51.1% | Score: 51.1

GA Unlearning Epoch 11/40
Validation - Forget: 0.0% | Retain: 50.1% | 40-79: 50.1% | Score: 50.1

GA Unlearning Epoch 12/40
Validation - Forget: 0.0% | Retain: 48.3% | 40-79: 48.3% | Score: 48.3

GA Unlearning Epoch 13/40
Validation - Forget: 0.0% | Retain: 47.2% | 40-79: 47.2% | Score: 47.2

GA Unlearning Epoch 14/40
Validation - Forget: 0.0% | Retain: 49.1% | 40-79: 49.1% | Score: 49.1

GA Unlearning Epoch 15/40
Validation - Forget: 0.0% | Retain: 48.6% | 40-79: 48.6% | Score: 48.6

GA Unlearning Epoch 16/40
Validation - Forget: 0.0% | Retain: 50.8% | 40-79: 50.8% | Score: 50.8

GA Unlearning Epoch 17/40
Validation - Forget: 0.0% | Retain: 49.8% | 40-79: 49.8% | Score: 49.8

GA Unlearning Epoch 18/40
Validation - Forget: 0.0% | Retain: 50.0% | 40-79: 50.0% | Score: 50.0

GA Unlearning Epoch 19/40
Validation - Forget: 0.0% | Retain: 48.4% | 40-79: 48.4% | Score: 48.4

GA Unlearning Epoch 20/40
Validation - Forget: 0.0% | Retain: 49.7% | 40-79: 49.7% | Score: 49.7

GA Unlearning Epoch 21/40
Validation - Forget: 0.0% | Retain: 46.9% | 40-79: 46.9% | Score: 46.9

GA Unlearning Epoch 22/40
Validation - Forget: 0.0% | Retain: 50.5% | 40-79: 50.5% | Score: 50.5

GA Unlearning Epoch 23/40
Validation - Forget: 0.0% | Retain: 48.9% | 40-79: 48.9% | Score: 48.9

GA Unlearning Epoch 24/40
Validation - Forget: 0.0% | Retain: 49.0% | 40-79: 49.0% | Score: 49.0

GA Unlearning Epoch 25/40
Validation - Forget: 0.0% | Retain: 47.5% | 40-79: 47.5% | Score: 47.5

GA Unlearning Epoch 26/40
Validation - Forget: 0.0% | Retain: 48.1% | 40-79: 48.1% | Score: 48.1

GA Unlearning Epoch 27/40
Validation - Forget: 0.0% | Retain: 48.8% | 40-79: 48.8% | Score: 48.8

GA Unlearning Epoch 28/40
Validation - Forget: 0.0% | Retain: 48.4% | 40-79: 48.4% | Score: 48.4

GA Unlearning Epoch 29/40
Validation - Forget: 0.0% | Retain: 47.6% | 40-79: 47.6% | Score: 47.6

GA Unlearning Epoch 30/40
Validation - Forget: 0.0% | Retain: 48.1% | 40-79: 48.1% | Score: 48.1

GA Unlearning Epoch 31/40
Validation - Forget: 0.0% | Retain: 48.7% | 40-79: 48.7% | Score: 48.7

GA Unlearning Epoch 32/40
Validation - Forget: 0.0% | Retain: 48.1% | 40-79: 48.1% | Score: 48.1

GA Unlearning Epoch 33/40
Validation - Forget: 0.0% | Retain: 47.0% | 40-79: 47.0% | Score: 47.0

GA Unlearning Epoch 34/40
Validation - Forget: 0.0% | Retain: 47.3% | 40-79: 47.3% | Score: 47.3

GA Unlearning Epoch 35/40
Validation - Forget: 0.0% | Retain: 48.1% | 40-79: 48.1% | Score: 48.1

GA Unlearning Epoch 36/40
Validation - Forget: 0.0% | Retain: 48.1% | 40-79: 48.1% | Score: 48.1

GA Unlearning Epoch 37/40
Validation - Forget: 0.0% | Retain: 47.8% | 40-79: 47.8% | Score: 47.8

GA Unlearning Epoch 38/40
Validation - Forget: 0.0% | Retain: 45.6% | 40-79: 45.6% | Score: 45.6

GA Unlearning Epoch 39/40
Validation - Forget: 0.0% | Retain: 46.4% | 40-79: 46.4% | Score: 46.4

GA Unlearning Epoch 40/40
Validation - Forget: 0.0% | Retain: 46.4% | 40-79: 46.4% | Score: 46.4

✓ Loaded best unlearned model (Score: 62.9)

Initial validation before ER-EWC learning:
Validation - Retain: 62.9% | 40-89: 50.3%
ER-EWC Learning: Adding classes [80, 81, 82, 83, 84, 85, 86, 87, 88, 89]

ER-EWC Learning Epoch 1/40
Validation - Loss: 2.2009 | New: 58.4% | Retain: 72.4% | 40-89: 62.5% | Score: 30.8
★ New best model! Score: 30.8

ER-EWC Learning Epoch 2/40
Validation - Loss: 1.2939 | New: 68.8% | Retain: 73.0% | 40-89: 65.8% | Score: 41.8
★ New best model! Score: 41.8

ER-EWC Learning Epoch 3/40
Validation - Loss: 0.8836 | New: 74.8% | Retain: 72.8% | 40-89: 65.9% | Score: 47.6
★ New best model! Score: 47.6

ER-EWC Learning Epoch 4/40
Validation - Loss: 0.6167 | New: 78.5% | Retain: 72.3% | 40-89: 65.0% | Score: 50.8
★ New best model! Score: 50.8

ER-EWC Learning Epoch 5/40
Validation - Loss: 0.4501 | New: 83.2% | Retain: 72.5% | 40-89: 66.2% | Score: 55.7
★ New best model! Score: 55.7

ER-EWC Learning Epoch 6/40
Validation - Loss: 0.3429 | New: 86.4% | Retain: 71.9% | 40-89: 65.4% | Score: 58.3
★ New best model! Score: 58.3

ER-EWC Learning Epoch 7/40
Validation - Loss: 0.2778 | New: 88.3% | Retain: 72.2% | 40-89: 65.7% | Score: 60.4
★ New best model! Score: 60.4

ER-EWC Learning Epoch 8/40
Validation - Loss: 0.2317 | New: 88.3% | Retain: 71.3% | 40-89: 64.0% | Score: 59.6

ER-EWC Learning Epoch 9/40
Validation - Loss: 0.1917 | New: 90.1% | Retain: 72.1% | 40-89: 64.1% | Score: 62.2
★ New best model! Score: 62.2

ER-EWC Learning Epoch 10/40
Validation - Loss: 0.1672 | New: 90.5% | Retain: 71.1% | 40-89: 63.2% | Score: 61.7

ER-EWC Learning Epoch 11/40
Validation - Loss: 0.1502 | New: 91.7% | Retain: 71.3% | 40-89: 64.1% | Score: 63.1
★ New best model! Score: 63.1

ER-EWC Learning Epoch 12/40
Validation - Loss: 0.1294 | New: 91.3% | Retain: 69.7% | 40-89: 62.2% | Score: 61.1

ER-EWC Learning Epoch 13/40
Validation - Loss: 0.1173 | New: 92.1% | Retain: 70.8% | 40-89: 63.4% | Score: 63.0

ER-EWC Learning Epoch 14/40
Validation - Loss: 0.0962 | New: 92.0% | Retain: 70.5% | 40-89: 62.9% | Score: 62.5

ER-EWC Learning Epoch 15/40
Validation - Loss: 0.0905 | New: 92.7% | Retain: 69.6% | 40-89: 62.2% | Score: 62.2

ER-EWC Learning Epoch 16/40
Validation - Loss: 0.0758 | New: 93.1% | Retain: 69.5% | 40-89: 61.9% | Score: 62.5

ER-EWC Learning Epoch 17/40
Validation - Loss: 0.0736 | New: 93.6% | Retain: 69.9% | 40-89: 63.1% | Score: 63.5
★ New best model! Score: 63.5

ER-EWC Learning Epoch 18/40
Validation - Loss: 0.0647 | New: 91.6% | Retain: 69.0% | 40-89: 61.3% | Score: 60.6

ER-EWC Learning Epoch 19/40
Validation - Loss: 0.0650 | New: 92.4% | Retain: 69.3% | 40-89: 62.6% | Score: 61.7

ER-EWC Learning Epoch 20/40
Validation - Loss: 0.0538 | New: 93.1% | Retain: 69.7% | 40-89: 61.5% | Score: 62.7

ER-EWC Learning Epoch 21/40
Validation - Loss: 0.0507 | New: 92.5% | Retain: 69.4% | 40-89: 61.9% | Score: 62.0

ER-EWC Learning Epoch 22/40
Validation - Loss: 0.0439 | New: 93.5% | Retain: 69.0% | 40-89: 61.3% | Score: 62.5

ER-EWC Learning Epoch 23/40
Validation - Loss: 0.0390 | New: 94.3% | Retain: 68.5% | 40-89: 61.4% | Score: 62.7

ER-EWC Learning Epoch 24/40
Validation - Loss: 0.0397 | New: 93.9% | Retain: 68.4% | 40-89: 61.1% | Score: 62.2

ER-EWC Learning Epoch 25/40
Validation - Loss: 0.0380 | New: 93.7% | Retain: 69.3% | 40-89: 61.8% | Score: 63.1

ER-EWC Learning Epoch 26/40
Validation - Loss: 0.0330 | New: 93.9% | Retain: 69.1% | 40-89: 61.3% | Score: 62.9

ER-EWC Learning Epoch 27/40
Validation - Loss: 0.0316 | New: 94.3% | Retain: 69.0% | 40-89: 60.8% | Score: 63.3

ER-EWC Learning Epoch 28/40
Validation - Loss: 0.0293 | New: 93.5% | Retain: 69.4% | 40-89: 61.9% | Score: 62.9

ER-EWC Learning Epoch 29/40
Validation - Loss: 0.0290 | New: 94.0% | Retain: 68.9% | 40-89: 61.8% | Score: 62.9

ER-EWC Learning Epoch 30/40
Validation - Loss: 0.0264 | New: 93.5% | Retain: 68.5% | 40-89: 60.5% | Score: 61.9

ER-EWC Learning Epoch 31/40
Validation - Loss: 0.0235 | New: 93.9% | Retain: 68.4% | 40-89: 61.0% | Score: 62.3

ER-EWC Learning Epoch 32/40
Validation - Loss: 0.0238 | New: 94.1% | Retain: 68.9% | 40-89: 60.1% | Score: 63.0

ER-EWC Learning Epoch 33/40
Validation - Loss: 0.0224 | New: 93.7% | Retain: 69.0% | 40-89: 61.4% | Score: 62.8

ER-EWC Learning Epoch 34/40
Validation - Loss: 0.0199 | New: 94.1% | Retain: 69.5% | 40-89: 61.8% | Score: 63.6
★ New best model! Score: 63.6

ER-EWC Learning Epoch 35/40
Validation - Loss: 0.0250 | New: 93.6% | Retain: 69.4% | 40-89: 59.9% | Score: 63.0

ER-EWC Learning Epoch 36/40
Validation - Loss: 0.0225 | New: 93.7% | Retain: 68.5% | 40-89: 59.1% | Score: 62.2

ER-EWC Learning Epoch 37/40
Validation - Loss: 0.0205 | New: 93.7% | Retain: 69.4% | 40-89: 61.3% | Score: 63.2

ER-EWC Learning Epoch 38/40
Validation - Loss: 0.0182 | New: 93.6% | Retain: 69.3% | 40-89: 61.5% | Score: 62.9

ER-EWC Learning Epoch 39/40
Validation - Loss: 0.0201 | New: 92.9% | Retain: 69.6% | 40-89: 60.7% | Score: 62.6

ER-EWC Learning Epoch 40/40
Validation - Loss: 0.0199 | New: 93.1% | Retain: 68.2% | 40-89: 59.7% | Score: 61.2

✓ Loaded best learned model (Score: 63.6)
Saved checkpoint: steps/step4.pth
Final accuracy on classes 40-89: 61.84%

============================================================
Step 5: 40-89 -> 50-99
============================================================

Initial validation before GA unlearning:
Validation - Forget: 60.5% | Retain: 62.1% | 50-99: 49.7%
GA Unlearning: Forget [40, 41, 42, 43, 44, 45, 46, 47, 48, 49], Retain [50, 51, 52, 53, 54, 55, 56, 57, 58, 59, 60, 61, 62, 63, 64, 65, 66, 67, 68, 69, 70, 71, 72, 73, 74, 75, 76, 77, 78, 79, 80, 81, 82, 83, 84, 85, 86, 87, 88, 89]

GA Unlearning Epoch 1/40
Validation - Forget: 4.9% | Retain: 51.8% | 50-89: 51.8% | Score: 46.8
★ New best model! Score: 46.8

GA Unlearning Epoch 2/40
Validation - Forget: 0.1% | Retain: 56.4% | 50-89: 56.4% | Score: 56.2
★ New best model! Score: 56.2

GA Unlearning Epoch 3/40
Validation - Forget: 0.0% | Retain: 57.3% | 50-89: 57.3% | Score: 57.3
★ New best model! Score: 57.3

GA Unlearning Epoch 4/40
Validation - Forget: 0.0% | Retain: 59.3% | 50-89: 59.3% | Score: 59.3
★ New best model! Score: 59.3

GA Unlearning Epoch 5/40
Validation - Forget: 0.0% | Retain: 59.1% | 50-89: 59.1% | Score: 59.1

GA Unlearning Epoch 6/40
Validation - Forget: 0.0% | Retain: 60.0% | 50-89: 60.0% | Score: 60.0
★ New best model! Score: 60.0

GA Unlearning Epoch 7/40
Validation - Forget: 0.0% | Retain: 59.9% | 50-89: 59.9% | Score: 59.9

GA Unlearning Epoch 8/40
Validation - Forget: 0.0% | Retain: 58.4% | 50-89: 58.4% | Score: 58.4

GA Unlearning Epoch 9/40
Validation - Forget: 0.0% | Retain: 58.0% | 50-89: 58.0% | Score: 58.0

GA Unlearning Epoch 10/40
Validation - Forget: 0.0% | Retain: 56.3% | 50-89: 56.3% | Score: 56.3

GA Unlearning Epoch 11/40
Validation - Forget: 0.0% | Retain: 55.4% | 50-89: 55.4% | Score: 55.4

GA Unlearning Epoch 12/40
Validation - Forget: 0.0% | Retain: 54.3% | 50-89: 54.3% | Score: 54.3

GA Unlearning Epoch 13/40
Validation - Forget: 0.0% | Retain: 53.7% | 50-89: 53.7% | Score: 53.7

GA Unlearning Epoch 14/40
Validation - Forget: 0.0% | Retain: 53.8% | 50-89: 53.8% | Score: 53.8

GA Unlearning Epoch 15/40
Validation - Forget: 0.0% | Retain: 53.9% | 50-89: 53.9% | Score: 53.9

GA Unlearning Epoch 16/40
Validation - Forget: 0.0% | Retain: 54.8% | 50-89: 54.8% | Score: 54.8

GA Unlearning Epoch 17/40
Validation - Forget: 0.0% | Retain: 52.8% | 50-89: 52.8% | Score: 52.8

GA Unlearning Epoch 18/40
Validation - Forget: 0.0% | Retain: 53.5% | 50-89: 53.5% | Score: 53.5

GA Unlearning Epoch 19/40
Validation - Forget: 0.0% | Retain: 53.8% | 50-89: 53.8% | Score: 53.8

GA Unlearning Epoch 20/40
Validation - Forget: 0.0% | Retain: 52.6% | 50-89: 52.6% | Score: 52.6

GA Unlearning Epoch 21/40
Validation - Forget: 0.0% | Retain: 51.8% | 50-89: 51.8% | Score: 51.8

GA Unlearning Epoch 22/40
Validation - Forget: 0.0% | Retain: 50.0% | 50-89: 50.0% | Score: 50.0

GA Unlearning Epoch 23/40
Validation - Forget: 0.0% | Retain: 49.3% | 50-89: 49.3% | Score: 49.3

GA Unlearning Epoch 24/40
Validation - Forget: 0.0% | Retain: 51.1% | 50-89: 51.1% | Score: 51.1

GA Unlearning Epoch 25/40
Validation - Forget: 0.0% | Retain: 49.0% | 50-89: 49.0% | Score: 49.0

GA Unlearning Epoch 26/40
Validation - Forget: 0.0% | Retain: 48.7% | 50-89: 48.7% | Score: 48.7

GA Unlearning Epoch 27/40
Validation - Forget: 0.0% | Retain: 47.7% | 50-89: 47.7% | Score: 47.7

GA Unlearning Epoch 28/40
Validation - Forget: 0.0% | Retain: 48.1% | 50-89: 48.1% | Score: 48.1

GA Unlearning Epoch 29/40
Validation - Forget: 0.0% | Retain: 49.1% | 50-89: 49.1% | Score: 49.1

GA Unlearning Epoch 30/40
Validation - Forget: 0.0% | Retain: 47.6% | 50-89: 47.6% | Score: 47.6

GA Unlearning Epoch 31/40
Validation - Forget: 0.0% | Retain: 46.8% | 50-89: 46.8% | Score: 46.8

GA Unlearning Epoch 32/40
Validation - Forget: 0.0% | Retain: 47.3% | 50-89: 47.3% | Score: 47.3

GA Unlearning Epoch 33/40
Validation - Forget: 0.0% | Retain: 46.1% | 50-89: 46.1% | Score: 46.1

GA Unlearning Epoch 34/40
Validation - Forget: 0.0% | Retain: 45.9% | 50-89: 45.9% | Score: 45.9

GA Unlearning Epoch 35/40
Validation - Forget: 0.0% | Retain: 45.0% | 50-89: 45.0% | Score: 45.0

GA Unlearning Epoch 36/40
Validation - Forget: 0.0% | Retain: 45.7% | 50-89: 45.7% | Score: 45.7

GA Unlearning Epoch 37/40
Validation - Forget: 0.0% | Retain: 45.4% | 50-89: 45.4% | Score: 45.4

GA Unlearning Epoch 38/40
Validation - Forget: 0.0% | Retain: 46.5% | 50-89: 46.5% | Score: 46.5

GA Unlearning Epoch 39/40
Validation - Forget: 0.0% | Retain: 45.6% | 50-89: 45.6% | Score: 45.6

GA Unlearning Epoch 40/40
Validation - Forget: 0.0% | Retain: 44.1% | 50-89: 44.1% | Score: 44.1

✓ Loaded best unlearned model (Score: 60.0)

Initial validation before ER-EWC learning:
Validation - Retain: 60.0% | 50-99: 48.0%
ER-EWC Learning: Adding classes [90, 91, 92, 93, 94, 95, 96, 97, 98, 99]

ER-EWC Learning Epoch 1/40
Validation - Loss: 2.3495 | New: 73.7% | Retain: 73.5% | 50-99: 63.1% | Score: 47.3
★ New best model! Score: 47.3

ER-EWC Learning Epoch 2/40
Validation - Loss: 1.3148 | New: 77.3% | Retain: 74.5% | 50-99: 66.3% | Score: 51.8
★ New best model! Score: 51.8

ER-EWC Learning Epoch 3/40
Validation - Loss: 0.8009 | New: 82.1% | Retain: 73.8% | 50-99: 64.8% | Score: 56.0
★ New best model! Score: 56.0

ER-EWC Learning Epoch 4/40
Validation - Loss: 0.4931 | New: 88.0% | Retain: 74.2% | 50-99: 63.8% | Score: 62.2
★ New best model! Score: 62.2

ER-EWC Learning Epoch 5/40
Validation - Loss: 0.3421 | New: 89.2% | Retain: 72.6% | 50-99: 62.6% | Score: 61.8

ER-EWC Learning Epoch 6/40
Validation - Loss: 0.2466 | New: 90.8% | Retain: 72.2% | 50-99: 60.1% | Score: 63.0
★ New best model! Score: 63.0

ER-EWC Learning Epoch 7/40
Validation - Loss: 0.1964 | New: 91.6% | Retain: 72.7% | 50-99: 59.9% | Score: 64.3
★ New best model! Score: 64.3

ER-EWC Learning Epoch 8/40
Validation - Loss: 0.1609 | New: 92.7% | Retain: 72.1% | 50-99: 59.7% | Score: 64.8
★ New best model! Score: 64.8

ER-EWC Learning Epoch 9/40
Validation - Loss: 0.1331 | New: 92.4% | Retain: 71.6% | 50-99: 58.5% | Score: 64.0

ER-EWC Learning Epoch 10/40
Validation - Loss: 0.1158 | New: 93.6% | Retain: 71.4% | 50-99: 59.3% | Score: 65.0
★ New best model! Score: 65.0

ER-EWC Learning Epoch 11/40
Validation - Loss: 0.0965 | New: 92.9% | Retain: 71.5% | 50-99: 58.7% | Score: 64.4

ER-EWC Learning Epoch 12/40
Validation - Loss: 0.0885 | New: 94.1% | Retain: 71.4% | 50-99: 58.7% | Score: 65.5
★ New best model! Score: 65.5

ER-EWC Learning Epoch 13/40
Validation - Loss: 0.0749 | New: 93.7% | Retain: 71.0% | 50-99: 57.5% | Score: 64.7

ER-EWC Learning Epoch 14/40
Validation - Loss: 0.0702 | New: 94.0% | Retain: 70.2% | 50-99: 57.5% | Score: 64.2

ER-EWC Learning Epoch 15/40
Validation - Loss: 0.0552 | New: 93.3% | Retain: 70.2% | 50-99: 57.0% | Score: 63.6

ER-EWC Learning Epoch 16/40
Validation - Loss: 0.0538 | New: 94.9% | Retain: 70.2% | 50-99: 56.8% | Score: 65.1

ER-EWC Learning Epoch 17/40
Validation - Loss: 0.0431 | New: 94.8% | Retain: 70.6% | 50-99: 56.1% | Score: 65.4

ER-EWC Learning Epoch 18/40
Validation - Loss: 0.0444 | New: 94.3% | Retain: 70.7% | 50-99: 57.9% | Score: 65.0

ER-EWC Learning Epoch 19/40
Validation - Loss: 0.0388 | New: 93.9% | Retain: 70.4% | 50-99: 55.8% | Score: 64.3

ER-EWC Learning Epoch 20/40
Validation - Loss: 0.0373 | New: 94.7% | Retain: 70.6% | 50-99: 56.7% | Score: 65.3

ER-EWC Learning Epoch 21/40
Validation - Loss: 0.0321 | New: 94.0% | Retain: 70.5% | 50-99: 56.0% | Score: 64.5

ER-EWC Learning Epoch 22/40
Validation - Loss: 0.0299 | New: 94.5% | Retain: 70.7% | 50-99: 56.4% | Score: 65.2

ER-EWC Learning Epoch 23/40
Validation - Loss: 0.0273 | New: 94.0% | Retain: 70.8% | 50-99: 56.7% | Score: 64.8

ER-EWC Learning Epoch 24/40
Validation - Loss: 0.0296 | New: 94.9% | Retain: 69.9% | 50-99: 55.7% | Score: 64.9

ER-EWC Learning Epoch 25/40
Validation - Loss: 0.0200 | New: 94.4% | Retain: 70.5% | 50-99: 57.1% | Score: 64.9

ER-EWC Learning Epoch 26/40
Validation - Loss: 0.0200 | New: 95.1% | Retain: 70.8% | 50-99: 57.3% | Score: 65.9
★ New best model! Score: 65.9

ER-EWC Learning Epoch 27/40
Validation - Loss: 0.0220 | New: 94.7% | Retain: 69.5% | 50-99: 55.9% | Score: 64.2

ER-EWC Learning Epoch 28/40
Validation - Loss: 0.0180 | New: 94.5% | Retain: 68.0% | 50-99: 53.7% | Score: 62.6

ER-EWC Learning Epoch 29/40
Validation - Loss: 0.0209 | New: 94.1% | Retain: 69.7% | 50-99: 56.4% | Score: 63.9

ER-EWC Learning Epoch 30/40
Validation - Loss: 0.0176 | New: 94.7% | Retain: 69.8% | 50-99: 54.7% | Score: 64.5

ER-EWC Learning Epoch 31/40
Validation - Loss: 0.0133 | New: 94.8% | Retain: 69.4% | 50-99: 56.4% | Score: 64.2

ER-EWC Learning Epoch 32/40
Validation - Loss: 0.0161 | New: 95.1% | Retain: 69.4% | 50-99: 54.2% | Score: 64.5

ER-EWC Learning Epoch 33/40
Validation - Loss: 0.0146 | New: 94.8% | Retain: 70.6% | 50-99: 56.3% | Score: 65.4

ER-EWC Learning Epoch 34/40
Validation - Loss: 0.0115 | New: 94.9% | Retain: 69.1% | 50-99: 55.9% | Score: 64.1

ER-EWC Learning Epoch 35/40
Validation - Loss: 0.0143 | New: 94.0% | Retain: 69.3% | 50-99: 55.5% | Score: 63.3

ER-EWC Learning Epoch 36/40
Validation - Loss: 0.0150 | New: 95.7% | Retain: 69.8% | 50-99: 56.5% | Score: 65.6

ER-EWC Learning Epoch 37/40
Validation - Loss: 0.0141 | New: 94.3% | Retain: 69.6% | 50-99: 55.2% | Score: 63.9

ER-EWC Learning Epoch 38/40
Validation - Loss: 0.0124 | New: 96.0% | Retain: 68.2% | 50-99: 55.0% | Score: 64.2

ER-EWC Learning Epoch 39/40
Validation - Loss: 0.0129 | New: 94.4% | Retain: 69.3% | 50-99: 54.9% | Score: 63.7

ER-EWC Learning Epoch 40/40
Validation - Loss: 0.0107 | New: 95.2% | Retain: 69.5% | 50-99: 55.7% | Score: 64.7

✓ Loaded best learned model (Score: 65.9)
Saved checkpoint: steps/step5.pth
Final accuracy on classes 50-99: 57.36%
