🛠️ Explicitly received params: {'num_classes': 100, 'lora_rank': 0}
Loaded pretrained weights from timm: deit_tiny_patch16_224
✅ Loaded pretrained weights from timm
Starting SCRUB+DER++ pipeline with base model (classes 0-49)

================================================================================
Step 1: 0-49 -> 10-59
================================================================================

Initial validation before SCRUB unlearning:
Validation - Forget: 85.7% | Retain: 86.8% | 10-59: 69.4%
SCRUB+DER++ Unlearning: Forget [0, 1, 2, 3, 4, 5, 6, 7, 8, 9], Retain [10, 11, 12, 13, 14, 15, 16, 17, 18, 19, 20, 21, 22, 23, 24, 25, 26, 27, 28, 29, 30, 31, 32, 33, 34, 35, 36, 37, 38, 39, 40, 41, 42, 43, 44, 45, 46, 47, 48, 49]
🛠️ Explicitly received params: {'num_classes': 100, 'lora_rank': 0}
SCRUB+DER++ Unlearning Epoch 1/40
Loss - Total: 13.117 | Forget: 7.248 | Retain: 5.869
Validation - Forget: 71.6% | Retain: 82.4% | 10-49: 82.4% | Score: 49.6
★ New best model! Score: 49.6

SCRUB+DER++ Unlearning Epoch 2/40
Loss - Total: 15.758 | Forget: 11.127 | Retain: 4.631
Validation - Forget: 68.5% | Retain: 81.5% | 10-49: 81.5% | Score: 52.2
★ New best model! Score: 52.2

SCRUB+DER++ Unlearning Epoch 3/40
Loss - Total: 19.507 | Forget: 14.404 | Retain: 5.103
Validation - Forget: 70.4% | Retain: 81.5% | 10-49: 81.5% | Score: 50.4

SCRUB+DER++ Unlearning Epoch 4/40
Loss - Total: 22.381 | Forget: 16.601 | Retain: 5.780
Validation - Forget: 63.3% | Retain: 80.8% | 10-49: 80.8% | Score: 57.1
★ New best model! Score: 57.1

SCRUB+DER++ Unlearning Epoch 5/40
Loss - Total: 23.222 | Forget: 19.031 | Retain: 4.190
Validation - Forget: 56.0% | Retain: 79.9% | 10-49: 79.9% | Score: 63.9
★ New best model! Score: 63.9

SCRUB+DER++ Unlearning Epoch 6/40
Loss - Total: 32.315 | Forget: 23.632 | Retain: 8.682
Validation - Forget: 46.3% | Retain: 77.3% | 10-49: 77.3% | Score: 72.4
★ New best model! Score: 72.4

SCRUB+DER++ Unlearning Epoch 7/40
Loss - Total: 33.113 | Forget: 28.080 | Retain: 5.034
Validation - Forget: 29.7% | Retain: 77.5% | 10-49: 77.5% | Score: 89.0
★ New best model! Score: 89.0

SCRUB+DER++ Unlearning Epoch 8/40
Loss - Total: 37.877 | Forget: 31.446 | Retain: 6.431
Validation - Forget: 46.5% | Retain: 76.2% | 10-49: 76.2% | Score: 71.6

SCRUB+DER++ Unlearning Epoch 9/40
Loss - Total: 42.458 | Forget: 33.427 | Retain: 9.031
Validation - Forget: 22.4% | Retain: 75.0% | 10-49: 75.0% | Score: 95.1
★ New best model! Score: 95.1

SCRUB+DER++ Unlearning Epoch 10/40
Loss - Total: 47.488 | Forget: 39.982 | Retain: 7.506
Validation - Forget: 32.8% | Retain: 73.4% | 10-49: 73.4% | Score: 83.9

SCRUB+DER++ Unlearning Epoch 11/40
Loss - Total: 51.120 | Forget: 42.706 | Retain: 8.414
Validation - Forget: 37.9% | Retain: 73.1% | 10-49: 73.1% | Score: 78.7

SCRUB+DER++ Unlearning Epoch 12/40
Loss - Total: 53.770 | Forget: 46.672 | Retain: 7.099
Validation - Forget: 25.5% | Retain: 71.9% | 10-49: 71.9% | Score: 90.5

SCRUB+DER++ Unlearning Epoch 13/40
Loss - Total: 63.016 | Forget: 52.510 | Retain: 10.506
Validation - Forget: 24.4% | Retain: 69.9% | 10-49: 69.9% | Score: 90.5

SCRUB+DER++ Unlearning Epoch 14/40
Loss - Total: 67.239 | Forget: 58.168 | Retain: 9.071
Validation - Forget: 15.2% | Retain: 68.6% | 10-49: 68.6% | Score: 99.1
★ New best model! Score: 99.1

SCRUB+DER++ Unlearning Epoch 15/40
Loss - Total: 77.070 | Forget: 66.137 | Retain: 10.933
Validation - Forget: 17.7% | Retain: 68.9% | 10-49: 68.9% | Score: 96.7

SCRUB+DER++ Unlearning Epoch 16/40
Loss - Total: 78.801 | Forget: 67.870 | Retain: 10.931
Validation - Forget: 10.5% | Retain: 66.0% | 10-49: 66.0% | Score: 102.5
★ New best model! Score: 102.5

SCRUB+DER++ Unlearning Epoch 17/40
Loss - Total: 84.511 | Forget: 74.382 | Retain: 10.129
Validation - Forget: 7.5% | Retain: 67.6% | 10-49: 67.6% | Score: 106.3
★ New best model! Score: 106.3

SCRUB+DER++ Unlearning Epoch 18/40
Loss - Total: 96.362 | Forget: 85.527 | Retain: 10.836
Validation - Forget: 10.1% | Retain: 67.0% | 10-49: 67.0% | Score: 103.4

SCRUB+DER++ Unlearning Epoch 19/40
Loss - Total: 106.829 | Forget: 94.002 | Retain: 12.827
Validation - Forget: 15.7% | Retain: 64.8% | 10-49: 64.8% | Score: 96.7

SCRUB+DER++ Unlearning Epoch 20/40
Loss - Total: 112.968 | Forget: 97.813 | Retain: 15.155
Validation - Forget: 13.6% | Retain: 64.3% | 10-49: 64.3% | Score: 98.6

SCRUB+DER++ Unlearning Epoch 21/40
Loss - Total: 122.905 | Forget: 104.633 | Retain: 18.272
Validation - Forget: 14.9% | Retain: 62.5% | 10-49: 62.5% | Score: 96.3

SCRUB+DER++ Unlearning Epoch 22/40
Loss - Total: 132.676 | Forget: 114.970 | Retain: 17.706
Validation - Forget: 11.9% | Retain: 63.1% | 10-49: 63.1% | Score: 99.7

SCRUB+DER++ Unlearning Epoch 23/40
Loss - Total: 141.879 | Forget: 121.116 | Retain: 20.763
Validation - Forget: 6.0% | Retain: 61.6% | 10-49: 61.6% | Score: 104.8

SCRUB+DER++ Unlearning Epoch 24/40
Loss - Total: 153.873 | Forget: 131.054 | Retain: 22.819
Validation - Forget: 15.6% | Retain: 61.5% | 10-49: 61.5% | Score: 95.1

SCRUB+DER++ Unlearning Epoch 25/40
Loss - Total: 162.978 | Forget: 138.528 | Retain: 24.451
Validation - Forget: 5.3% | Retain: 62.1% | 10-49: 62.1% | Score: 105.7

SCRUB+DER++ Unlearning Epoch 26/40
Loss - Total: 179.724 | Forget: 145.843 | Retain: 33.880
Validation - Forget: 3.3% | Retain: 57.6% | 10-49: 57.6% | Score: 105.5

SCRUB+DER++ Unlearning Epoch 27/40
Loss - Total: 201.947 | Forget: 153.269 | Retain: 48.678
Validation - Forget: 7.3% | Retain: 59.0% | 10-49: 59.0% | Score: 102.2

SCRUB+DER++ Unlearning Epoch 28/40
Loss - Total: 204.714 | Forget: 162.735 | Retain: 41.979
Validation - Forget: 6.4% | Retain: 58.2% | 10-49: 58.2% | Score: 102.7

SCRUB+DER++ Unlearning Epoch 29/40
Loss - Total: 224.603 | Forget: 165.303 | Retain: 59.300
Validation - Forget: 5.3% | Retain: 56.0% | 10-49: 56.0% | Score: 102.7

SCRUB+DER++ Unlearning Epoch 30/40
Loss - Total: 236.337 | Forget: 179.765 | Retain: 56.572
Validation - Forget: 4.9% | Retain: 54.0% | 10-49: 54.0% | Score: 102.1

SCRUB+DER++ Unlearning Epoch 31/40
Loss - Total: 247.607 | Forget: 185.306 | Retain: 62.301
Validation - Forget: 5.7% | Retain: 52.8% | 10-49: 52.8% | Score: 100.7

SCRUB+DER++ Unlearning Epoch 32/40
Loss - Total: 328.068 | Forget: 202.135 | Retain: 125.933
Validation - Forget: 0.0% | Retain: 6.6% | 10-49: 6.6% | Score: 100.0
⚠️ Retain accuracy too low, stopping at epoch 32

✓ Loaded best unlearned model (Score: 106.3)
Populating buffer with 50 samples per class for classes [10, 11, 12, 13, 14, 15, 16, 17, 18, 19, 20, 21, 22, 23, 24, 25, 26, 27, 28, 29, 30, 31, 32, 33, 34, 35, 36, 37, 38, 39, 40, 41, 42, 43, 44, 45, 46, 47, 48, 49]
Buffer populated with 2000 samples

Initial validation before DER++ learning:
Validation - Retain: 67.6% | 10-59: 54.1%
DER++ Learning: Adding classes [50, 51, 52, 53, 54, 55, 56, 57, 58, 59]
DER++ Learning Epoch 1/50
Loss - Total: 5.594 | Current: 4.504 | Distill: 0.912
Validation - New: 55.5% | Retain: 49.0% | 10-59: 50.3% | Score: 51.2
★ New best model! Score: 51.2

DER++ Learning Epoch 2/50
Loss - Total: 3.341 | Current: 2.323 | Distill: 1.089
Validation - New: 74.0% | Retain: 46.0% | 10-59: 51.6% | Score: 55.5
★ New best model! Score: 55.5

DER++ Learning Epoch 3/50
Loss - Total: 2.392 | Current: 1.664 | Distill: 0.766
Validation - New: 78.1% | Retain: 40.8% | 10-59: 48.3% | Score: 53.5

DER++ Learning Epoch 4/50
Loss - Total: 1.586 | Current: 1.070 | Distill: 0.640
Validation - New: 85.1% | Retain: 32.0% | 10-59: 42.6% | Score: 50.0

DER++ Learning Epoch 5/50
Loss - Total: 1.119 | Current: 0.727 | Distill: 0.553
Validation - New: 88.1% | Retain: 30.5% | 10-59: 42.0% | Score: 50.1

DER++ Learning Epoch 6/50
Loss - Total: 0.826 | Current: 0.525 | Distill: 0.489
Validation - New: 88.9% | Retain: 26.5% | 10-59: 39.0% | Score: 47.7

DER++ Learning Epoch 7/50
Loss - Total: 0.661 | Current: 0.417 | Distill: 0.431
Validation - New: 90.4% | Retain: 27.1% | 10-59: 39.7% | Score: 48.6

DER++ Learning Epoch 8/50
Loss - Total: 0.550 | Current: 0.341 | Distill: 0.409
Validation - New: 91.2% | Retain: 24.0% | 10-59: 37.5% | Score: 46.9

DER++ Learning Epoch 9/50
Loss - Total: 0.473 | Current: 0.291 | Distill: 0.391
Validation - New: 91.7% | Retain: 23.6% | 10-59: 37.2% | Score: 46.8

DER++ Learning Epoch 10/50
Loss - Total: 0.414 | Current: 0.249 | Distill: 0.371
Validation - New: 91.7% | Retain: 22.7% | 10-59: 36.5% | Score: 46.2

DER++ Learning Epoch 11/50
Loss - Total: 0.363 | Current: 0.223 | Distill: 0.309
Validation - New: 92.4% | Retain: 22.4% | 10-59: 36.4% | Score: 46.2

DER++ Learning Epoch 12/50
Loss - Total: 0.334 | Current: 0.201 | Distill: 0.326
Validation - New: 92.3% | Retain: 19.8% | 10-59: 34.3% | Score: 44.4

DER++ Learning Epoch 13/50
Loss - Total: 0.319 | Current: 0.193 | Distill: 0.306
Validation - New: 92.4% | Retain: 19.4% | 10-59: 34.0% | Score: 44.2

DER++ Learning Epoch 14/50
Loss - Total: 0.289 | Current: 0.169 | Distill: 0.301
Validation - New: 92.8% | Retain: 20.8% | 10-59: 35.2% | Score: 45.3

DER++ Learning Epoch 15/50
Loss - Total: 0.272 | Current: 0.160 | Distill: 0.286
Validation - New: 93.1% | Retain: 20.0% | 10-59: 34.6% | Score: 44.8

DER++ Learning Epoch 16/50
Loss - Total: 0.258 | Current: 0.155 | Distill: 0.273
Validation - New: 92.5% | Retain: 20.6% | 10-59: 35.0% | Score: 45.1

DER++ Learning Epoch 17/50
Loss - Total: 0.237 | Current: 0.139 | Distill: 0.273
Validation - New: 92.8% | Retain: 19.3% | 10-59: 34.0% | Score: 44.3

DER++ Learning Epoch 18/50
Loss - Total: 0.219 | Current: 0.129 | Distill: 0.246
Validation - New: 93.2% | Retain: 21.0% | 10-59: 35.4% | Score: 45.5

DER++ Learning Epoch 19/50
Loss - Total: 0.205 | Current: 0.118 | Distill: 0.244
Validation - New: 91.6% | Retain: 20.2% | 10-59: 34.5% | Score: 44.5

DER++ Learning Epoch 20/50
Loss - Total: 0.195 | Current: 0.114 | Distill: 0.226
Validation - New: 92.9% | Retain: 18.5% | 10-59: 33.4% | Score: 43.8

DER++ Learning Epoch 21/50
Loss - Total: 0.176 | Current: 0.098 | Distill: 0.220
Validation - New: 93.3% | Retain: 18.3% | 10-59: 33.3% | Score: 43.8

DER++ Learning Epoch 22/50
Loss - Total: 0.170 | Current: 0.097 | Distill: 0.207
Validation - New: 93.6% | Retain: 18.8% | 10-59: 33.8% | Score: 44.2

DER++ Learning Epoch 23/50
Loss - Total: 0.160 | Current: 0.090 | Distill: 0.204
Validation - New: 93.5% | Retain: 19.7% | 10-59: 34.5% | Score: 44.8

DER++ Learning Epoch 24/50
Loss - Total: 0.159 | Current: 0.094 | Distill: 0.189
Validation - New: 93.3% | Retain: 19.4% | 10-59: 34.2% | Score: 44.6

DER++ Learning Epoch 25/50
Loss - Total: 0.158 | Current: 0.091 | Distill: 0.199
Validation - New: 93.5% | Retain: 19.5% | 10-59: 34.3% | Score: 44.6

DER++ Learning Epoch 26/50
Loss - Total: 0.147 | Current: 0.080 | Distill: 0.194
Validation - New: 93.5% | Retain: 18.8% | 10-59: 33.8% | Score: 44.2

DER++ Learning Epoch 27/50
Loss - Total: 0.145 | Current: 0.082 | Distill: 0.190
Validation - New: 93.6% | Retain: 18.9% | 10-59: 33.8% | Score: 44.3

DER++ Learning Epoch 28/50
Loss - Total: 0.130 | Current: 0.071 | Distill: 0.176
Validation - New: 94.1% | Retain: 19.0% | 10-59: 34.0% | Score: 44.5

DER++ Learning Epoch 29/50
Loss - Total: 0.131 | Current: 0.071 | Distill: 0.176
Validation - New: 93.1% | Retain: 18.4% | 10-59: 33.4% | Score: 43.8

DER++ Learning Epoch 30/50
