
🚀 Training Oracle Model on Classes: 0–49
🛠️ Explicitly received params: {'num_classes': 100}
Loaded pretrained weights from timm: deit_tiny_patch16_224
✅ Loaded pretrained weights from timm

📅 Epoch 1/40 — Class Range: 0-49
📊 Train Loss: 2.3500 | Train Acc: 50.61%
📊 Val   Loss: 1.6493 | Val   Acc: 70.93%
✅ Best Val Acc: 70.93% — Model saved to ./checkpoints/oracle/0_49.pth

📅 Epoch 2/40 — Class Range: 0-49
📊 Train Loss: 1.6027 | Train Acc: 71.60%
📊 Val   Loss: 1.4651 | Val   Acc: 75.52%
✅ Best Val Acc: 75.52% — Model saved to ./checkpoints/oracle/0_49.pth

📅 Epoch 3/40 — Class Range: 0-49
📊 Train Loss: 1.4683 | Train Acc: 76.18%
📊 Val   Loss: 1.4961 | Val   Acc: 75.60%
✅ Best Val Acc: 75.60% — Model saved to ./checkpoints/oracle/0_49.pth

📅 Epoch 4/40 — Class Range: 0-49
📊 Train Loss: 1.3815 | Train Acc: 79.36%
📊 Val   Loss: 1.7363 | Val   Acc: 68.40%
No improvement. Best so far: 75.60%

📅 Epoch 5/40 — Class Range: 0-49
📊 Train Loss: 1.3504 | Train Acc: 80.46%
📊 Val   Loss: 1.3970 | Val   Acc: 78.59%
✅ Best Val Acc: 78.59% — Model saved to ./checkpoints/oracle/0_49.pth

📅 Epoch 6/40 — Class Range: 0-49
📊 Train Loss: 1.2535 | Train Acc: 83.35%
📊 Val   Loss: 1.3548 | Val   Acc: 80.11%
✅ Best Val Acc: 80.11% — Model saved to ./checkpoints/oracle/0_49.pth

📅 Epoch 7/40 — Class Range: 0-49
📊 Train Loss: 1.1711 | Train Acc: 86.14%
📊 Val   Loss: 1.3494 | Val   Acc: 80.45%
✅ Best Val Acc: 80.45% — Model saved to ./checkpoints/oracle/0_49.pth

📅 Epoch 8/40 — Class Range: 0-49
📊 Train Loss: 1.1510 | Train Acc: 86.69%
📊 Val   Loss: 1.4113 | Val   Acc: 79.39%
No improvement. Best so far: 80.45%

📅 Epoch 9/40 — Class Range: 0-49
📊 Train Loss: 1.1534 | Train Acc: 86.84%
📊 Val   Loss: 1.3434 | Val   Acc: 80.59%
✅ Best Val Acc: 80.59% — Model saved to ./checkpoints/oracle/0_49.pth

📅 Epoch 10/40 — Class Range: 0-49
📊 Train Loss: 1.0773 | Train Acc: 89.57%
📊 Val   Loss: 1.3509 | Val   Acc: 80.83%
✅ Best Val Acc: 80.83% — Model saved to ./checkpoints/oracle/0_49.pth

📅 Epoch 11/40 — Class Range: 0-49
📊 Train Loss: 1.0762 | Train Acc: 89.58%
📊 Val   Loss: 1.3358 | Val   Acc: 81.92%
✅ Best Val Acc: 81.92% — Model saved to ./checkpoints/oracle/0_49.pth

📅 Epoch 12/40 — Class Range: 0-49
📊 Train Loss: 1.0317 | Train Acc: 91.02%
📊 Val   Loss: 1.3603 | Val   Acc: 80.48%
No improvement. Best so far: 81.92%

📅 Epoch 13/40 — Class Range: 0-49
📊 Train Loss: 1.0041 | Train Acc: 92.21%
📊 Val   Loss: 1.3513 | Val   Acc: 81.57%
No improvement. Best so far: 81.92%

📅 Epoch 14/40 — Class Range: 0-49
📊 Train Loss: 0.9881 | Train Acc: 92.64%
📊 Val   Loss: 1.3521 | Val   Acc: 81.12%
No improvement. Best so far: 81.92%

📅 Epoch 15/40 — Class Range: 0-49
📊 Train Loss: 0.9685 | Train Acc: 93.32%
📊 Val   Loss: 1.3478 | Val   Acc: 81.76%
No improvement. Best so far: 81.92%

📅 Epoch 16/40 — Class Range: 0-49
📊 Train Loss: 0.9391 | Train Acc: 94.40%
📊 Val   Loss: 1.3519 | Val   Acc: 81.55%
No improvement. Best so far: 81.92%

📅 Epoch 17/40 — Class Range: 0-49
📊 Train Loss: 0.9318 | Train Acc: 94.72%
📊 Val   Loss: 1.3461 | Val   Acc: 81.71%
No improvement. Best so far: 81.92%

📅 Epoch 18/40 — Class Range: 0-49
📊 Train Loss: 0.9162 | Train Acc: 95.38%
📊 Val   Loss: 1.3530 | Val   Acc: 82.13%
✅ Best Val Acc: 82.13% — Model saved to ./checkpoints/oracle/0_49.pth

📅 Epoch 19/40 — Class Range: 0-49
📊 Train Loss: 0.9395 | Train Acc: 94.53%
📊 Val   Loss: 1.3451 | Val   Acc: 82.67%
✅ Best Val Acc: 82.67% — Model saved to ./checkpoints/oracle/0_49.pth

📅 Epoch 20/40 — Class Range: 0-49
📊 Train Loss: 0.8861 | Train Acc: 96.46%
📊 Val   Loss: 1.3291 | Val   Acc: 82.59%
No improvement. Best so far: 82.67%

📅 Epoch 21/40 — Class Range: 0-49
📊 Train Loss: 0.8790 | Train Acc: 96.72%
📊 Val   Loss: 1.3668 | Val   Acc: 82.27%
No improvement. Best so far: 82.67%

📅 Epoch 22/40 — Class Range: 0-49
📊 Train Loss: 0.8787 | Train Acc: 96.79%
📊 Val   Loss: 1.3187 | Val   Acc: 83.12%
✅ Best Val Acc: 83.12% — Model saved to ./checkpoints/oracle/0_49.pth

📅 Epoch 23/40 — Class Range: 0-49
📊 Train Loss: 0.8572 | Train Acc: 97.39%
📊 Val   Loss: 1.3024 | Val   Acc: 83.79%
✅ Best Val Acc: 83.79% — Model saved to ./checkpoints/oracle/0_49.pth

📅 Epoch 24/40 — Class Range: 0-49
📊 Train Loss: 0.8459 | Train Acc: 97.82%
📊 Val   Loss: 1.3149 | Val   Acc: 83.44%
No improvement. Best so far: 83.79%

📅 Epoch 25/40 — Class Range: 0-49
📊 Train Loss: 0.8394 | Train Acc: 98.03%
📊 Val   Loss: 1.3261 | Val   Acc: 83.31%
No improvement. Best so far: 83.79%

📅 Epoch 26/40 — Class Range: 0-49
📊 Train Loss: 0.8271 | Train Acc: 98.48%
📊 Val   Loss: 1.2921 | Val   Acc: 84.69%
✅ Best Val Acc: 84.69% — Model saved to ./checkpoints/oracle/0_49.pth

📅 Epoch 27/40 — Class Range: 0-49
📊 Train Loss: 0.8263 | Train Acc: 98.46%
📊 Val   Loss: 1.2894 | Val   Acc: 84.91%
✅ Best Val Acc: 84.91% — Model saved to ./checkpoints/oracle/0_49.pth

📅 Epoch 28/40 — Class Range: 0-49
📊 Train Loss: 0.8177 | Train Acc: 98.84%
📊 Val   Loss: 1.3011 | Val   Acc: 85.17%
✅ Best Val Acc: 85.17% — Model saved to ./checkpoints/oracle/0_49.pth

📅 Epoch 29/40 — Class Range: 0-49
📊 Train Loss: 0.8136 | Train Acc: 98.89%
📊 Val   Loss: 1.2967 | Val   Acc: 84.75%
No improvement. Best so far: 85.17%

📅 Epoch 30/40 — Class Range: 0-49
📊 Train Loss: 0.8095 | Train Acc: 99.09%
📊 Val   Loss: 1.2904 | Val   Acc: 85.15%
No improvement. Best so far: 85.17%

📅 Epoch 31/40 — Class Range: 0-49
📊 Train Loss: 0.8069 | Train Acc: 99.15%
📊 Val   Loss: 1.2951 | Val   Acc: 85.31%
✅ Best Val Acc: 85.31% — Model saved to ./checkpoints/oracle/0_49.pth

📅 Epoch 32/40 — Class Range: 0-49
📊 Train Loss: 0.8042 | Train Acc: 99.23%
📊 Val   Loss: 1.2879 | Val   Acc: 85.60%
✅ Best Val Acc: 85.60% — Model saved to ./checkpoints/oracle/0_49.pth

📅 Epoch 33/40 — Class Range: 0-49
📊 Train Loss: 0.7987 | Train Acc: 99.43%
📊 Val   Loss: 1.2763 | Val   Acc: 85.73%
✅ Best Val Acc: 85.73% — Model saved to ./checkpoints/oracle/0_49.pth

📅 Epoch 34/40 — Class Range: 0-49
📊 Train Loss: 0.7970 | Train Acc: 99.44%
📊 Val   Loss: 1.2826 | Val   Acc: 85.71%
No improvement. Best so far: 85.73%

📅 Epoch 35/40 — Class Range: 0-49
📊 Train Loss: 0.7976 | Train Acc: 99.58%
📊 Val   Loss: 1.2733 | Val   Acc: 86.08%
✅ Best Val Acc: 86.08% — Model saved to ./checkpoints/oracle/0_49.pth

📅 Epoch 36/40 — Class Range: 0-49
📊 Train Loss: 0.7985 | Train Acc: 99.42%
📊 Val   Loss: 1.2694 | Val   Acc: 86.11%
✅ Best Val Acc: 86.11% — Model saved to ./checkpoints/oracle/0_49.pth

📅 Epoch 37/40 — Class Range: 0-49
📊 Train Loss: 0.7930 | Train Acc: 99.62%
📊 Val   Loss: 1.2621 | Val   Acc: 86.40%
✅ Best Val Acc: 86.40% — Model saved to ./checkpoints/oracle/0_49.pth

📅 Epoch 38/40 — Class Range: 0-49
📊 Train Loss: 0.7930 | Train Acc: 99.60%
📊 Val   Loss: 1.2610 | Val   Acc: 86.37%
No improvement. Best so far: 86.40%

📅 Epoch 39/40 — Class Range: 0-49
📊 Train Loss: 0.7913 | Train Acc: 99.68%
📊 Val   Loss: 1.2597 | Val   Acc: 86.56%
✅ Best Val Acc: 86.56% — Model saved to ./checkpoints/oracle/0_49.pth

📅 Epoch 40/40 — Class Range: 0-49
📊 Train Loss: 0.7933 | Train Acc: 99.61%
📊 Val   Loss: 1.2599 | Val   Acc: 86.48%
No improvement. Best so far: 86.56%
🏁 Training finished.

🚀 Training Oracle Model on Classes: 10–59
🛠️ Explicitly received params: {'num_classes': 100}
Loaded pretrained weights from timm: deit_tiny_patch16_224
✅ Loaded pretrained weights from timm

📅 Epoch 1/40 — Class Range: 10-59
📊 Train Loss: 2.3354 | Train Acc: 50.63%
📊 Val   Loss: 1.6577 | Val   Acc: 69.12%
✅ Best Val Acc: 69.12% — Model saved to ./checkpoints/oracle/10_59.pth

📅 Epoch 2/40 — Class Range: 10-59
📊 Train Loss: 1.5992 | Train Acc: 71.37%
📊 Val   Loss: 1.5754 | Val   Acc: 72.93%
✅ Best Val Acc: 72.93% — Model saved to ./checkpoints/oracle/10_59.pth

📅 Epoch 3/40 — Class Range: 10-59
📊 Train Loss: 1.4779 | Train Acc: 75.58%
📊 Val   Loss: 1.4979 | Val   Acc: 75.12%
✅ Best Val Acc: 75.12% — Model saved to ./checkpoints/oracle/10_59.pth

📅 Epoch 4/40 — Class Range: 10-59
📊 Train Loss: 1.3866 | Train Acc: 78.87%
📊 Val   Loss: 1.3711 | Val   Acc: 78.96%
✅ Best Val Acc: 78.96% — Model saved to ./checkpoints/oracle/10_59.pth

📅 Epoch 5/40 — Class Range: 10-59
📊 Train Loss: 1.2848 | Train Acc: 82.44%
📊 Val   Loss: 1.3429 | Val   Acc: 80.77%
✅ Best Val Acc: 80.77% — Model saved to ./checkpoints/oracle/10_59.pth

📅 Epoch 6/40 — Class Range: 10-59
📊 Train Loss: 1.2181 | Train Acc: 84.59%
📊 Val   Loss: 1.3987 | Val   Acc: 78.93%
No improvement. Best so far: 80.77%

📅 Epoch 7/40 — Class Range: 10-59
📊 Train Loss: 1.2305 | Train Acc: 84.29%
📊 Val   Loss: 1.3944 | Val   Acc: 78.37%
No improvement. Best so far: 80.77%

📅 Epoch 8/40 — Class Range: 10-59
📊 Train Loss: 1.1605 | Train Acc: 86.45%
📊 Val   Loss: 1.3444 | Val   Acc: 81.28%
✅ Best Val Acc: 81.28% — Model saved to ./checkpoints/oracle/10_59.pth

📅 Epoch 9/40 — Class Range: 10-59
📊 Train Loss: 1.1127 | Train Acc: 88.18%
📊 Val   Loss: 1.3260 | Val   Acc: 81.57%
✅ Best Val Acc: 81.57% — Model saved to ./checkpoints/oracle/10_59.pth

📅 Epoch 10/40 — Class Range: 10-59
📊 Train Loss: 1.0824 | Train Acc: 89.06%
📊 Val   Loss: 1.3450 | Val   Acc: 80.88%
No improvement. Best so far: 81.57%

📅 Epoch 11/40 — Class Range: 10-59
📊 Train Loss: 1.0526 | Train Acc: 90.28%
📊 Val   Loss: 1.3399 | Val   Acc: 81.09%
No improvement. Best so far: 81.57%

📅 Epoch 12/40 — Class Range: 10-59
📊 Train Loss: 1.0332 | Train Acc: 91.06%
📊 Val   Loss: 1.3034 | Val   Acc: 82.75%
✅ Best Val Acc: 82.75% — Model saved to ./checkpoints/oracle/10_59.pth

📅 Epoch 13/40 — Class Range: 10-59
📊 Train Loss: 1.0042 | Train Acc: 92.11%
📊 Val   Loss: 1.3346 | Val   Acc: 81.57%
No improvement. Best so far: 82.75%

📅 Epoch 14/40 — Class Range: 10-59
📊 Train Loss: 0.9919 | Train Acc: 92.40%
📊 Val   Loss: 1.3016 | Val   Acc: 82.77%
✅ Best Val Acc: 82.77% — Model saved to ./checkpoints/oracle/10_59.pth

📅 Epoch 15/40 — Class Range: 10-59
📊 Train Loss: 0.9724 | Train Acc: 93.35%
📊 Val   Loss: 1.3601 | Val   Acc: 81.28%
No improvement. Best so far: 82.77%

📅 Epoch 16/40 — Class Range: 10-59
📊 Train Loss: 1.0224 | Train Acc: 91.63%
📊 Val   Loss: 1.3063 | Val   Acc: 82.56%
No improvement. Best so far: 82.77%

📅 Epoch 17/40 — Class Range: 10-59
📊 Train Loss: 0.9324 | Train Acc: 94.83%
📊 Val   Loss: 1.3179 | Val   Acc: 82.24%
No improvement. Best so far: 82.77%

📅 Epoch 18/40 — Class Range: 10-59
📊 Train Loss: 0.9109 | Train Acc: 95.40%
📊 Val   Loss: 1.2740 | Val   Acc: 83.81%
✅ Best Val Acc: 83.81% — Model saved to ./checkpoints/oracle/10_59.pth

📅 Epoch 19/40 — Class Range: 10-59
📊 Train Loss: 0.9246 | Train Acc: 94.84%
📊 Val   Loss: 1.3216 | Val   Acc: 82.16%
No improvement. Best so far: 83.81%

📅 Epoch 20/40 — Class Range: 10-59
📊 Train Loss: 0.8931 | Train Acc: 96.13%
📊 Val   Loss: 1.3109 | Val   Acc: 83.25%
No improvement. Best so far: 83.81%

📅 Epoch 21/40 — Class Range: 10-59
📊 Train Loss: 0.8899 | Train Acc: 96.12%
📊 Val   Loss: 1.3058 | Val   Acc: 83.25%
No improvement. Best so far: 83.81%

📅 Epoch 22/40 — Class Range: 10-59
📊 Train Loss: 0.8667 | Train Acc: 97.04%
📊 Val   Loss: 1.2930 | Val   Acc: 84.19%
✅ Best Val Acc: 84.19% — Model saved to ./checkpoints/oracle/10_59.pth

📅 Epoch 23/40 — Class Range: 10-59
📊 Train Loss: 0.8605 | Train Acc: 97.29%
📊 Val   Loss: 1.3092 | Val   Acc: 83.55%
No improvement. Best so far: 84.19%

📅 Epoch 24/40 — Class Range: 10-59
📊 Train Loss: 0.8533 | Train Acc: 97.54%
📊 Val   Loss: 1.3172 | Val   Acc: 83.39%
No improvement. Best so far: 84.19%

📅 Epoch 25/40 — Class Range: 10-59
📊 Train Loss: 0.8405 | Train Acc: 98.07%
📊 Val   Loss: 1.3109 | Val   Acc: 83.95%
No improvement. Best so far: 84.19%

📅 Epoch 26/40 — Class Range: 10-59
📊 Train Loss: 0.8360 | Train Acc: 98.13%
📊 Val   Loss: 1.2975 | Val   Acc: 84.03%
No improvement. Best so far: 84.19%

📅 Epoch 27/40 — Class Range: 10-59
📊 Train Loss: 0.8309 | Train Acc: 98.34%
📊 Val   Loss: 1.2925 | Val   Acc: 84.48%
✅ Best Val Acc: 84.48% — Model saved to ./checkpoints/oracle/10_59.pth

📅 Epoch 28/40 — Class Range: 10-59
📊 Train Loss: 0.8196 | Train Acc: 98.76%
📊 Val   Loss: 1.2807 | Val   Acc: 84.93%
✅ Best Val Acc: 84.93% — Model saved to ./checkpoints/oracle/10_59.pth

📅 Epoch 29/40 — Class Range: 10-59
📊 Train Loss: 0.8132 | Train Acc: 98.92%
📊 Val   Loss: 1.2760 | Val   Acc: 84.72%
No improvement. Best so far: 84.93%

📅 Epoch 30/40 — Class Range: 10-59
📊 Train Loss: 0.8093 | Train Acc: 99.07%
📊 Val   Loss: 1.2820 | Val   Acc: 84.59%
No improvement. Best so far: 84.93%

📅 Epoch 31/40 — Class Range: 10-59
📊 Train Loss: 0.8090 | Train Acc: 99.05%
📊 Val   Loss: 1.2588 | Val   Acc: 85.65%
✅ Best Val Acc: 85.65% — Model saved to ./checkpoints/oracle/10_59.pth

📅 Epoch 32/40 — Class Range: 10-59
📊 Train Loss: 0.8015 | Train Acc: 99.35%
📊 Val   Loss: 1.2657 | Val   Acc: 85.84%
✅ Best Val Acc: 85.84% — Model saved to ./checkpoints/oracle/10_59.pth

📅 Epoch 33/40 — Class Range: 10-59
📊 Train Loss: 0.8005 | Train Acc: 99.41%
📊 Val   Loss: 1.2652 | Val   Acc: 85.87%
✅ Best Val Acc: 85.87% — Model saved to ./checkpoints/oracle/10_59.pth

📅 Epoch 34/40 — Class Range: 10-59
📊 Train Loss: 0.7979 | Train Acc: 99.47%
📊 Val   Loss: 1.2540 | Val   Acc: 86.13%
✅ Best Val Acc: 86.13% — Model saved to ./checkpoints/oracle/10_59.pth

📅 Epoch 35/40 — Class Range: 10-59
📊 Train Loss: 0.7946 | Train Acc: 99.55%
📊 Val   Loss: 1.2412 | Val   Acc: 86.56%
✅ Best Val Acc: 86.56% — Model saved to ./checkpoints/oracle/10_59.pth

📅 Epoch 36/40 — Class Range: 10-59
📊 Train Loss: 0.7936 | Train Acc: 99.62%
📊 Val   Loss: 1.2449 | Val   Acc: 86.43%
No improvement. Best so far: 86.56%

📅 Epoch 37/40 — Class Range: 10-59
📊 Train Loss: 0.7937 | Train Acc: 99.58%
📊 Val   Loss: 1.2452 | Val   Acc: 86.45%
No improvement. Best so far: 86.56%

📅 Epoch 38/40 — Class Range: 10-59
📊 Train Loss: 0.7905 | Train Acc: 99.72%
📊 Val   Loss: 1.2434 | Val   Acc: 86.51%
No improvement. Best so far: 86.56%

📅 Epoch 39/40 — Class Range: 10-59
📊 Train Loss: 0.7902 | Train Acc: 99.72%
📊 Val   Loss: 1.2441 | Val   Acc: 86.59%
✅ Best Val Acc: 86.59% — Model saved to ./checkpoints/oracle/10_59.pth

📅 Epoch 40/40 — Class Range: 10-59
📊 Train Loss: 0.7919 | Train Acc: 99.66%
📊 Val   Loss: 1.2439 | Val   Acc: 86.53%
No improvement. Best so far: 86.59%
🏁 Training finished.

🚀 Training Oracle Model on Classes: 20–69
🛠️ Explicitly received params: {'num_classes': 100}
Loaded pretrained weights from timm: deit_tiny_patch16_224
✅ Loaded pretrained weights from timm

📅 Epoch 1/40 — Class Range: 20-69
📊 Train Loss: 2.3652 | Train Acc: 49.54%
📊 Val   Loss: 1.7498 | Val   Acc: 67.25%
✅ Best Val Acc: 67.25% — Model saved to ./checkpoints/oracle/20_69.pth

📅 Epoch 2/40 — Class Range: 20-69
📊 Train Loss: 1.6629 | Train Acc: 69.91%
📊 Val   Loss: 1.4934 | Val   Acc: 75.15%
✅ Best Val Acc: 75.15% — Model saved to ./checkpoints/oracle/20_69.pth

📅 Epoch 3/40 — Class Range: 20-69
📊 Train Loss: 1.4767 | Train Acc: 76.02%
📊 Val   Loss: 1.4149 | Val   Acc: 77.79%
✅ Best Val Acc: 77.79% — Model saved to ./checkpoints/oracle/20_69.pth

📅 Epoch 4/40 — Class Range: 20-69
📊 Train Loss: 1.3634 | Train Acc: 79.41%
📊 Val   Loss: 1.4460 | Val   Acc: 77.36%
No improvement. Best so far: 77.79%

📅 Epoch 5/40 — Class Range: 20-69
📊 Train Loss: 1.3390 | Train Acc: 80.27%
📊 Val   Loss: 1.4386 | Val   Acc: 77.17%
No improvement. Best so far: 77.79%

📅 Epoch 6/40 — Class Range: 20-69
📊 Train Loss: 1.3392 | Train Acc: 80.48%
📊 Val   Loss: 1.4715 | Val   Acc: 76.00%
No improvement. Best so far: 77.79%

📅 Epoch 7/40 — Class Range: 20-69
📊 Train Loss: 1.2365 | Train Acc: 83.95%
📊 Val   Loss: 1.3407 | Val   Acc: 80.29%
✅ Best Val Acc: 80.29% — Model saved to ./checkpoints/oracle/20_69.pth

📅 Epoch 8/40 — Class Range: 20-69
📊 Train Loss: 1.1641 | Train Acc: 86.50%
📊 Val   Loss: 1.3843 | Val   Acc: 79.47%
No improvement. Best so far: 80.29%

📅 Epoch 9/40 — Class Range: 20-69
📊 Train Loss: 1.1718 | Train Acc: 86.45%
📊 Val   Loss: 1.8255 | Val   Acc: 68.99%
No improvement. Best so far: 80.29%

📅 Epoch 10/40 — Class Range: 20-69
📊 Train Loss: 1.2387 | Train Acc: 84.06%
📊 Val   Loss: 1.3285 | Val   Acc: 81.63%
✅ Best Val Acc: 81.63% — Model saved to ./checkpoints/oracle/20_69.pth

📅 Epoch 11/40 — Class Range: 20-69
📊 Train Loss: 1.0670 | Train Acc: 89.74%
📊 Val   Loss: 1.3414 | Val   Acc: 81.25%
No improvement. Best so far: 81.63%

📅 Epoch 12/40 — Class Range: 20-69
📊 Train Loss: 1.0661 | Train Acc: 90.01%
📊 Val   Loss: 1.3245 | Val   Acc: 81.87%
✅ Best Val Acc: 81.87% — Model saved to ./checkpoints/oracle/20_69.pth

📅 Epoch 13/40 — Class Range: 20-69
📊 Train Loss: 1.0172 | Train Acc: 91.66%
📊 Val   Loss: 1.3318 | Val   Acc: 81.41%
No improvement. Best so far: 81.87%

📅 Epoch 14/40 — Class Range: 20-69
📊 Train Loss: 0.9948 | Train Acc: 92.56%
📊 Val   Loss: 1.3815 | Val   Acc: 80.80%
No improvement. Best so far: 81.87%

📅 Epoch 15/40 — Class Range: 20-69
📊 Train Loss: 1.0187 | Train Acc: 91.71%
📊 Val   Loss: 1.3984 | Val   Acc: 80.19%
No improvement. Best so far: 81.87%

📅 Epoch 16/40 — Class Range: 20-69
📊 Train Loss: 1.0026 | Train Acc: 92.36%
📊 Val   Loss: 1.3748 | Val   Acc: 81.60%
No improvement. Best so far: 81.87%

📅 Epoch 17/40 — Class Range: 20-69
📊 Train Loss: 1.0008 | Train Acc: 92.40%
📊 Val   Loss: 1.3301 | Val   Acc: 82.08%
✅ Best Val Acc: 82.08% — Model saved to ./checkpoints/oracle/20_69.pth

📅 Epoch 18/40 — Class Range: 20-69
📊 Train Loss: 0.9363 | Train Acc: 94.74%
📊 Val   Loss: 1.3537 | Val   Acc: 81.57%
No improvement. Best so far: 82.08%

📅 Epoch 19/40 — Class Range: 20-69
📊 Train Loss: 0.9250 | Train Acc: 95.05%
📊 Val   Loss: 1.3789 | Val   Acc: 81.01%
No improvement. Best so far: 82.08%

📅 Epoch 20/40 — Class Range: 20-69
📊 Train Loss: 0.8951 | Train Acc: 96.09%
📊 Val   Loss: 1.3310 | Val   Acc: 82.45%
✅ Best Val Acc: 82.45% — Model saved to ./checkpoints/oracle/20_69.pth

📅 Epoch 21/40 — Class Range: 20-69
📊 Train Loss: 0.8869 | Train Acc: 96.43%
📊 Val   Loss: 1.3135 | Val   Acc: 82.91%
✅ Best Val Acc: 82.91% — Model saved to ./checkpoints/oracle/20_69.pth

📅 Epoch 22/40 — Class Range: 20-69
📊 Train Loss: 0.8751 | Train Acc: 96.75%
📊 Val   Loss: 1.3086 | Val   Acc: 83.41%
✅ Best Val Acc: 83.41% — Model saved to ./checkpoints/oracle/20_69.pth

📅 Epoch 23/40 — Class Range: 20-69
📊 Train Loss: 0.8667 | Train Acc: 97.08%
📊 Val   Loss: 1.3227 | Val   Acc: 82.85%
No improvement. Best so far: 83.41%

📅 Epoch 24/40 — Class Range: 20-69
📊 Train Loss: 0.8581 | Train Acc: 97.31%
📊 Val   Loss: 1.3239 | Val   Acc: 83.41%
No improvement. Best so far: 83.41%

📅 Epoch 25/40 — Class Range: 20-69
📊 Train Loss: 0.8547 | Train Acc: 97.55%
📊 Val   Loss: 1.3366 | Val   Acc: 82.67%
No improvement. Best so far: 83.41%

📅 Epoch 26/40 — Class Range: 20-69
📊 Train Loss: 0.8771 | Train Acc: 96.72%
📊 Val   Loss: 1.3317 | Val   Acc: 83.79%
✅ Best Val Acc: 83.79% — Model saved to ./checkpoints/oracle/20_69.pth

📅 Epoch 27/40 — Class Range: 20-69
📊 Train Loss: 0.8331 | Train Acc: 98.28%
📊 Val   Loss: 1.3259 | Val   Acc: 83.87%
✅ Best Val Acc: 83.87% — Model saved to ./checkpoints/oracle/20_69.pth

📅 Epoch 28/40 — Class Range: 20-69
📊 Train Loss: 0.8260 | Train Acc: 98.56%
📊 Val   Loss: 1.3083 | Val   Acc: 83.92%
✅ Best Val Acc: 83.92% — Model saved to ./checkpoints/oracle/20_69.pth

📅 Epoch 29/40 — Class Range: 20-69
📊 Train Loss: 0.8169 | Train Acc: 98.93%
📊 Val   Loss: 1.2892 | Val   Acc: 84.27%
✅ Best Val Acc: 84.27% — Model saved to ./checkpoints/oracle/20_69.pth

📅 Epoch 30/40 — Class Range: 20-69
📊 Train Loss: 0.8148 | Train Acc: 98.90%
📊 Val   Loss: 1.2927 | Val   Acc: 84.37%
✅ Best Val Acc: 84.37% — Model saved to ./checkpoints/oracle/20_69.pth

📅 Epoch 31/40 — Class Range: 20-69
📊 Train Loss: 0.8109 | Train Acc: 99.04%
📊 Val   Loss: 1.3088 | Val   Acc: 84.43%
✅ Best Val Acc: 84.43% — Model saved to ./checkpoints/oracle/20_69.pth

📅 Epoch 32/40 — Class Range: 20-69
📊 Train Loss: 0.8070 | Train Acc: 99.16%
📊 Val   Loss: 1.2997 | Val   Acc: 84.43%
No improvement. Best so far: 84.43%

📅 Epoch 33/40 — Class Range: 20-69
📊 Train Loss: 0.8060 | Train Acc: 99.22%
📊 Val   Loss: 1.2921 | Val   Acc: 84.53%
✅ Best Val Acc: 84.53% — Model saved to ./checkpoints/oracle/20_69.pth

📅 Epoch 34/40 — Class Range: 20-69
📊 Train Loss: 0.8012 | Train Acc: 99.32%
📊 Val   Loss: 1.2936 | Val   Acc: 84.88%
✅ Best Val Acc: 84.88% — Model saved to ./checkpoints/oracle/20_69.pth

📅 Epoch 35/40 — Class Range: 20-69
📊 Train Loss: 0.7971 | Train Acc: 99.50%
📊 Val   Loss: 1.2918 | Val   Acc: 85.31%
✅ Best Val Acc: 85.31% — Model saved to ./checkpoints/oracle/20_69.pth

📅 Epoch 36/40 — Class Range: 20-69
📊 Train Loss: 0.7966 | Train Acc: 99.49%
📊 Val   Loss: 1.2873 | Val   Acc: 85.39%
✅ Best Val Acc: 85.39% — Model saved to ./checkpoints/oracle/20_69.pth

📅 Epoch 37/40 — Class Range: 20-69
📊 Train Loss: 0.7951 | Train Acc: 99.54%
📊 Val   Loss: 1.2861 | Val   Acc: 85.07%
No improvement. Best so far: 85.39%

📅 Epoch 38/40 — Class Range: 20-69
📊 Train Loss: 0.7940 | Train Acc: 99.56%
📊 Val   Loss: 1.2830 | Val   Acc: 85.36%
No improvement. Best so far: 85.39%

📅 Epoch 39/40 — Class Range: 20-69
📊 Train Loss: 0.7943 | Train Acc: 99.61%
📊 Val   Loss: 1.2831 | Val   Acc: 85.47%
✅ Best Val Acc: 85.47% — Model saved to ./checkpoints/oracle/20_69.pth

📅 Epoch 40/40 — Class Range: 20-69
📊 Train Loss: 0.7917 | Train Acc: 99.67%
📊 Val   Loss: 1.2832 | Val   Acc: 85.36%
No improvement. Best so far: 85.47%
🏁 Training finished.

🚀 Training Oracle Model on Classes: 30–79
🛠️ Explicitly received params: {'num_classes': 100}
Loaded pretrained weights from timm: deit_tiny_patch16_224
✅ Loaded pretrained weights from timm

📅 Epoch 1/40 — Class Range: 30-79
📊 Train Loss: 2.5633 | Train Acc: 43.53%
📊 Val   Loss: 1.7292 | Val   Acc: 66.61%
✅ Best Val Acc: 66.61% — Model saved to ./checkpoints/oracle/30_79.pth

📅 Epoch 2/40 — Class Range: 30-79
📊 Train Loss: 1.6653 | Train Acc: 69.83%
📊 Val   Loss: 1.5042 | Val   Acc: 75.65%
✅ Best Val Acc: 75.65% — Model saved to ./checkpoints/oracle/30_79.pth

📅 Epoch 3/40 — Class Range: 30-79
📊 Train Loss: 1.4869 | Train Acc: 75.97%
📊 Val   Loss: 1.4378 | Val   Acc: 77.47%
✅ Best Val Acc: 77.47% — Model saved to ./checkpoints/oracle/30_79.pth

📅 Epoch 4/40 — Class Range: 30-79
📊 Train Loss: 1.4003 | Train Acc: 78.76%
📊 Val   Loss: 1.5085 | Val   Acc: 75.57%
No improvement. Best so far: 77.47%

📅 Epoch 5/40 — Class Range: 30-79
📊 Train Loss: 1.3434 | Train Acc: 80.55%
📊 Val   Loss: 1.3802 | Val   Acc: 79.52%
✅ Best Val Acc: 79.52% — Model saved to ./checkpoints/oracle/30_79.pth

📅 Epoch 6/40 — Class Range: 30-79
📊 Train Loss: 1.2360 | Train Acc: 84.12%
📊 Val   Loss: 1.3669 | Val   Acc: 79.65%
✅ Best Val Acc: 79.65% — Model saved to ./checkpoints/oracle/30_79.pth

📅 Epoch 7/40 — Class Range: 30-79
📊 Train Loss: 1.1860 | Train Acc: 86.06%
📊 Val   Loss: 1.4037 | Val   Acc: 79.25%
No improvement. Best so far: 79.65%

📅 Epoch 8/40 — Class Range: 30-79
📊 Train Loss: 1.2248 | Train Acc: 84.60%
📊 Val   Loss: 1.3494 | Val   Acc: 81.04%
✅ Best Val Acc: 81.04% — Model saved to ./checkpoints/oracle/30_79.pth

📅 Epoch 9/40 — Class Range: 30-79
📊 Train Loss: 1.1175 | Train Acc: 88.21%
📊 Val   Loss: 1.3258 | Val   Acc: 82.24%
✅ Best Val Acc: 82.24% — Model saved to ./checkpoints/oracle/30_79.pth

📅 Epoch 10/40 — Class Range: 30-79
📊 Train Loss: 1.1071 | Train Acc: 88.58%
📊 Val   Loss: 1.3568 | Val   Acc: 80.80%
No improvement. Best so far: 82.24%

📅 Epoch 11/40 — Class Range: 30-79
📊 Train Loss: 1.1234 | Train Acc: 88.01%
📊 Val   Loss: 1.3196 | Val   Acc: 81.81%
No improvement. Best so far: 82.24%

📅 Epoch 12/40 — Class Range: 30-79
📊 Train Loss: 1.0160 | Train Acc: 91.80%
📊 Val   Loss: 1.3291 | Val   Acc: 81.81%
No improvement. Best so far: 82.24%

📅 Epoch 13/40 — Class Range: 30-79
📊 Train Loss: 1.0055 | Train Acc: 92.16%
📊 Val   Loss: 1.3536 | Val   Acc: 81.20%
No improvement. Best so far: 82.24%

📅 Epoch 14/40 — Class Range: 30-79
📊 Train Loss: 0.9859 | Train Acc: 92.91%
📊 Val   Loss: 1.3080 | Val   Acc: 82.11%
No improvement. Best so far: 82.24%

📅 Epoch 15/40 — Class Range: 30-79
📊 Train Loss: 0.9605 | Train Acc: 94.07%
📊 Val   Loss: 1.3038 | Val   Acc: 83.36%
✅ Best Val Acc: 83.36% — Model saved to ./checkpoints/oracle/30_79.pth

📅 Epoch 16/40 — Class Range: 30-79
📊 Train Loss: 0.9499 | Train Acc: 94.12%
📊 Val   Loss: 1.3227 | Val   Acc: 82.24%
No improvement. Best so far: 83.36%

📅 Epoch 17/40 — Class Range: 30-79
📊 Train Loss: 0.9312 | Train Acc: 94.77%
📊 Val   Loss: 1.2795 | Val   Acc: 83.97%
✅ Best Val Acc: 83.97% — Model saved to ./checkpoints/oracle/30_79.pth

📅 Epoch 18/40 — Class Range: 30-79
📊 Train Loss: 0.9142 | Train Acc: 95.41%
📊 Val   Loss: 1.3015 | Val   Acc: 83.07%
No improvement. Best so far: 83.97%

📅 Epoch 19/40 — Class Range: 30-79
📊 Train Loss: 0.9115 | Train Acc: 95.52%
📊 Val   Loss: 1.3044 | Val   Acc: 83.12%
No improvement. Best so far: 83.97%

📅 Epoch 20/40 — Class Range: 30-79
📊 Train Loss: 0.8955 | Train Acc: 96.17%
📊 Val   Loss: 1.3176 | Val   Acc: 83.68%
No improvement. Best so far: 83.97%

📅 Epoch 21/40 — Class Range: 30-79
📊 Train Loss: 0.8866 | Train Acc: 96.34%
📊 Val   Loss: 1.3121 | Val   Acc: 83.60%
No improvement. Best so far: 83.97%

📅 Epoch 22/40 — Class Range: 30-79
📊 Train Loss: 0.8676 | Train Acc: 97.08%
📊 Val   Loss: 1.2867 | Val   Acc: 84.99%
✅ Best Val Acc: 84.99% — Model saved to ./checkpoints/oracle/30_79.pth

📅 Epoch 23/40 — Class Range: 30-79
📊 Train Loss: 0.8547 | Train Acc: 97.60%
📊 Val   Loss: 1.3041 | Val   Acc: 84.24%
No improvement. Best so far: 84.99%

📅 Epoch 24/40 — Class Range: 30-79
📊 Train Loss: 0.8541 | Train Acc: 97.60%
📊 Val   Loss: 1.3036 | Val   Acc: 84.21%
No improvement. Best so far: 84.99%

📅 Epoch 25/40 — Class Range: 30-79
📊 Train Loss: 0.8432 | Train Acc: 97.82%
📊 Val   Loss: 1.2979 | Val   Acc: 84.03%
No improvement. Best so far: 84.99%

📅 Epoch 26/40 — Class Range: 30-79
📊 Train Loss: 0.8357 | Train Acc: 98.21%
📊 Val   Loss: 1.2672 | Val   Acc: 85.17%
✅ Best Val Acc: 85.17% — Model saved to ./checkpoints/oracle/30_79.pth

📅 Epoch 27/40 — Class Range: 30-79
📊 Train Loss: 0.8326 | Train Acc: 98.29%
📊 Val   Loss: 1.2730 | Val   Acc: 84.77%
No improvement. Best so far: 85.17%

📅 Epoch 28/40 — Class Range: 30-79
📊 Train Loss: 0.8215 | Train Acc: 98.67%
📊 Val   Loss: 1.2821 | Val   Acc: 84.99%
No improvement. Best so far: 85.17%

📅 Epoch 29/40 — Class Range: 30-79
📊 Train Loss: 0.8179 | Train Acc: 98.78%
📊 Val   Loss: 1.2932 | Val   Acc: 84.83%
No improvement. Best so far: 85.17%

📅 Epoch 30/40 — Class Range: 30-79
📊 Train Loss: 0.8090 | Train Acc: 99.11%
📊 Val   Loss: 1.2699 | Val   Acc: 85.55%
✅ Best Val Acc: 85.55% — Model saved to ./checkpoints/oracle/30_79.pth

📅 Epoch 31/40 — Class Range: 30-79
📊 Train Loss: 0.8103 | Train Acc: 99.12%
📊 Val   Loss: 1.2614 | Val   Acc: 85.28%
No improvement. Best so far: 85.55%

📅 Epoch 32/40 — Class Range: 30-79
📊 Train Loss: 0.8036 | Train Acc: 99.28%
📊 Val   Loss: 1.2572 | Val   Acc: 85.57%
✅ Best Val Acc: 85.57% — Model saved to ./checkpoints/oracle/30_79.pth

📅 Epoch 33/40 — Class Range: 30-79
📊 Train Loss: 0.8011 | Train Acc: 99.35%
📊 Val   Loss: 1.2523 | Val   Acc: 85.87%
✅ Best Val Acc: 85.87% — Model saved to ./checkpoints/oracle/30_79.pth

📅 Epoch 34/40 — Class Range: 30-79
📊 Train Loss: 0.7959 | Train Acc: 99.54%
📊 Val   Loss: 1.2534 | Val   Acc: 86.24%
✅ Best Val Acc: 86.24% — Model saved to ./checkpoints/oracle/30_79.pth

📅 Epoch 35/40 — Class Range: 30-79
📊 Train Loss: 0.7947 | Train Acc: 99.60%
📊 Val   Loss: 1.2595 | Val   Acc: 86.08%
No improvement. Best so far: 86.24%

📅 Epoch 36/40 — Class Range: 30-79
📊 Train Loss: 0.7941 | Train Acc: 99.57%
📊 Val   Loss: 1.2626 | Val   Acc: 86.37%
✅ Best Val Acc: 86.37% — Model saved to ./checkpoints/oracle/30_79.pth

📅 Epoch 37/40 — Class Range: 30-79
📊 Train Loss: 0.7944 | Train Acc: 99.56%
📊 Val   Loss: 1.2542 | Val   Acc: 86.16%
No improvement. Best so far: 86.37%

📅 Epoch 38/40 — Class Range: 30-79
📊 Train Loss: 0.7922 | Train Acc: 99.68%
📊 Val   Loss: 1.2495 | Val   Acc: 86.24%
No improvement. Best so far: 86.37%

📅 Epoch 39/40 — Class Range: 30-79
📊 Train Loss: 0.7912 | Train Acc: 99.67%
📊 Val   Loss: 1.2493 | Val   Acc: 86.27%
No improvement. Best so far: 86.37%

📅 Epoch 40/40 — Class Range: 30-79
📊 Train Loss: 0.7914 | Train Acc: 99.61%
📊 Val   Loss: 1.2496 | Val   Acc: 86.29%
No improvement. Best so far: 86.37%
🏁 Training finished.

🚀 Training Oracle Model on Classes: 40–89
🛠️ Explicitly received params: {'num_classes': 100}
Loaded pretrained weights from timm: deit_tiny_patch16_224
✅ Loaded pretrained weights from timm

📅 Epoch 1/40 — Class Range: 40-89
📊 Train Loss: 2.5576 | Train Acc: 43.73%
📊 Val   Loss: 1.7432 | Val   Acc: 68.08%
✅ Best Val Acc: 68.08% — Model saved to ./checkpoints/oracle/40_89.pth

📅 Epoch 2/40 — Class Range: 40-89
📊 Train Loss: 1.6413 | Train Acc: 70.45%
📊 Val   Loss: 1.6777 | Val   Acc: 69.49%
✅ Best Val Acc: 69.49% — Model saved to ./checkpoints/oracle/40_89.pth

📅 Epoch 3/40 — Class Range: 40-89
📊 Train Loss: 1.4878 | Train Acc: 75.69%
📊 Val   Loss: 1.4325 | Val   Acc: 77.81%
✅ Best Val Acc: 77.81% — Model saved to ./checkpoints/oracle/40_89.pth

📅 Epoch 4/40 — Class Range: 40-89
📊 Train Loss: 1.3418 | Train Acc: 80.29%
📊 Val   Loss: 1.3986 | Val   Acc: 78.35%
✅ Best Val Acc: 78.35% — Model saved to ./checkpoints/oracle/40_89.pth

📅 Epoch 5/40 — Class Range: 40-89
📊 Train Loss: 1.3093 | Train Acc: 81.70%
📊 Val   Loss: 1.3657 | Val   Acc: 79.97%
✅ Best Val Acc: 79.97% — Model saved to ./checkpoints/oracle/40_89.pth

📅 Epoch 6/40 — Class Range: 40-89
📊 Train Loss: 1.2622 | Train Acc: 83.38%
📊 Val   Loss: 1.3883 | Val   Acc: 78.96%
No improvement. Best so far: 79.97%

📅 Epoch 7/40 — Class Range: 40-89
📊 Train Loss: 1.2292 | Train Acc: 84.05%
📊 Val   Loss: 1.3365 | Val   Acc: 80.88%
✅ Best Val Acc: 80.88% — Model saved to ./checkpoints/oracle/40_89.pth

📅 Epoch 8/40 — Class Range: 40-89
📊 Train Loss: 1.1217 | Train Acc: 87.79%
📊 Val   Loss: 1.3417 | Val   Acc: 80.51%
No improvement. Best so far: 80.88%

📅 Epoch 9/40 — Class Range: 40-89
📊 Train Loss: 1.0885 | Train Acc: 89.05%
📊 Val   Loss: 1.2843 | Val   Acc: 82.75%
✅ Best Val Acc: 82.75% — Model saved to ./checkpoints/oracle/40_89.pth

📅 Epoch 10/40 — Class Range: 40-89
📊 Train Loss: 1.0659 | Train Acc: 90.02%
📊 Val   Loss: 1.3226 | Val   Acc: 81.87%
No improvement. Best so far: 82.75%

📅 Epoch 11/40 — Class Range: 40-89
📊 Train Loss: 1.0655 | Train Acc: 90.08%
📊 Val   Loss: 1.3134 | Val   Acc: 82.69%
No improvement. Best so far: 82.75%

📅 Epoch 12/40 — Class Range: 40-89
📊 Train Loss: 1.0479 | Train Acc: 90.43%
📊 Val   Loss: 1.2919 | Val   Acc: 82.93%
✅ Best Val Acc: 82.93% — Model saved to ./checkpoints/oracle/40_89.pth

📅 Epoch 13/40 — Class Range: 40-89
📊 Train Loss: 0.9946 | Train Acc: 92.62%
📊 Val   Loss: 1.3404 | Val   Acc: 81.73%
No improvement. Best so far: 82.93%

📅 Epoch 14/40 — Class Range: 40-89
📊 Train Loss: 1.0009 | Train Acc: 92.32%
📊 Val   Loss: 1.3431 | Val   Acc: 81.73%
No improvement. Best so far: 82.93%

📅 Epoch 15/40 — Class Range: 40-89
📊 Train Loss: 0.9623 | Train Acc: 93.58%
📊 Val   Loss: 1.3077 | Val   Acc: 82.83%
No improvement. Best so far: 82.93%

📅 Epoch 16/40 — Class Range: 40-89
📊 Train Loss: 0.9494 | Train Acc: 94.26%
📊 Val   Loss: 1.3690 | Val   Acc: 81.84%
No improvement. Best so far: 82.93%

📅 Epoch 17/40 — Class Range: 40-89
📊 Train Loss: 0.9790 | Train Acc: 93.27%
📊 Val   Loss: 1.3161 | Val   Acc: 82.75%
No improvement. Best so far: 82.93%

📅 Epoch 18/40 — Class Range: 40-89
📊 Train Loss: 0.9149 | Train Acc: 95.40%
📊 Val   Loss: 1.3288 | Val   Acc: 82.40%
No improvement. Best so far: 82.93%

📅 Epoch 19/40 — Class Range: 40-89
📊 Train Loss: 0.9354 | Train Acc: 94.74%
📊 Val   Loss: 1.3067 | Val   Acc: 83.28%
✅ Best Val Acc: 83.28% — Model saved to ./checkpoints/oracle/40_89.pth

📅 Epoch 20/40 — Class Range: 40-89
📊 Train Loss: 0.8789 | Train Acc: 96.70%
📊 Val   Loss: 1.2929 | Val   Acc: 84.16%
✅ Best Val Acc: 84.16% — Model saved to ./checkpoints/oracle/40_89.pth

📅 Epoch 21/40 — Class Range: 40-89
📊 Train Loss: 0.8795 | Train Acc: 96.72%
📊 Val   Loss: 1.2886 | Val   Acc: 84.08%
No improvement. Best so far: 84.16%

📅 Epoch 22/40 — Class Range: 40-89
📊 Train Loss: 0.8665 | Train Acc: 97.12%
📊 Val   Loss: 1.2903 | Val   Acc: 83.65%
No improvement. Best so far: 84.16%

📅 Epoch 23/40 — Class Range: 40-89
📊 Train Loss: 0.8573 | Train Acc: 97.36%
📊 Val   Loss: 1.3049 | Val   Acc: 83.84%
No improvement. Best so far: 84.16%

📅 Epoch 24/40 — Class Range: 40-89
📊 Train Loss: 0.8490 | Train Acc: 97.69%
📊 Val   Loss: 1.2864 | Val   Acc: 84.80%
✅ Best Val Acc: 84.80% — Model saved to ./checkpoints/oracle/40_89.pth

📅 Epoch 25/40 — Class Range: 40-89
📊 Train Loss: 0.8498 | Train Acc: 97.78%
📊 Val   Loss: 1.3116 | Val   Acc: 83.79%
No improvement. Best so far: 84.80%

📅 Epoch 26/40 — Class Range: 40-89
📊 Train Loss: 0.8530 | Train Acc: 97.66%
📊 Val   Loss: 1.2845 | Val   Acc: 84.75%
No improvement. Best so far: 84.80%

📅 Epoch 27/40 — Class Range: 40-89
📊 Train Loss: 0.8283 | Train Acc: 98.47%
📊 Val   Loss: 1.2708 | Val   Acc: 84.99%
✅ Best Val Acc: 84.99% — Model saved to ./checkpoints/oracle/40_89.pth

📅 Epoch 28/40 — Class Range: 40-89
📊 Train Loss: 0.8215 | Train Acc: 98.61%
📊 Val   Loss: 1.2581 | Val   Acc: 85.76%
✅ Best Val Acc: 85.76% — Model saved to ./checkpoints/oracle/40_89.pth

📅 Epoch 29/40 — Class Range: 40-89
📊 Train Loss: 0.8131 | Train Acc: 98.95%
📊 Val   Loss: 1.2776 | Val   Acc: 84.88%
No improvement. Best so far: 85.76%

📅 Epoch 30/40 — Class Range: 40-89
📊 Train Loss: 0.8097 | Train Acc: 99.09%
📊 Val   Loss: 1.2669 | Val   Acc: 85.28%
No improvement. Best so far: 85.76%

📅 Epoch 31/40 — Class Range: 40-89
📊 Train Loss: 0.8081 | Train Acc: 99.16%
📊 Val   Loss: 1.2614 | Val   Acc: 85.60%
No improvement. Best so far: 85.76%

📅 Epoch 32/40 — Class Range: 40-89
📊 Train Loss: 0.8035 | Train Acc: 99.27%
📊 Val   Loss: 1.2629 | Val   Acc: 85.71%
No improvement. Best so far: 85.76%

📅 Epoch 33/40 — Class Range: 40-89
📊 Train Loss: 0.8014 | Train Acc: 99.39%
📊 Val   Loss: 1.2608 | Val   Acc: 85.76%
No improvement. Best so far: 85.76%

📅 Epoch 34/40 — Class Range: 40-89
📊 Train Loss: 0.7974 | Train Acc: 99.47%
📊 Val   Loss: 1.2475 | Val   Acc: 86.32%
✅ Best Val Acc: 86.32% — Model saved to ./checkpoints/oracle/40_89.pth

📅 Epoch 35/40 — Class Range: 40-89
📊 Train Loss: 0.7954 | Train Acc: 99.52%
📊 Val   Loss: 1.2478 | Val   Acc: 86.16%
No improvement. Best so far: 86.32%

📅 Epoch 36/40 — Class Range: 40-89
📊 Train Loss: 0.7933 | Train Acc: 99.64%
📊 Val   Loss: 1.2519 | Val   Acc: 85.89%
No improvement. Best so far: 86.32%

📅 Epoch 37/40 — Class Range: 40-89
📊 Train Loss: 0.7930 | Train Acc: 99.61%
📊 Val   Loss: 1.2456 | Val   Acc: 86.32%
No improvement. Best so far: 86.32%

📅 Epoch 38/40 — Class Range: 40-89
📊 Train Loss: 0.7929 | Train Acc: 99.61%
📊 Val   Loss: 1.2461 | Val   Acc: 86.37%
✅ Best Val Acc: 86.37% — Model saved to ./checkpoints/oracle/40_89.pth

📅 Epoch 39/40 — Class Range: 40-89
📊 Train Loss: 0.7930 | Train Acc: 99.61%
📊 Val   Loss: 1.2466 | Val   Acc: 86.37%
No improvement. Best so far: 86.37%

📅 Epoch 40/40 — Class Range: 40-89
📊 Train Loss: 0.7919 | Train Acc: 99.65%
📊 Val   Loss: 1.2459 | Val   Acc: 86.45%
✅ Best Val Acc: 86.45% — Model saved to ./checkpoints/oracle/40_89.pth
🏁 Training finished.

🚀 Training Oracle Model on Classes: 50–99
🛠️ Explicitly received params: {'num_classes': 100}
Loaded pretrained weights from timm: deit_tiny_patch16_224
✅ Loaded pretrained weights from timm

📅 Epoch 1/40 — Class Range: 50-99
📊 Train Loss: 2.3477 | Train Acc: 50.21%
📊 Val   Loss: 1.7780 | Val   Acc: 67.55%
✅ Best Val Acc: 67.55% — Model saved to ./checkpoints/oracle/50_99.pth

📅 Epoch 2/40 — Class Range: 50-99
📊 Train Loss: 1.5999 | Train Acc: 72.23%
📊 Val   Loss: 1.3972 | Val   Acc: 77.92%
✅ Best Val Acc: 77.92% — Model saved to ./checkpoints/oracle/50_99.pth

📅 Epoch 3/40 — Class Range: 50-99
📊 Train Loss: 1.4016 | Train Acc: 78.41%
📊 Val   Loss: 1.4390 | Val   Acc: 76.99%
No improvement. Best so far: 77.92%

📅 Epoch 4/40 — Class Range: 50-99
📊 Train Loss: 1.2952 | Train Acc: 82.37%
📊 Val   Loss: 1.3253 | Val   Acc: 80.93%
✅ Best Val Acc: 80.93% — Model saved to ./checkpoints/oracle/50_99.pth

📅 Epoch 5/40 — Class Range: 50-99
📊 Train Loss: 1.2405 | Train Acc: 84.12%
📊 Val   Loss: 1.3749 | Val   Acc: 79.81%
No improvement. Best so far: 80.93%

📅 Epoch 6/40 — Class Range: 50-99
📊 Train Loss: 1.1892 | Train Acc: 85.91%
📊 Val   Loss: 1.2926 | Val   Acc: 82.80%
✅ Best Val Acc: 82.80% — Model saved to ./checkpoints/oracle/50_99.pth

📅 Epoch 7/40 — Class Range: 50-99
📊 Train Loss: 1.1394 | Train Acc: 87.33%
📊 Val   Loss: 1.2923 | Val   Acc: 82.59%
No improvement. Best so far: 82.80%

📅 Epoch 8/40 — Class Range: 50-99
📊 Train Loss: 1.1307 | Train Acc: 87.71%
📊 Val   Loss: 1.2939 | Val   Acc: 82.93%
✅ Best Val Acc: 82.93% — Model saved to ./checkpoints/oracle/50_99.pth

📅 Epoch 9/40 — Class Range: 50-99
📊 Train Loss: 1.0752 | Train Acc: 89.95%
📊 Val   Loss: 1.3407 | Val   Acc: 81.23%
No improvement. Best so far: 82.93%

📅 Epoch 10/40 — Class Range: 50-99
📊 Train Loss: 1.0778 | Train Acc: 89.38%
📊 Val   Loss: 1.3155 | Val   Acc: 82.11%
No improvement. Best so far: 82.93%

📅 Epoch 11/40 — Class Range: 50-99
📊 Train Loss: 1.0329 | Train Acc: 91.08%
📊 Val   Loss: 1.3130 | Val   Acc: 82.19%
No improvement. Best so far: 82.93%

📅 Epoch 12/40 — Class Range: 50-99
📊 Train Loss: 1.0141 | Train Acc: 91.82%
📊 Val   Loss: 1.2890 | Val   Acc: 82.88%
No improvement. Best so far: 82.93%

📅 Epoch 13/40 — Class Range: 50-99
📊 Train Loss: 0.9741 | Train Acc: 93.31%
📊 Val   Loss: 1.2917 | Val   Acc: 83.95%
✅ Best Val Acc: 83.95% — Model saved to ./checkpoints/oracle/50_99.pth

📅 Epoch 14/40 — Class Range: 50-99
📊 Train Loss: 0.9748 | Train Acc: 93.23%
📊 Val   Loss: 1.3049 | Val   Acc: 83.25%
No improvement. Best so far: 83.95%

📅 Epoch 15/40 — Class Range: 50-99
📊 Train Loss: 0.9454 | Train Acc: 94.18%
📊 Val   Loss: 1.2706 | Val   Acc: 83.95%
No improvement. Best so far: 83.95%

📅 Epoch 16/40 — Class Range: 50-99
📊 Train Loss: 0.9337 | Train Acc: 94.70%
📊 Val   Loss: 1.2993 | Val   Acc: 84.08%
✅ Best Val Acc: 84.08% — Model saved to ./checkpoints/oracle/50_99.pth

📅 Epoch 17/40 — Class Range: 50-99
📊 Train Loss: 0.9542 | Train Acc: 93.92%
📊 Val   Loss: 1.2960 | Val   Acc: 84.24%
✅ Best Val Acc: 84.24% — Model saved to ./checkpoints/oracle/50_99.pth

📅 Epoch 18/40 — Class Range: 50-99
📊 Train Loss: 0.9039 | Train Acc: 95.78%
📊 Val   Loss: 1.2821 | Val   Acc: 84.29%
✅ Best Val Acc: 84.29% — Model saved to ./checkpoints/oracle/50_99.pth

📅 Epoch 19/40 — Class Range: 50-99
📊 Train Loss: 0.8911 | Train Acc: 96.29%
📊 Val   Loss: 1.3003 | Val   Acc: 83.65%
No improvement. Best so far: 84.29%

📅 Epoch 20/40 — Class Range: 50-99
📊 Train Loss: 0.8769 | Train Acc: 96.75%
📊 Val   Loss: 1.2913 | Val   Acc: 84.11%
No improvement. Best so far: 84.29%

📅 Epoch 21/40 — Class Range: 50-99
📊 Train Loss: 0.8714 | Train Acc: 97.02%
📊 Val   Loss: 1.2870 | Val   Acc: 84.45%
✅ Best Val Acc: 84.45% — Model saved to ./checkpoints/oracle/50_99.pth

📅 Epoch 22/40 — Class Range: 50-99
📊 Train Loss: 0.8534 | Train Acc: 97.60%
📊 Val   Loss: 1.2815 | Val   Acc: 84.61%
✅ Best Val Acc: 84.61% — Model saved to ./checkpoints/oracle/50_99.pth

📅 Epoch 23/40 — Class Range: 50-99
📊 Train Loss: 0.8484 | Train Acc: 97.79%
📊 Val   Loss: 1.3056 | Val   Acc: 84.03%
No improvement. Best so far: 84.61%

📅 Epoch 24/40 — Class Range: 50-99
📊 Train Loss: 0.8480 | Train Acc: 97.71%
📊 Val   Loss: 1.2712 | Val   Acc: 85.12%
✅ Best Val Acc: 85.12% — Model saved to ./checkpoints/oracle/50_99.pth

📅 Epoch 25/40 — Class Range: 50-99
📊 Train Loss: 0.8319 | Train Acc: 98.30%
📊 Val   Loss: 1.2727 | Val   Acc: 85.44%
✅ Best Val Acc: 85.44% — Model saved to ./checkpoints/oracle/50_99.pth

📅 Epoch 26/40 — Class Range: 50-99
📊 Train Loss: 0.8335 | Train Acc: 98.27%
📊 Val   Loss: 1.2543 | Val   Acc: 85.87%
✅ Best Val Acc: 85.87% — Model saved to ./checkpoints/oracle/50_99.pth

📅 Epoch 27/40 — Class Range: 50-99
📊 Train Loss: 0.8218 | Train Acc: 98.74%
📊 Val   Loss: 1.2472 | Val   Acc: 86.19%
✅ Best Val Acc: 86.19% — Model saved to ./checkpoints/oracle/50_99.pth

📅 Epoch 28/40 — Class Range: 50-99
📊 Train Loss: 0.8177 | Train Acc: 98.76%
📊 Val   Loss: 1.2464 | Val   Acc: 85.63%
No improvement. Best so far: 86.19%

📅 Epoch 29/40 — Class Range: 50-99
📊 Train Loss: 0.8096 | Train Acc: 99.07%
📊 Val   Loss: 1.2246 | Val   Acc: 87.01%
✅ Best Val Acc: 87.01% — Model saved to ./checkpoints/oracle/50_99.pth

📅 Epoch 30/40 — Class Range: 50-99
📊 Train Loss: 0.8065 | Train Acc: 99.15%
📊 Val   Loss: 1.2423 | Val   Acc: 86.59%
No improvement. Best so far: 87.01%

📅 Epoch 31/40 — Class Range: 50-99
📊 Train Loss: 0.8018 | Train Acc: 99.32%
📊 Val   Loss: 1.2423 | Val   Acc: 86.59%
No improvement. Best so far: 87.01%

📅 Epoch 32/40 — Class Range: 50-99
📊 Train Loss: 0.8002 | Train Acc: 99.38%
📊 Val   Loss: 1.2236 | Val   Acc: 87.04%
✅ Best Val Acc: 87.04% — Model saved to ./checkpoints/oracle/50_99.pth

📅 Epoch 33/40 — Class Range: 50-99
📊 Train Loss: 0.7966 | Train Acc: 99.46%
📊 Val   Loss: 1.2214 | Val   Acc: 87.39%
✅ Best Val Acc: 87.39% — Model saved to ./checkpoints/oracle/50_99.pth

📅 Epoch 34/40 — Class Range: 50-99
📊 Train Loss: 0.7950 | Train Acc: 99.55%
📊 Val   Loss: 1.2148 | Val   Acc: 87.12%
No improvement. Best so far: 87.39%

📅 Epoch 35/40 — Class Range: 50-99
📊 Train Loss: 0.7929 | Train Acc: 99.65%
📊 Val   Loss: 1.2237 | Val   Acc: 87.36%
No improvement. Best so far: 87.39%

📅 Epoch 36/40 — Class Range: 50-99
📊 Train Loss: 0.7954 | Train Acc: 99.66%
📊 Val   Loss: 1.2142 | Val   Acc: 87.49%
✅ Best Val Acc: 87.49% — Model saved to ./checkpoints/oracle/50_99.pth

📅 Epoch 37/40 — Class Range: 50-99
📊 Train Loss: 0.7924 | Train Acc: 99.64%
📊 Val   Loss: 1.2160 | Val   Acc: 87.55%
✅ Best Val Acc: 87.55% — Model saved to ./checkpoints/oracle/50_99.pth

📅 Epoch 38/40 — Class Range: 50-99
📊 Train Loss: 0.7905 | Train Acc: 99.68%
📊 Val   Loss: 1.2143 | Val   Acc: 87.71%
✅ Best Val Acc: 87.71% — Model saved to ./checkpoints/oracle/50_99.pth

📅 Epoch 39/40 — Class Range: 50-99
📊 Train Loss: 0.7901 | Train Acc: 99.68%
📊 Val   Loss: 1.2127 | Val   Acc: 87.92%
✅ Best Val Acc: 87.92% — Model saved to ./checkpoints/oracle/50_99.pth

📅 Epoch 40/40 — Class Range: 50-99
📊 Train Loss: 0.7899 | Train Acc: 99.72%
📊 Val   Loss: 1.2121 | Val   Acc: 88.00%
✅ Best Val Acc: 88.00% — Model saved to ./checkpoints/oracle/50_99.pth
🏁 Training finished.
