
🚀 Training Oracle Model on Classes: 0–49
🛠️ Explicitly received params: {'num_classes': 100, 'lora_rank': 0}
Loaded pretrained weights from timm: deit_tiny_patch16_224
✅ Loaded pretrained weights from timm

📅 Epoch 1/30 — Class Range: 0-49
📊 Train Loss: 2.4599 | Train Acc: 47.29%
📊 Val   Loss: 1.6727 | Val   Acc: 68.83%
✅ Best Val Acc: 68.83% — Model saved to checkpoints/oracle/0_49.pth

📅 Epoch 2/30 — Class Range: 0-49
📊 Train Loss: 1.5543 | Train Acc: 73.01%
📊 Val   Loss: 1.4315 | Val   Acc: 77.84%
✅ Best Val Acc: 77.84% — Model saved to checkpoints/oracle/0_49.pth

📅 Epoch 3/30 — Class Range: 0-49
📊 Train Loss: 1.3787 | Train Acc: 79.00%
📊 Val   Loss: 1.3998 | Val   Acc: 78.43%
✅ Best Val Acc: 78.43% — Model saved to checkpoints/oracle/0_49.pth

📅 Epoch 4/30 — Class Range: 0-49
📊 Train Loss: 1.2894 | Train Acc: 82.09%
📊 Val   Loss: 1.3558 | Val   Acc: 79.73%
✅ Best Val Acc: 79.73% — Model saved to checkpoints/oracle/0_49.pth

📅 Epoch 5/30 — Class Range: 0-49
📊 Train Loss: 1.2081 | Train Acc: 84.89%
📊 Val   Loss: 1.3512 | Val   Acc: 81.09%
✅ Best Val Acc: 81.09% — Model saved to checkpoints/oracle/0_49.pth

📅 Epoch 6/30 — Class Range: 0-49
📊 Train Loss: 1.1524 | Train Acc: 86.70%
📊 Val   Loss: 1.3638 | Val   Acc: 80.19%
No improvement. Best so far: 81.09%

📅 Epoch 7/30 — Class Range: 0-49
📊 Train Loss: 1.1276 | Train Acc: 87.66%
📊 Val   Loss: 1.3558 | Val   Acc: 80.11%
No improvement. Best so far: 81.09%

📅 Epoch 8/30 — Class Range: 0-49
📊 Train Loss: 1.0771 | Train Acc: 89.79%
📊 Val   Loss: 1.4153 | Val   Acc: 78.45%
No improvement. Best so far: 81.09%

📅 Epoch 9/30 — Class Range: 0-49
📊 Train Loss: 1.1184 | Train Acc: 87.98%
📊 Val   Loss: 1.3335 | Val   Acc: 81.57%
✅ Best Val Acc: 81.57% — Model saved to checkpoints/oracle/0_49.pth

📅 Epoch 10/30 — Class Range: 0-49
📊 Train Loss: 1.0144 | Train Acc: 91.76%
📊 Val   Loss: 1.3653 | Val   Acc: 80.83%
No improvement. Best so far: 81.57%

📅 Epoch 11/30 — Class Range: 0-49
📊 Train Loss: 0.9719 | Train Acc: 93.37%
📊 Val   Loss: 1.3685 | Val   Acc: 81.07%
No improvement. Best so far: 81.57%

📅 Epoch 12/30 — Class Range: 0-49
📊 Train Loss: 0.9893 | Train Acc: 92.67%
📊 Val   Loss: 1.3474 | Val   Acc: 81.87%
✅ Best Val Acc: 81.87% — Model saved to checkpoints/oracle/0_49.pth

📅 Epoch 13/30 — Class Range: 0-49
📊 Train Loss: 0.9688 | Train Acc: 93.38%
📊 Val   Loss: 1.3303 | Val   Acc: 82.19%
✅ Best Val Acc: 82.19% — Model saved to checkpoints/oracle/0_49.pth

📅 Epoch 14/30 — Class Range: 0-49
📊 Train Loss: 0.9018 | Train Acc: 95.98%
📊 Val   Loss: 1.3217 | Val   Acc: 82.69%
✅ Best Val Acc: 82.69% — Model saved to checkpoints/oracle/0_49.pth

📅 Epoch 15/30 — Class Range: 0-49
📊 Train Loss: 0.8865 | Train Acc: 96.36%
📊 Val   Loss: 1.2933 | Val   Acc: 83.79%
✅ Best Val Acc: 83.79% — Model saved to checkpoints/oracle/0_49.pth

📅 Epoch 16/30 — Class Range: 0-49
📊 Train Loss: 0.8765 | Train Acc: 96.73%
📊 Val   Loss: 1.3345 | Val   Acc: 82.59%
No improvement. Best so far: 83.79%

📅 Epoch 17/30 — Class Range: 0-49
📊 Train Loss: 0.8582 | Train Acc: 97.31%
📊 Val   Loss: 1.3212 | Val   Acc: 82.61%
No improvement. Best so far: 83.79%

📅 Epoch 18/30 — Class Range: 0-49
📊 Train Loss: 0.8549 | Train Acc: 97.45%
📊 Val   Loss: 1.3040 | Val   Acc: 84.11%
✅ Best Val Acc: 84.11% — Model saved to checkpoints/oracle/0_49.pth

📅 Epoch 19/30 — Class Range: 0-49
📊 Train Loss: 0.8431 | Train Acc: 97.91%
📊 Val   Loss: 1.2751 | Val   Acc: 84.53%
✅ Best Val Acc: 84.53% — Model saved to checkpoints/oracle/0_49.pth

📅 Epoch 20/30 — Class Range: 0-49
📊 Train Loss: 0.8295 | Train Acc: 98.33%
📊 Val   Loss: 1.2878 | Val   Acc: 84.75%
✅ Best Val Acc: 84.75% — Model saved to checkpoints/oracle/0_49.pth

📅 Epoch 21/30 — Class Range: 0-49
📊 Train Loss: 0.8204 | Train Acc: 98.69%
📊 Val   Loss: 1.2764 | Val   Acc: 85.15%
✅ Best Val Acc: 85.15% — Model saved to checkpoints/oracle/0_49.pth

📅 Epoch 22/30 — Class Range: 0-49
📊 Train Loss: 0.8177 | Train Acc: 98.90%
📊 Val   Loss: 1.2695 | Val   Acc: 85.49%
✅ Best Val Acc: 85.49% — Model saved to checkpoints/oracle/0_49.pth

📅 Epoch 23/30 — Class Range: 0-49
📊 Train Loss: 0.8090 | Train Acc: 99.18%
📊 Val   Loss: 1.2702 | Val   Acc: 85.63%
✅ Best Val Acc: 85.63% — Model saved to checkpoints/oracle/0_49.pth

📅 Epoch 24/30 — Class Range: 0-49
📊 Train Loss: 0.8027 | Train Acc: 99.30%
📊 Val   Loss: 1.2700 | Val   Acc: 85.39%
No improvement. Best so far: 85.63%

📅 Epoch 25/30 — Class Range: 0-49
📊 Train Loss: 0.7996 | Train Acc: 99.41%
📊 Val   Loss: 1.2743 | Val   Acc: 85.52%
No improvement. Best so far: 85.63%

📅 Epoch 26/30 — Class Range: 0-49
📊 Train Loss: 0.7983 | Train Acc: 99.48%
📊 Val   Loss: 1.2589 | Val   Acc: 85.63%
No improvement. Best so far: 85.63%

📅 Epoch 27/30 — Class Range: 0-49
📊 Train Loss: 0.7952 | Train Acc: 99.60%
📊 Val   Loss: 1.2595 | Val   Acc: 85.79%
✅ Best Val Acc: 85.79% — Model saved to checkpoints/oracle/0_49.pth

📅 Epoch 28/30 — Class Range: 0-49
📊 Train Loss: 0.7932 | Train Acc: 99.68%
📊 Val   Loss: 1.2600 | Val   Acc: 85.97%
✅ Best Val Acc: 85.97% — Model saved to checkpoints/oracle/0_49.pth

📅 Epoch 29/30 — Class Range: 0-49
📊 Train Loss: 0.7900 | Train Acc: 99.77%
📊 Val   Loss: 1.2559 | Val   Acc: 86.11%
✅ Best Val Acc: 86.11% — Model saved to checkpoints/oracle/0_49.pth

📅 Epoch 30/30 — Class Range: 0-49
📊 Train Loss: 0.7921 | Train Acc: 99.68%
📊 Val   Loss: 1.2542 | Val   Acc: 86.13%
✅ Best Val Acc: 86.13% — Model saved to checkpoints/oracle/0_49.pth
🏁 Training finished.

🚀 Training Oracle Model on Classes: 10–59
🛠️ Explicitly received params: {'num_classes': 100, 'lora_rank': 0}
Loaded pretrained weights from timm: deit_tiny_patch16_224
✅ Loaded pretrained weights from timm

📅 Epoch 1/30 — Class Range: 10-59
📊 Train Loss: 2.1909 | Train Acc: 54.90%
📊 Val   Loss: 1.5490 | Val   Acc: 72.83%
✅ Best Val Acc: 72.83% — Model saved to checkpoints/oracle/10_59.pth

📅 Epoch 2/30 — Class Range: 10-59
📊 Train Loss: 1.5171 | Train Acc: 74.91%
📊 Val   Loss: 1.6444 | Val   Acc: 71.49%
No improvement. Best so far: 72.83%

📅 Epoch 3/30 — Class Range: 10-59
📊 Train Loss: 1.4223 | Train Acc: 77.54%
📊 Val   Loss: 1.4436 | Val   Acc: 77.68%
✅ Best Val Acc: 77.68% — Model saved to checkpoints/oracle/10_59.pth

📅 Epoch 4/30 — Class Range: 10-59
📊 Train Loss: 1.2947 | Train Acc: 81.77%
📊 Val   Loss: 1.4508 | Val   Acc: 77.28%
No improvement. Best so far: 77.68%

📅 Epoch 5/30 — Class Range: 10-59
