🛠️ Explicitly received params: {'num_classes': 100, 'lora_rank': 0}
Loaded pretrained weights from timm: deit_tiny_patch16_224
✅ Loaded pretrained weights from timm

==================================================
Starting Step 1: Classes 10-59
==================================================
Step 1: Target (10, 59), Forget [0, 1, 2, 3, 4, 5, 6, 7, 8, 9]
🛠️ Explicitly received params: {'num_classes': 100, 'lora_rank': 0}
🛠️ Explicitly received params: {'num_classes': 100, 'lora_rank': 0}

Step 1 Comprehensive Evaluation:
Target classes (10, 59): 70.91%
Forget classes (0, 9): 0.00%
Other classes: 0.00%
Epoch 1: Train Acc 0.666, Loss 5.5642
Best model saved: ./baseline/students/step1.pth (Target Acc: 70.91%)

Step 1 Comprehensive Evaluation:
Target classes (10, 59): 75.41%
Forget classes (0, 9): 0.00%
Other classes: 0.00%
Epoch 2: Train Acc 0.819, Loss 4.4602
Best model saved: ./baseline/students/step1.pth (Target Acc: 75.41%)

Step 1 Comprehensive Evaluation:
Target classes (10, 59): 77.12%
Forget classes (0, 9): 0.00%
Other classes: 0.00%
Epoch 3: Train Acc 0.855, Loss 4.0990
Best model saved: ./baseline/students/step1.pth (Target Acc: 77.12%)

Step 1 Comprehensive Evaluation:
Target classes (10, 59): 80.11%
Forget classes (0, 9): 0.00%
Other classes: 0.00%
Epoch 4: Train Acc 0.873, Loss 3.9073
Best model saved: ./baseline/students/step1.pth (Target Acc: 80.11%)

Step 1 Comprehensive Evaluation:
Target classes (10, 59): 78.27%
Forget classes (0, 9): 0.00%
Other classes: 0.00%
Epoch 5: Train Acc 0.897, Loss 3.7093

Step 1 Comprehensive Evaluation:
Target classes (10, 59): 79.25%
Forget classes (0, 9): 0.00%
Other classes: 0.00%
Epoch 6: Train Acc 0.904, Loss 3.6199

Step 1 Comprehensive Evaluation:
Target classes (10, 59): 81.17%
Forget classes (0, 9): 0.00%
Other classes: 0.00%
Epoch 7: Train Acc 0.922, Loss 3.4815
Best model saved: ./baseline/students/step1.pth (Target Acc: 81.17%)

Step 1 Comprehensive Evaluation:
Target classes (10, 59): 80.77%
Forget classes (0, 9): 0.00%
Other classes: 0.00%
Epoch 8: Train Acc 0.928, Loss 3.4183

Step 1 Comprehensive Evaluation:
Target classes (10, 59): 80.27%
Forget classes (0, 9): 0.00%
Other classes: 0.00%
Epoch 9: Train Acc 0.935, Loss 3.3309

Step 1 Comprehensive Evaluation:
Target classes (10, 59): 80.13%
Forget classes (0, 9): 0.00%
Other classes: 0.00%
Epoch 10: Train Acc 0.943, Loss 3.2691

Step 1 Comprehensive Evaluation:
Target classes (10, 59): 81.76%
Forget classes (0, 9): 0.00%
Other classes: 0.00%
Epoch 11: Train Acc 0.948, Loss 3.2037
Best model saved: ./baseline/students/step1.pth (Target Acc: 81.76%)

Step 1 Comprehensive Evaluation:
Target classes (10, 59): 82.75%
Forget classes (0, 9): 0.00%
Other classes: 0.00%
Epoch 12: Train Acc 0.951, Loss 3.1522
Best model saved: ./baseline/students/step1.pth (Target Acc: 82.75%)

Step 1 Comprehensive Evaluation:
Target classes (10, 59): 81.09%
Forget classes (0, 9): 0.00%
Other classes: 0.00%
Epoch 13: Train Acc 0.959, Loss 3.0767

Step 1 Comprehensive Evaluation:
Target classes (10, 59): 82.56%
Forget classes (0, 9): 0.00%
Other classes: 0.00%
Epoch 14: Train Acc 0.965, Loss 3.0262

Step 1 Comprehensive Evaluation:
Target classes (10, 59): 82.29%
Forget classes (0, 9): 0.00%
Other classes: 0.00%
Epoch 15: Train Acc 0.966, Loss 2.9722

Step 1 Comprehensive Evaluation:
Target classes (10, 59): 82.80%
Forget classes (0, 9): 0.00%
Other classes: 0.00%
Epoch 16: Train Acc 0.971, Loss 2.9316
Best model saved: ./baseline/students/step1.pth (Target Acc: 82.80%)

Step 1 Comprehensive Evaluation:
Target classes (10, 59): 82.59%
Forget classes (0, 9): 0.00%
Other classes: 0.00%
Epoch 17: Train Acc 0.975, Loss 2.8763

Step 1 Comprehensive Evaluation:
Target classes (10, 59): 82.64%
Forget classes (0, 9): 0.00%
Other classes: 0.00%
Epoch 18: Train Acc 0.976, Loss 2.8299

Step 1 Comprehensive Evaluation:
Target classes (10, 59): 82.88%
Forget classes (0, 9): 0.00%
Other classes: 0.00%
Epoch 19: Train Acc 0.979, Loss 2.8272
Best model saved: ./baseline/students/step1.pth (Target Acc: 82.88%)

Step 1 Comprehensive Evaluation:
Target classes (10, 59): 84.59%
Forget classes (0, 9): 0.00%
Other classes: 0.00%
Epoch 20: Train Acc 0.979, Loss 2.8047
Best model saved: ./baseline/students/step1.pth (Target Acc: 84.59%)

Step 1 Comprehensive Evaluation:
Target classes (10, 59): 83.79%
Forget classes (0, 9): 0.00%
Other classes: 0.00%
Epoch 21: Train Acc 0.983, Loss 2.7536

Step 1 Comprehensive Evaluation:
Target classes (10, 59): 82.64%
Forget classes (0, 9): 0.00%
Other classes: 0.00%
Epoch 22: Train Acc 0.984, Loss 2.7092

Step 1 Comprehensive Evaluation:
Target classes (10, 59): 83.68%
Forget classes (0, 9): 0.00%
Other classes: 0.00%
Epoch 23: Train Acc 0.988, Loss 2.6740

Step 1 Comprehensive Evaluation:
Target classes (10, 59): 85.04%
Forget classes (0, 9): 0.00%
Other classes: 0.00%
Epoch 24: Train Acc 0.987, Loss 2.6667
Best model saved: ./baseline/students/step1.pth (Target Acc: 85.04%)

Step 1 Comprehensive Evaluation:
Target classes (10, 59): 84.32%
Forget classes (0, 9): 0.00%
Other classes: 0.00%
Epoch 25: Train Acc 0.989, Loss 2.6298

Step 1 Comprehensive Evaluation:
Target classes (10, 59): 84.77%
Forget classes (0, 9): 0.00%
Other classes: 0.00%
Epoch 26: Train Acc 0.990, Loss 2.6140

Step 1 Comprehensive Evaluation:
Target classes (10, 59): 85.23%
Forget classes (0, 9): 0.00%
Other classes: 0.00%
Epoch 27: Train Acc 0.992, Loss 2.5871
Best model saved: ./baseline/students/step1.pth (Target Acc: 85.23%)

Step 1 Comprehensive Evaluation:
Target classes (10, 59): 85.71%
Forget classes (0, 9): 0.00%
Other classes: 0.00%
Epoch 28: Train Acc 0.992, Loss 2.5750
Best model saved: ./baseline/students/step1.pth (Target Acc: 85.71%)

Step 1 Comprehensive Evaluation:
Target classes (10, 59): 85.79%
Forget classes (0, 9): 0.00%
Other classes: 0.00%
Epoch 29: Train Acc 0.993, Loss 2.5675
Best model saved: ./baseline/students/step1.pth (Target Acc: 85.79%)

Step 1 Comprehensive Evaluation:
Target classes (10, 59): 85.84%
Forget classes (0, 9): 0.00%
Other classes: 0.00%
Epoch 30: Train Acc 0.994, Loss 2.5442
Best model saved: ./baseline/students/step1.pth (Target Acc: 85.84%)

Step 1 Comprehensive Evaluation:
Target classes (10, 59): 86.16%
Forget classes (0, 9): 0.00%
Other classes: 0.00%
Epoch 31: Train Acc 0.995, Loss 2.5315
Best model saved: ./baseline/students/step1.pth (Target Acc: 86.16%)

Step 1 Comprehensive Evaluation:
Target classes (10, 59): 85.89%
Forget classes (0, 9): 0.00%
Other classes: 0.00%
Epoch 32: Train Acc 0.995, Loss 2.5223

Step 1 Comprehensive Evaluation:
Target classes (10, 59): 85.71%
Forget classes (0, 9): 0.00%
Other classes: 0.00%
Epoch 33: Train Acc 0.995, Loss 2.5207

Step 1 Comprehensive Evaluation:
Target classes (10, 59): 86.11%
Forget classes (0, 9): 0.00%
Other classes: 0.00%
Epoch 34: Train Acc 0.996, Loss 2.5116

Step 1 Comprehensive Evaluation:
Target classes (10, 59): 86.13%
Forget classes (0, 9): 0.00%
Other classes: 0.00%
Epoch 35: Train Acc 0.995, Loss 2.5096

Step 1 Comprehensive Evaluation:
Target classes (10, 59): 86.53%
Forget classes (0, 9): 0.00%
Other classes: 0.00%
Epoch 36: Train Acc 0.996, Loss 2.4967
Best model saved: ./baseline/students/step1.pth (Target Acc: 86.53%)

Step 1 Comprehensive Evaluation:
Target classes (10, 59): 86.40%
Forget classes (0, 9): 0.00%
Other classes: 0.00%
Epoch 37: Train Acc 0.996, Loss 2.4970

Step 1 Comprehensive Evaluation:
Target classes (10, 59): 86.43%
Forget classes (0, 9): 0.00%
Other classes: 0.00%
Epoch 38: Train Acc 0.996, Loss 2.4925

Step 1 Comprehensive Evaluation:
Target classes (10, 59): 86.61%
Forget classes (0, 9): 0.00%
Other classes: 0.00%
Epoch 39: Train Acc 0.995, Loss 2.4943
Best model saved: ./baseline/students/step1.pth (Target Acc: 86.61%)

Step 1 Comprehensive Evaluation:
Target classes (10, 59): 86.51%
Forget classes (0, 9): 0.00%
Other classes: 0.00%
Epoch 40: Train Acc 0.995, Loss 2.4949
Step 1 completed!

==================================================
Starting Step 2: Classes 20-69
==================================================
Step 2: Target (20, 69), Forget [0, 1, 2, 3, 4, 5, 6, 7, 8, 9]
🛠️ Explicitly received params: {'num_classes': 100, 'lora_rank': 0}
🛠️ Explicitly received params: {'num_classes': 100, 'lora_rank': 0}

Step 2 Comprehensive Evaluation:
Target classes (20, 69): 73.28%
Forget classes (10, 19): 30.40%
Other classes: 0.00%
Epoch 1: Train Acc 0.852, Loss 4.2229
Best model saved: ./baseline/students/step2.pth (Target Acc: 73.28%)

Step 2 Comprehensive Evaluation:
Target classes (20, 69): 75.17%
Forget classes (10, 19): 22.67%
Other classes: 0.00%
Epoch 2: Train Acc 0.914, Loss 3.7115
Best model saved: ./baseline/students/step2.pth (Target Acc: 75.17%)

Step 2 Comprehensive Evaluation:
Target classes (20, 69): 76.59%
Forget classes (10, 19): 17.33%
Other classes: 0.00%
Epoch 3: Train Acc 0.931, Loss 3.5221
Best model saved: ./baseline/students/step2.pth (Target Acc: 76.59%)

Step 2 Comprehensive Evaluation:
Target classes (20, 69): 76.75%
Forget classes (10, 19): 11.73%
Other classes: 0.00%
Epoch 4: Train Acc 0.941, Loss 3.3930
Best model saved: ./baseline/students/step2.pth (Target Acc: 76.75%)

Step 2 Comprehensive Evaluation:
Target classes (20, 69): 77.07%
Forget classes (10, 19): 6.67%
Other classes: 0.00%
Epoch 5: Train Acc 0.948, Loss 3.3050
Best model saved: ./baseline/students/step2.pth (Target Acc: 77.07%)

Step 2 Comprehensive Evaluation:
Target classes (20, 69): 76.56%
Forget classes (10, 19): 4.00%
Other classes: 0.00%
Epoch 6: Train Acc 0.954, Loss 3.2249

Step 2 Comprehensive Evaluation:
Target classes (20, 69): 79.60%
Forget classes (10, 19): 2.13%
Other classes: 0.00%
Epoch 7: Train Acc 0.954, Loss 3.1875
Best model saved: ./baseline/students/step2.pth (Target Acc: 79.60%)

Step 2 Comprehensive Evaluation:
Target classes (20, 69): 79.79%
Forget classes (10, 19): 1.47%
Other classes: 0.00%
Epoch 8: Train Acc 0.961, Loss 3.1196
Best model saved: ./baseline/students/step2.pth (Target Acc: 79.79%)

Step 2 Comprehensive Evaluation:
Target classes (20, 69): 80.19%
Forget classes (10, 19): 1.20%
Other classes: 0.00%
Epoch 9: Train Acc 0.968, Loss 3.0592
Best model saved: ./baseline/students/step2.pth (Target Acc: 80.19%)

Step 2 Comprehensive Evaluation:
Target classes (20, 69): 79.79%
Forget classes (10, 19): 0.40%
Other classes: 0.00%
Epoch 10: Train Acc 0.968, Loss 3.0705

Step 2 Comprehensive Evaluation:
Target classes (20, 69): 79.04%
Forget classes (10, 19): 0.00%
Other classes: 0.00%
Epoch 11: Train Acc 0.973, Loss 2.9858

Step 2 Comprehensive Evaluation:
Target classes (20, 69): 79.68%
Forget classes (10, 19): 0.00%
Other classes: 0.00%
Epoch 12: Train Acc 0.967, Loss 3.0506

Step 2 Comprehensive Evaluation:
Target classes (20, 69): 79.68%
Forget classes (10, 19): 0.00%
Other classes: 0.00%
Epoch 13: Train Acc 0.975, Loss 2.9291

Step 2 Comprehensive Evaluation:
Target classes (20, 69): 80.43%
Forget classes (10, 19): 0.00%
Other classes: 0.00%
Epoch 14: Train Acc 0.978, Loss 2.8798
Best model saved: ./baseline/students/step2.pth (Target Acc: 80.43%)

Step 2 Comprehensive Evaluation:
Target classes (20, 69): 79.01%
Forget classes (10, 19): 0.00%
Other classes: 0.00%
Epoch 15: Train Acc 0.982, Loss 2.8307

Step 2 Comprehensive Evaluation:
Target classes (20, 69): 80.77%
Forget classes (10, 19): 0.00%
Other classes: 0.00%
Epoch 16: Train Acc 0.982, Loss 2.8323
Best model saved: ./baseline/students/step2.pth (Target Acc: 80.77%)

Step 2 Comprehensive Evaluation:
Target classes (20, 69): 80.77%
Forget classes (10, 19): 0.00%
Other classes: 0.00%
Epoch 17: Train Acc 0.985, Loss 2.7906
Best model saved: ./baseline/students/step2.pth (Target Acc: 80.77%)

Step 2 Comprehensive Evaluation:
Target classes (20, 69): 81.15%
Forget classes (10, 19): 0.00%
Other classes: 0.00%
Epoch 18: Train Acc 0.986, Loss 2.7652
Best model saved: ./baseline/students/step2.pth (Target Acc: 81.15%)

Step 2 Comprehensive Evaluation:
Target classes (20, 69): 81.65%
Forget classes (10, 19): 0.00%
Other classes: 0.00%
Epoch 19: Train Acc 0.988, Loss 2.7330
Best model saved: ./baseline/students/step2.pth (Target Acc: 81.65%)

Step 2 Comprehensive Evaluation:
Target classes (20, 69): 80.00%
Forget classes (10, 19): 0.00%
Other classes: 0.00%
Epoch 20: Train Acc 0.990, Loss 2.7115

Step 2 Comprehensive Evaluation:
Target classes (20, 69): 82.40%
Forget classes (10, 19): 0.00%
Other classes: 0.00%
Epoch 21: Train Acc 0.990, Loss 2.6871
Best model saved: ./baseline/students/step2.pth (Target Acc: 82.40%)

Step 2 Comprehensive Evaluation:
Target classes (20, 69): 81.09%
Forget classes (10, 19): 0.00%
Other classes: 0.00%
Epoch 22: Train Acc 0.992, Loss 2.6507

Step 2 Comprehensive Evaluation:
Target classes (20, 69): 81.89%
Forget classes (10, 19): 0.00%
Other classes: 0.00%
Epoch 23: Train Acc 0.993, Loss 2.6187

Step 2 Comprehensive Evaluation:
Target classes (20, 69): 83.57%
Forget classes (10, 19): 0.00%
Other classes: 0.00%
Epoch 24: Train Acc 0.992, Loss 2.6242
Best model saved: ./baseline/students/step2.pth (Target Acc: 83.57%)

Step 2 Comprehensive Evaluation:
Target classes (20, 69): 82.77%
Forget classes (10, 19): 0.00%
Other classes: 0.00%
Epoch 25: Train Acc 0.994, Loss 2.6013

Step 2 Comprehensive Evaluation:
Target classes (20, 69): 82.32%
Forget classes (10, 19): 0.00%
Other classes: 0.00%
Epoch 26: Train Acc 0.995, Loss 2.5842

Step 2 Comprehensive Evaluation:
Target classes (20, 69): 82.27%
Forget classes (10, 19): 0.00%
Other classes: 0.00%
Epoch 27: Train Acc 0.996, Loss 2.5647

Step 2 Comprehensive Evaluation:
Target classes (20, 69): 83.52%
Forget classes (10, 19): 0.00%
Other classes: 0.00%
Epoch 28: Train Acc 0.996, Loss 2.5510

Step 2 Comprehensive Evaluation:
Target classes (20, 69): 83.97%
Forget classes (10, 19): 0.00%
Other classes: 0.00%
Epoch 29: Train Acc 0.995, Loss 2.5557
Best model saved: ./baseline/students/step2.pth (Target Acc: 83.97%)

Step 2 Comprehensive Evaluation:
Target classes (20, 69): 84.11%
Forget classes (10, 19): 0.00%
Other classes: 0.00%
Epoch 30: Train Acc 0.997, Loss 2.5278
Best model saved: ./baseline/students/step2.pth (Target Acc: 84.11%)

Step 2 Comprehensive Evaluation:
Target classes (20, 69): 83.60%
Forget classes (10, 19): 0.00%
Other classes: 0.00%
Epoch 31: Train Acc 0.996, Loss 2.5243

Step 2 Comprehensive Evaluation:
Target classes (20, 69): 84.61%
Forget classes (10, 19): 0.00%
Other classes: 0.00%
Epoch 32: Train Acc 0.998, Loss 2.5146
Best model saved: ./baseline/students/step2.pth (Target Acc: 84.61%)

Step 2 Comprehensive Evaluation:
Target classes (20, 69): 84.08%
Forget classes (10, 19): 0.00%
Other classes: 0.00%
Epoch 33: Train Acc 0.997, Loss 2.5065

Step 2 Comprehensive Evaluation:
Target classes (20, 69): 84.61%
Forget classes (10, 19): 0.00%
Other classes: 0.00%
Epoch 34: Train Acc 0.997, Loss 2.5045

Step 2 Comprehensive Evaluation:
Target classes (20, 69): 84.64%
Forget classes (10, 19): 0.00%
Other classes: 0.00%
Epoch 35: Train Acc 0.998, Loss 2.4931
Best model saved: ./baseline/students/step2.pth (Target Acc: 84.64%)

Step 2 Comprehensive Evaluation:
Target classes (20, 69): 84.69%
Forget classes (10, 19): 0.00%
Other classes: 0.00%
Epoch 36: Train Acc 0.997, Loss 2.4993
Best model saved: ./baseline/students/step2.pth (Target Acc: 84.69%)

Step 2 Comprehensive Evaluation:
Target classes (20, 69): 84.77%
Forget classes (10, 19): 0.00%
Other classes: 0.00%
Epoch 37: Train Acc 0.997, Loss 2.4909
Best model saved: ./baseline/students/step2.pth (Target Acc: 84.77%)

Step 2 Comprehensive Evaluation:
Target classes (20, 69): 84.85%
Forget classes (10, 19): 0.00%
Other classes: 0.00%
Epoch 38: Train Acc 0.997, Loss 2.4885
Best model saved: ./baseline/students/step2.pth (Target Acc: 84.85%)

Step 2 Comprehensive Evaluation:
Target classes (20, 69): 85.07%
Forget classes (10, 19): 0.00%
Other classes: 0.00%
Epoch 39: Train Acc 0.997, Loss 2.4869
Best model saved: ./baseline/students/step2.pth (Target Acc: 85.07%)

Step 2 Comprehensive Evaluation:
Target classes (20, 69): 85.07%
Forget classes (10, 19): 0.00%
Other classes: 0.00%
Epoch 40: Train Acc 0.997, Loss 2.4896
Step 2 completed!

==================================================
Starting Step 3: Classes 30-79
==================================================
Step 3: Target (30, 79), Forget [10, 11, 12, 13, 14, 15, 16, 17, 18, 19]
🛠️ Explicitly received params: {'num_classes': 100, 'lora_rank': 0}
🛠️ Explicitly received params: {'num_classes': 100, 'lora_rank': 0}

Step 3 Comprehensive Evaluation:
Target classes (30, 79): 73.84%
Forget classes (20, 29): 46.53%
Other classes: 0.00%
Epoch 1: Train Acc 0.862, Loss 4.2062
Best model saved: ./baseline/students/step3.pth (Target Acc: 73.84%)

Step 3 Comprehensive Evaluation:
Target classes (30, 79): 76.61%
Forget classes (20, 29): 32.13%
Other classes: 0.00%
Epoch 2: Train Acc 0.910, Loss 3.8088
Best model saved: ./baseline/students/step3.pth (Target Acc: 76.61%)

Step 3 Comprehensive Evaluation:
Target classes (30, 79): 78.13%
Forget classes (20, 29): 26.13%
Other classes: 0.00%
Epoch 3: Train Acc 0.941, Loss 3.5014
Best model saved: ./baseline/students/step3.pth (Target Acc: 78.13%)

Step 3 Comprehensive Evaluation:
Target classes (30, 79): 78.32%
Forget classes (20, 29): 18.53%
Other classes: 0.00%
Epoch 4: Train Acc 0.948, Loss 3.4042
Best model saved: ./baseline/students/step3.pth (Target Acc: 78.32%)

Step 3 Comprehensive Evaluation:
Target classes (30, 79): 78.67%
Forget classes (20, 29): 8.13%
Other classes: 0.00%
Epoch 5: Train Acc 0.955, Loss 3.2631
Best model saved: ./baseline/students/step3.pth (Target Acc: 78.67%)

Step 3 Comprehensive Evaluation:
Target classes (30, 79): 78.91%
Forget classes (20, 29): 5.60%
Other classes: 0.00%
Epoch 6: Train Acc 0.961, Loss 3.1991
Best model saved: ./baseline/students/step3.pth (Target Acc: 78.91%)

Step 3 Comprehensive Evaluation:
Target classes (30, 79): 77.31%
Forget classes (20, 29): 1.73%
Other classes: 0.00%
Epoch 7: Train Acc 0.965, Loss 3.1189

Step 3 Comprehensive Evaluation:
Target classes (30, 79): 73.79%
Forget classes (20, 29): 1.07%
Other classes: 0.00%
Epoch 8: Train Acc 0.970, Loss 3.0843

Step 3 Comprehensive Evaluation:
Target classes (30, 79): 79.57%
Forget classes (20, 29): 0.67%
Other classes: 0.00%
Epoch 9: Train Acc 0.949, Loss 3.2777
Best model saved: ./baseline/students/step3.pth (Target Acc: 79.57%)

Step 3 Comprehensive Evaluation:
Target classes (30, 79): 78.93%
Forget classes (20, 29): 0.40%
Other classes: 0.00%
Epoch 10: Train Acc 0.971, Loss 3.0130

Step 3 Comprehensive Evaluation:
Target classes (30, 79): 79.36%
Forget classes (20, 29): 0.13%
Other classes: 0.00%
Epoch 11: Train Acc 0.977, Loss 2.9544

Step 3 Comprehensive Evaluation:
Target classes (30, 79): 80.67%
Forget classes (20, 29): 0.13%
Other classes: 0.00%
Epoch 12: Train Acc 0.979, Loss 2.9149
Best model saved: ./baseline/students/step3.pth (Target Acc: 80.67%)

Step 3 Comprehensive Evaluation:
Target classes (30, 79): 79.07%
Forget classes (20, 29): 0.27%
Other classes: 0.00%
Epoch 13: Train Acc 0.980, Loss 2.9122

Step 3 Comprehensive Evaluation:
Target classes (30, 79): 80.32%
Forget classes (20, 29): 0.00%
Other classes: 0.00%
Epoch 14: Train Acc 0.976, Loss 2.9439

Step 3 Comprehensive Evaluation:
Target classes (30, 79): 80.88%
Forget classes (20, 29): 0.00%
Other classes: 0.00%
Epoch 15: Train Acc 0.984, Loss 2.8145
Best model saved: ./baseline/students/step3.pth (Target Acc: 80.88%)

Step 3 Comprehensive Evaluation:
Target classes (30, 79): 81.28%
Forget classes (20, 29): 0.00%
Other classes: 0.00%
Epoch 16: Train Acc 0.986, Loss 2.7875
Best model saved: ./baseline/students/step3.pth (Target Acc: 81.28%)

Step 3 Comprehensive Evaluation:
Target classes (30, 79): 80.93%
Forget classes (20, 29): 0.00%🛠️ Explicitly received params: {'num_classes': 100, 'lora_rank': 0}
Loaded pretrained weights from timm: deit_tiny_patch16_224
✅ Loaded pretrained weights from timm

==================================================
Starting Step 1: Classes 10-59
==================================================
Step 1: Target (10, 59), Forget [0, 1, 2, 3, 4, 5, 6, 7, 8, 9]
🛠️ Explicitly received params: {'num_classes': 100, 'lora_rank': 0}
🛠️ Explicitly received params: {'num_classes': 100, 'lora_rank': 0}

Step 1 Comprehensive Evaluation:
Target classes (10, 59): 70.91%
Forget classes (0, 9): 0.00%
Other classes: 0.00%
Epoch 1: Train Acc 0.666, Loss 5.5642
Best model saved: ./baseline/students/step1.pth (Target Acc: 70.91%)

Step 1 Comprehensive Evaluation:
Target classes (10, 59): 75.41%
Forget classes (0, 9): 0.00%
Other classes: 0.00%
Epoch 2: Train Acc 0.819, Loss 4.4602
Best model saved: ./baseline/students/step1.pth (Target Acc: 75.41%)

Step 1 Comprehensive Evaluation:
Target classes (10, 59): 77.12%
Forget classes (0, 9): 0.00%
Other classes: 0.00%
Epoch 3: Train Acc 0.855, Loss 4.0990
Best model saved: ./baseline/students/step1.pth (Target Acc: 77.12%)

Step 1 Comprehensive Evaluation:
Target classes (10, 59): 80.11%
Forget classes (0, 9): 0.00%
Other classes: 0.00%
Epoch 4: Train Acc 0.873, Loss 3.9073
Best model saved: ./baseline/students/step1.pth (Target Acc: 80.11%)

Step 1 Comprehensive Evaluation:
Target classes (10, 59): 78.27%
Forget classes (0, 9): 0.00%
Other classes: 0.00%
Epoch 5: Train Acc 0.897, Loss 3.7093

Step 1 Comprehensive Evaluation:
Target classes (10, 59): 79.25%
Forget classes (0, 9): 0.00%
Other classes: 0.00%
Epoch 6: Train Acc 0.904, Loss 3.6199

Step 1 Comprehensive Evaluation:
Target classes (10, 59): 81.17%
Forget classes (0, 9): 0.00%
Other classes: 0.00%
Epoch 7: Train Acc 0.922, Loss 3.4815
Best model saved: ./baseline/students/step1.pth (Target Acc: 81.17%)

Step 1 Comprehensive Evaluation:
Target classes (10, 59): 80.77%
Forget classes (0, 9): 0.00%
Other classes: 0.00%
Epoch 8: Train Acc 0.928, Loss 3.4183

Step 1 Comprehensive Evaluation:
Target classes (10, 59): 80.27%
Forget classes (0, 9): 0.00%
Other classes: 0.00%
Epoch 9: Train Acc 0.935, Loss 3.3309

Step 1 Comprehensive Evaluation:
Target classes (10, 59): 80.13%
Forget classes (0, 9): 0.00%
Other classes: 0.00%
Epoch 10: Train Acc 0.943, Loss 3.2691

Step 1 Comprehensive Evaluation:
Target classes (10, 59): 81.76%
Forget classes (0, 9): 0.00%
Other classes: 0.00%
Epoch 11: Train Acc 0.948, Loss 3.2037
Best model saved: ./baseline/students/step1.pth (Target Acc: 81.76%)

Step 1 Comprehensive Evaluation:
Target classes (10, 59): 82.75%
Forget classes (0, 9): 0.00%
Other classes: 0.00%
Epoch 12: Train Acc 0.951, Loss 3.1522
Best model saved: ./baseline/students/step1.pth (Target Acc: 82.75%)

Step 1 Comprehensive Evaluation:
Target classes (10, 59): 81.09%
Forget classes (0, 9): 0.00%
Other classes: 0.00%
Epoch 13: Train Acc 0.959, Loss 3.0767

Step 1 Comprehensive Evaluation:
Target classes (10, 59): 82.56%
Forget classes (0, 9): 0.00%
Other classes: 0.00%
Epoch 14: Train Acc 0.965, Loss 3.0262

Step 1 Comprehensive Evaluation:
Target classes (10, 59): 82.29%
Forget classes (0, 9): 0.00%
Other classes: 0.00%
Epoch 15: Train Acc 0.966, Loss 2.9722

Step 1 Comprehensive Evaluation:
Target classes (10, 59): 82.80%
Forget classes (0, 9): 0.00%
Other classes: 0.00%
Epoch 16: Train Acc 0.971, Loss 2.9316
Best model saved: ./baseline/students/step1.pth (Target Acc: 82.80%)

Step 1 Comprehensive Evaluation:
Target classes (10, 59): 82.59%
Forget classes (0, 9): 0.00%
Other classes: 0.00%
Epoch 17: Train Acc 0.975, Loss 2.8763

Step 1 Comprehensive Evaluation:
Target classes (10, 59): 82.64%
Forget classes (0, 9): 0.00%
Other classes: 0.00%
Epoch 18: Train Acc 0.976, Loss 2.8299

Step 1 Comprehensive Evaluation:
Target classes (10, 59): 82.88%
Forget classes (0, 9): 0.00%
Other classes: 0.00%
Epoch 19: Train Acc 0.979, Loss 2.8272
Best model saved: ./baseline/students/step1.pth (Target Acc: 82.88%)

Step 1 Comprehensive Evaluation:
Target classes (10, 59): 84.59%
Forget classes (0, 9): 0.00%
Other classes: 0.00%
Epoch 20: Train Acc 0.979, Loss 2.8047
Best model saved: ./baseline/students/step1.pth (Target Acc: 84.59%)

Step 1 Comprehensive Evaluation:
Target classes (10, 59): 83.79%
Forget classes (0, 9): 0.00%
Other classes: 0.00%
Epoch 21: Train Acc 0.983, Loss 2.7536

Step 1 Comprehensive Evaluation:
Target classes (10, 59): 82.64%
Forget classes (0, 9): 0.00%
Other classes: 0.00%
Epoch 22: Train Acc 0.984, Loss 2.7092

Step 1 Comprehensive Evaluation:
Target classes (10, 59): 83.68%
Forget classes (0, 9): 0.00%
Other classes: 0.00%
Epoch 23: Train Acc 0.988, Loss 2.6740

Step 1 Comprehensive Evaluation:
Target classes (10, 59): 85.04%
Forget classes (0, 9): 0.00%
Other classes: 0.00%
Epoch 24: Train Acc 0.987, Loss 2.6667
Best model saved: ./baseline/students/step1.pth (Target Acc: 85.04%)

Step 1 Comprehensive Evaluation:
Target classes (10, 59): 84.32%
Forget classes (0, 9): 0.00%
Other classes: 0.00%
Epoch 25: Train Acc 0.989, Loss 2.6298

Step 1 Comprehensive Evaluation:
Target classes (10, 59): 84.77%
Forget classes (0, 9): 0.00%
Other classes: 0.00%
Epoch 26: Train Acc 0.990, Loss 2.6140

Step 1 Comprehensive Evaluation:
Target classes (10, 59): 85.23%
Forget classes (0, 9): 0.00%
Other classes: 0.00%
Epoch 27: Train Acc 0.992, Loss 2.5871
Best model saved: ./baseline/students/step1.pth (Target Acc: 85.23%)

Step 1 Comprehensive Evaluation:
Target classes (10, 59): 85.71%
Forget classes (0, 9): 0.00%
Other classes: 0.00%
Epoch 28: Train Acc 0.992, Loss 2.5750
Best model saved: ./baseline/students/step1.pth (Target Acc: 85.71%)

Step 1 Comprehensive Evaluation:
Target classes (10, 59): 85.79%
Forget classes (0, 9): 0.00%
Other classes: 0.00%
Epoch 29: Train Acc 0.993, Loss 2.5675
Best model saved: ./baseline/students/step1.pth (Target Acc: 85.79%)

Step 1 Comprehensive Evaluation:
Target classes (10, 59): 85.84%
Forget classes (0, 9): 0.00%
Other classes: 0.00%
Epoch 30: Train Acc 0.994, Loss 2.5442
Best model saved: ./baseline/students/step1.pth (Target Acc: 85.84%)

Step 1 Comprehensive Evaluation:
Target classes (10, 59): 86.16%
Forget classes (0, 9): 0.00%
Other classes: 0.00%
Epoch 31: Train Acc 0.995, Loss 2.5315
Best model saved: ./baseline/students/step1.pth (Target Acc: 86.16%)

Step 1 Comprehensive Evaluation:
Target classes (10, 59): 85.89%
Forget classes (0, 9): 0.00%
Other classes: 0.00%
Epoch 32: Train Acc 0.995, Loss 2.5223

Step 1 Comprehensive Evaluation:
Target classes (10, 59): 85.71%
Forget classes (0, 9): 0.00%
Other classes: 0.00%
Epoch 33: Train Acc 0.995, Loss 2.5207

Step 1 Comprehensive Evaluation:
Target classes (10, 59): 86.11%
Forget classes (0, 9): 0.00%
Other classes: 0.00%
Epoch 34: Train Acc 0.996, Loss 2.5116

Step 1 Comprehensive Evaluation:
Target classes (10, 59): 86.13%
Forget classes (0, 9): 0.00%
Other classes: 0.00%
Epoch 35: Train Acc 0.995, Loss 2.5096

Step 1 Comprehensive Evaluation:
Target classes (10, 59): 86.53%
Forget classes (0, 9): 0.00%
Other classes: 0.00%
Epoch 36: Train Acc 0.996, Loss 2.4967
Best model saved: ./baseline/students/step1.pth (Target Acc: 86.53%)

Step 1 Comprehensive Evaluation:
Target classes (10, 59): 86.40%
Forget classes (0, 9): 0.00%
Other classes: 0.00%
Epoch 37: Train Acc 0.996, Loss 2.4970

Step 1 Comprehensive Evaluation:
Target classes (10, 59): 86.43%
Forget classes (0, 9): 0.00%
Other classes: 0.00%
Epoch 38: Train Acc 0.996, Loss 2.4925

Step 1 Comprehensive Evaluation:
Target classes (10, 59): 86.61%
Forget classes (0, 9): 0.00%
Other classes: 0.00%
Epoch 39: Train Acc 0.995, Loss 2.4943
Best model saved: ./baseline/students/step1.pth (Target Acc: 86.61%)

Step 1 Comprehensive Evaluation:
Target classes (10, 59): 86.51%
Forget classes (0, 9): 0.00%
Other classes: 0.00%
Epoch 40: Train Acc 0.995, Loss 2.4949
Step 1 completed!

==================================================
Starting Step 2: Classes 20-69
==================================================
Step 2: Target (20, 69), Forget [0, 1, 2, 3, 4, 5, 6, 7, 8, 9]
🛠️ Explicitly received params: {'num_classes': 100, 'lora_rank': 0}
🛠️ Explicitly received params: {'num_classes': 100, 'lora_rank': 0}

Step 2 Comprehensive Evaluation:
Target classes (20, 69): 73.28%
Forget classes (10, 19): 30.40%
Other classes: 0.00%
Epoch 1: Train Acc 0.852, Loss 4.2229
Best model saved: ./baseline/students/step2.pth (Target Acc: 73.28%)

Step 2 Comprehensive Evaluation:
Target classes (20, 69): 75.17%
Forget classes (10, 19): 22.67%
Other classes: 0.00%
Epoch 2: Train Acc 0.914, Loss 3.7115
Best model saved: ./baseline/students/step2.pth (Target Acc: 75.17%)

Step 2 Comprehensive Evaluation:
Target classes (20, 69): 76.59%
Forget classes (10, 19): 17.33%
Other classes: 0.00%
Epoch 3: Train Acc 0.931, Loss 3.5221
Best model saved: ./baseline/students/step2.pth (Target Acc: 76.59%)

Step 2 Comprehensive Evaluation:
Target classes (20, 69): 76.75%
Forget classes (10, 19): 11.73%
Other classes: 0.00%
Epoch 4: Train Acc 0.941, Loss 3.3930
Best model saved: ./baseline/students/step2.pth (Target Acc: 76.75%)

Step 2 Comprehensive Evaluation:
Target classes (20, 69): 77.07%
Forget classes (10, 19): 6.67%
Other classes: 0.00%
Epoch 5: Train Acc 0.948, Loss 3.3050
Best model saved: ./baseline/students/step2.pth (Target Acc: 77.07%)

Step 2 Comprehensive Evaluation:
Target classes (20, 69): 76.56%
Forget classes (10, 19): 4.00%
Other classes: 0.00%
Epoch 6: Train Acc 0.954, Loss 3.2249

Step 2 Comprehensive Evaluation:
Target classes (20, 69): 79.60%
Forget classes (10, 19): 2.13%
Other classes: 0.00%
Epoch 7: Train Acc 0.954, Loss 3.1875
Best model saved: ./baseline/students/step2.pth (Target Acc: 79.60%)

Step 2 Comprehensive Evaluation:
Target classes (20, 69): 79.79%
Forget classes (10, 19): 1.47%
Other classes: 0.00%
Epoch 8: Train Acc 0.961, Loss 3.1196
Best model saved: ./baseline/students/step2.pth (Target Acc: 79.79%)

Step 2 Comprehensive Evaluation:
Target classes (20, 69): 80.19%
Forget classes (10, 19): 1.20%
Other classes: 0.00%
Epoch 9: Train Acc 0.968, Loss 3.0592
Best model saved: ./baseline/students/step2.pth (Target Acc: 80.19%)

Step 2 Comprehensive Evaluation:
Target classes (20, 69): 79.79%
Forget classes (10, 19): 0.40%
Other classes: 0.00%
Epoch 10: Train Acc 0.968, Loss 3.0705

Step 2 Comprehensive Evaluation:
Target classes (20, 69): 79.04%
Forget classes (10, 19): 0.00%
Other classes: 0.00%
Epoch 11: Train Acc 0.973, Loss 2.9858

Step 2 Comprehensive Evaluation:
Target classes (20, 69): 79.68%
Forget classes (10, 19): 0.00%
Other classes: 0.00%
Epoch 12: Train Acc 0.967, Loss 3.0506

Step 2 Comprehensive Evaluation:
Target classes (20, 69): 79.68%
Forget classes (10, 19): 0.00%
Other classes: 0.00%
Epoch 13: Train Acc 0.975, Loss 2.9291

Step 2 Comprehensive Evaluation:
Target classes (20, 69): 80.43%
Forget classes (10, 19): 0.00%
Other classes: 0.00%
Epoch 14: Train Acc 0.978, Loss 2.8798
Best model saved: ./baseline/students/step2.pth (Target Acc: 80.43%)

Step 2 Comprehensive Evaluation:
Target classes (20, 69): 79.01%
Forget classes (10, 19): 0.00%
Other classes: 0.00%
Epoch 15: Train Acc 0.982, Loss 2.8307

Step 2 Comprehensive Evaluation:
Target classes (20, 69): 80.77%
Forget classes (10, 19): 0.00%
Other classes: 0.00%
Epoch 16: Train Acc 0.982, Loss 2.8323
Best model saved: ./baseline/students/step2.pth (Target Acc: 80.77%)

Step 2 Comprehensive Evaluation:
Target classes (20, 69): 80.77%
Forget classes (10, 19): 0.00%
Other classes: 0.00%
Epoch 17: Train Acc 0.985, Loss 2.7906
Best model saved: ./baseline/students/step2.pth (Target Acc: 80.77%)

Step 2 Comprehensive Evaluation:
Target classes (20, 69): 81.15%
Forget classes (10, 19): 0.00%
Other classes: 0.00%
Epoch 18: Train Acc 0.986, Loss 2.7652
Best model saved: ./baseline/students/step2.pth (Target Acc: 81.15%)

Step 2 Comprehensive Evaluation:
Target classes (20, 69): 81.65%
Forget classes (10, 19): 0.00%
Other classes: 0.00%
Epoch 19: Train Acc 0.988, Loss 2.7330
Best model saved: ./baseline/students/step2.pth (Target Acc: 81.65%)

Step 2 Comprehensive Evaluation:
Target classes (20, 69): 80.00%
Forget classes (10, 19): 0.00%
Other classes: 0.00%
Epoch 20: Train Acc 0.990, Loss 2.7115

Step 2 Comprehensive Evaluation:
Target classes (20, 69): 82.40%
Forget classes (10, 19): 0.00%
Other classes: 0.00%
Epoch 21: Train Acc 0.990, Loss 2.6871
Best model saved: ./baseline/students/step2.pth (Target Acc: 82.40%)

Step 2 Comprehensive Evaluation:
Target classes (20, 69): 81.09%
Forget classes (10, 19): 0.00%
Other classes: 0.00%
Epoch 22: Train Acc 0.992, Loss 2.6507

Step 2 Comprehensive Evaluation:
Target classes (20, 69): 81.89%
Forget classes (10, 19): 0.00%
Other classes: 0.00%
Epoch 23: Train Acc 0.993, Loss 2.6187

Step 2 Comprehensive Evaluation:
Target classes (20, 69): 83.57%
Forget classes (10, 19): 0.00%
Other classes: 0.00%
Epoch 24: Train Acc 0.992, Loss 2.6242
Best model saved: ./baseline/students/step2.pth (Target Acc: 83.57%)

Step 2 Comprehensive Evaluation:
Target classes (20, 69): 82.77%
Forget classes (10, 19): 0.00%
Other classes: 0.00%
Epoch 25: Train Acc 0.994, Loss 2.6013

Step 2 Comprehensive Evaluation:
Target classes (20, 69): 82.32%
Forget classes (10, 19): 0.00%
Other classes: 0.00%
Epoch 26: Train Acc 0.995, Loss 2.5842

Step 2 Comprehensive Evaluation:
Target classes (20, 69): 82.27%
Forget classes (10, 19): 0.00%
Other classes: 0.00%
Epoch 27: Train Acc 0.996, Loss 2.5647

Step 2 Comprehensive Evaluation:
Target classes (20, 69): 83.52%
Forget classes (10, 19): 0.00%
Other classes: 0.00%
Epoch 28: Train Acc 0.996, Loss 2.5510

Step 2 Comprehensive Evaluation:
Target classes (20, 69): 83.97%
Forget classes (10, 19): 0.00%
Other classes: 0.00%
Epoch 29: Train Acc 0.995, Loss 2.5557
Best model saved: ./baseline/students/step2.pth (Target Acc: 83.97%)

Step 2 Comprehensive Evaluation:
Target classes (20, 69): 84.11%
Forget classes (10, 19): 0.00%
Other classes: 0.00%
Epoch 30: Train Acc 0.997, Loss 2.5278
Best model saved: ./baseline/students/step2.pth (Target Acc: 84.11%)

Step 2 Comprehensive Evaluation:
Target classes (20, 69): 83.60%
Forget classes (10, 19): 0.00%
Other classes: 0.00%
Epoch 31: Train Acc 0.996, Loss 2.5243

Step 2 Comprehensive Evaluation:
Target classes (20, 69): 84.61%
Forget classes (10, 19): 0.00%
Other classes: 0.00%
Epoch 32: Train Acc 0.998, Loss 2.5146
Best model saved: ./baseline/students/step2.pth (Target Acc: 84.61%)

Step 2 Comprehensive Evaluation:
Target classes (20, 69): 84.08%
Forget classes (10, 19): 0.00%
Other classes: 0.00%
Epoch 33: Train Acc 0.997, Loss 2.5065

Step 2 Comprehensive Evaluation:
Target classes (20, 69): 84.61%
Forget classes (10, 19): 0.00%
Other classes: 0.00%
Epoch 34: Train Acc 0.997, Loss 2.5045

Step 2 Comprehensive Evaluation:
Target classes (20, 69): 84.64%
Forget classes (10, 19): 0.00%
Other classes: 0.00%
Epoch 35: Train Acc 0.998, Loss 2.4931
Best model saved: ./baseline/students/step2.pth (Target Acc: 84.64%)

Step 2 Comprehensive Evaluation:
Target classes (20, 69): 84.69%
Forget classes (10, 19): 0.00%
Other classes: 0.00%
Epoch 36: Train Acc 0.997, Loss 2.4993
Best model saved: ./baseline/students/step2.pth (Target Acc: 84.69%)

Step 2 Comprehensive Evaluation:
Target classes (20, 69): 84.77%
Forget classes (10, 19): 0.00%
Other classes: 0.00%
Epoch 37: Train Acc 0.997, Loss 2.4909
Best model saved: ./baseline/students/step2.pth (Target Acc: 84.77%)

Step 2 Comprehensive Evaluation:
Target classes (20, 69): 84.85%
Forget classes (10, 19): 0.00%
Other classes: 0.00%
Epoch 38: Train Acc 0.997, Loss 2.4885
Best model saved: ./baseline/students/step2.pth (Target Acc: 84.85%)

Step 2 Comprehensive Evaluation:
Target classes (20, 69): 85.07%
Forget classes (10, 19): 0.00%
Other classes: 0.00%
Epoch 39: Train Acc 0.997, Loss 2.4869
Best model saved: ./baseline/students/step2.pth (Target Acc: 85.07%)

Step 2 Comprehensive Evaluation:
Target classes (20, 69): 85.07%
Forget classes (10, 19): 0.00%
Other classes: 0.00%
Epoch 40: Train Acc 0.997, Loss 2.4896
Step 2 completed!

==================================================
Starting Step 3: Classes 30-79
==================================================
Step 3: Target (30, 79), Forget [10, 11, 12, 13, 14, 15, 16, 17, 18, 19]
🛠️ Explicitly received params: {'num_classes': 100, 'lora_rank': 0}
🛠️ Explicitly received params: {'num_classes': 100, 'lora_rank': 0}

Step 3 Comprehensive Evaluation:
Target classes (30, 79): 73.84%
Forget classes (20, 29): 46.53%
Other classes: 0.00%
Epoch 1: Train Acc 0.862, Loss 4.2062
Best model saved: ./baseline/students/step3.pth (Target Acc: 73.84%)

Step 3 Comprehensive Evaluation:
Target classes (30, 79): 76.61%
Forget classes (20, 29): 32.13%
Other classes: 0.00%
Epoch 2: Train Acc 0.910, Loss 3.8088
Best model saved: ./baseline/students/step3.pth (Target Acc: 76.61%)

Step 3 Comprehensive Evaluation:
Target classes (30, 79): 78.13%
Forget classes (20, 29): 26.13%
Other classes: 0.00%
Epoch 3: Train Acc 0.941, Loss 3.5014
Best model saved: ./baseline/students/step3.pth (Target Acc: 78.13%)

Step 3 Comprehensive Evaluation:
Target classes (30, 79): 78.32%
Forget classes (20, 29): 18.53%
Other classes: 0.00%
Epoch 4: Train Acc 0.948, Loss 3.4042
Best model saved: ./baseline/students/step3.pth (Target Acc: 78.32%)

Step 3 Comprehensive Evaluation:
Target classes (30, 79): 78.67%
Forget classes (20, 29): 8.13%
Other classes: 0.00%
Epoch 5: Train Acc 0.955, Loss 3.2631
Best model saved: ./baseline/students/step3.pth (Target Acc: 78.67%)

Step 3 Comprehensive Evaluation:
Target classes (30, 79): 78.91%
Forget classes (20, 29): 5.60%
Other classes: 0.00%
Epoch 6: Train Acc 0.961, Loss 3.1991
Best model saved: ./baseline/students/step3.pth (Target Acc: 78.91%)

Step 3 Comprehensive Evaluation:
Target classes (30, 79): 77.31%
Forget classes (20, 29): 1.73%
Other classes: 0.00%
Epoch 7: Train Acc 0.965, Loss 3.1189

Step 3 Comprehensive Evaluation:
Target classes (30, 79): 73.79%
Forget classes (20, 29): 1.07%
Other classes: 0.00%
Epoch 8: Train Acc 0.970, Loss 3.0843

Step 3 Comprehensive Evaluation:
Target classes (30, 79): 79.57%
Forget classes (20, 29): 0.67%
Other classes: 0.00%
Epoch 9: Train Acc 0.949, Loss 3.2777
Best model saved: ./baseline/students/step3.pth (Target Acc: 79.57%)

Step 3 Comprehensive Evaluation:
Target classes (30, 79): 78.93%
Forget classes (20, 29): 0.40%
Other classes: 0.00%
Epoch 10: Train Acc 0.971, Loss 3.0130

Step 3 Comprehensive Evaluation:
Target classes (30, 79): 79.36%
Forget classes (20, 29): 0.13%
Other classes: 0.00%
Epoch 11: Train Acc 0.977, Loss 2.9544

Step 3 Comprehensive Evaluation:
Target classes (30, 79): 80.67%
Forget classes (20, 29): 0.13%
Other classes: 0.00%
Epoch 12: Train Acc 0.979, Loss 2.9149
Best model saved: ./baseline/students/step3.pth (Target Acc: 80.67%)

Step 3 Comprehensive Evaluation:
Target classes (30, 79): 79.07%
Forget classes (20, 29): 0.27%
Other classes: 0.00%
Epoch 13: Train Acc 0.980, Loss 2.9122

Step 3 Comprehensive Evaluation:
Target classes (30, 79): 80.32%
Forget classes (20, 29): 0.00%
Other classes: 0.00%
Epoch 14: Train Acc 0.976, Loss 2.9439

Step 3 Comprehensive Evaluation:
Target classes (30, 79): 80.88%
Forget classes (20, 29): 0.00%
Other classes: 0.00%
Epoch 15: Train Acc 0.984, Loss 2.8145
Best model saved: ./baseline/students/step3.pth (Target Acc: 80.88%)

Step 3 Comprehensive Evaluation:
Target classes (30, 79): 81.28%
Forget classes (20, 29): 0.00%
Other classes: 0.00%
Epoch 16: Train Acc 0.986, Loss 2.7875
Best model saved: ./baseline/students/step3.pth (Target Acc: 81.28%)

Step 3 Comprehensive Evaluation:
Target classes (30, 79): 80.93%
Forget classes (20, 29): 0.00%
Other classes: 0.00%
Epoch 17: Train Acc 0.987, Loss 2.7723

Step 3 Comprehensive Evaluation:
Target classes (30, 79): 80.29%
Forget classes (20, 29): 0.00%
Other classes: 0.00%
Epoch 18: Train Acc 0.989, Loss 2.7437

Step 3 Comprehensive Evaluation:
Target classes (30, 79): 81.23%
Forget classes (20, 29): 0.00%
Other classes: 0.00%
Epoch 19: Train Acc 0.991, Loss 2.7095

Step 3 Comprehensive Evaluation:
Target classes (30, 79): 80.88%
Forget classes (20, 29): 0.00%
Other classes: 0.00%
Epoch 20: Train Acc 0.990, Loss 2.7049

Step 3 Comprehensive Evaluation:
Target classes (30, 79): 82.08%
Forget classes (20, 29): 0.00%
Other classes: 0.00%
Epoch 21: Train Acc 0.992, Loss 2.6681
Best model saved: ./baseline/students/step3.pth (Target Acc: 82.08%)

Step 3 Comprehensive Evaluation:
Target classes (30, 79): 82.03%
Forget classes (20, 29): 0.00%
Other classes: 0.00%
Epoch 22: Train Acc 0.992, Loss 2.6620

Step 3 Comprehensive Evaluation:
Target classes (30, 79): 82.37%
Forget classes (20, 29): 0.13%
Other classes: 0.00%
Epoch 23: Train Acc 0.994, Loss 2.6258
Best model saved: ./baseline/students/step3.pth (Target Acc: 82.37%)

Step 3 Comprehensive Evaluation:
Target classes (30, 79): 81.65%
Forget classes (20, 29): 0.00%
Other classes: 0.00%
Epoch 24: Train Acc 0.995, Loss 2.5901

Step 3 Comprehensive Evaluation:
Target classes (30, 79): 81.76%
Forget classes (20, 29): 0.00%
Other classes: 0.00%
Epoch 25: Train Acc 0.994, Loss 2.5978

Step 3 Comprehensive Evaluation:
Target classes (30, 79): 82.35%
Forget classes (20, 29): 0.00%
Other classes: 0.00%
Epoch 26: Train Acc 0.995, Loss 2.5729

Step 3 Comprehensive Evaluation:
Target classes (30, 79): 83.57%
Forget classes (20, 29): 0.00%
Other classes: 0.00%
Epoch 27: Train Acc 0.995, Loss 2.5728
Best model saved: ./baseline/students/step3.pth (Target Acc: 83.57%)

Step 3 Comprehensive Evaluation:
Target classes (30, 79): 82.72%
Forget classes (20, 29): 0.00%
Other classes: 0.00%
Epoch 28: Train Acc 0.997, Loss 2.5363

Step 3 Comprehensive Evaluation:
Target classes (30, 79): 83.63%
Forget classes (20, 29): 0.00%
Other classes: 0.00%
Epoch 29: Train Acc 0.997, Loss 2.5320
Best model saved: ./baseline/students/step3.pth (Target Acc: 83.63%)

Step 3 Comprehensive Evaluation:
Target classes (30, 79): 83.49%
Forget classes (20, 29): 0.00%
Other classes: 0.00%
Epoch 30: Train Acc 0.997, Loss 2.5232

Step 3 Comprehensive Evaluation:
Target classes (30, 79): 83.60%
Forget classes (20, 29): 0.00%
Other classes: 0.00%
Epoch 31: Train Acc 0.997, Loss 2.5210

Step 3 Comprehensive Evaluation:
Target classes (30, 79): 83.92%
Forget classes (20, 29): 0.00%
Other classes: 0.00%
Epoch 32: Train Acc 0.997, Loss 2.5136
Best model saved: ./baseline/students/step3.pth (Target Acc: 83.92%)

Step 3 Comprehensive Evaluation:
Target classes (30, 79): 83.76%
Forget classes (20, 29): 0.00%
Other classes: 0.00%
Epoch 33: Train Acc 0.998, Loss 2.5036

Step 3 Comprehensive Evaluation:
Target classes (30, 79): 83.79%
Forget classes (20, 29): 0.00%
Other classes: 0.00%
Epoch 34: Train Acc 0.998, Loss 2.4999

Step 3 Comprehensive Evaluation:
Target classes (30, 79): 84.56%
Forget classes (20, 29): 0.00%
Other classes: 0.00%
Epoch 35: Train Acc 0.998, Loss 2.4950
Best model saved: ./baseline/students/step3.pth (Target Acc: 84.56%)

Step 3 Comprehensive Evaluation:
Target classes (30, 79): 84.61%
Forget classes (20, 29): 0.00%
Other classes: 0.00%
Epoch 36: Train Acc 0.997, Loss 2.4900
Best model saved: ./baseline/students/step3.pth (Target Acc: 84.61%)

Step 3 Comprehensive Evaluation:
Target classes (30, 79): 84.83%
Forget classes (20, 29): 0.00%
Other classes: 0.00%
Epoch 37: Train Acc 0.997, Loss 2.4911
Best model saved: ./baseline/students/step3.pth (Target Acc: 84.83%)

Step 3 Comprehensive Evaluation:
Target classes (30, 79): 85.07%
Forget classes (20, 29): 0.00%
Other classes: 0.00%
Epoch 38: Train Acc 0.997, Loss 2.4901
Best model saved: ./baseline/students/step3.pth (Target Acc: 85.07%)

Step 3 Comprehensive Evaluation:
Target classes (30, 79): 85.01%
Forget classes (20, 29): 0.00%
Other classes: 0.00%
Epoch 39: Train Acc 0.997, Loss 2.4864

Step 3 Comprehensive Evaluation:
Target classes (30, 79): 84.99%
Forget classes (20, 29): 0.00%
Other classes: 0.00%
Epoch 40: Train Acc 0.997, Loss 2.4859
Step 3 completed!

==================================================
Starting Step 4: Classes 40-89
==================================================
Step 4: Target (40, 89), Forget [20, 21, 22, 23, 24, 25, 26, 27, 28, 29]
🛠️ Explicitly received params: {'num_classes': 100, 'lora_rank': 0}
🛠️ Explicitly received params: {'num_classes': 100, 'lora_rank': 0}

Step 4 Comprehensive Evaluation:
Target classes (40, 89): 74.29%
Forget classes (30, 39): 25.73%
Other classes: 0.00%
Epoch 1: Train Acc 0.862, Loss 4.2181
Best model saved: ./baseline/students/step4.pth (Target Acc: 74.29%)

Step 4 Comprehensive Evaluation:
Target classes (40, 89): 74.77%
Forget classes (30, 39): 13.47%
Other classes: 0.00%
Epoch 2: Train Acc 0.930, Loss 3.7093
Best model saved: ./baseline/students/step4.pth (Target Acc: 74.77%)

Step 4 Comprehensive Evaluation:
Target classes (40, 89): 79.63%
Forget classes (30, 39): 11.73%
Other classes: 0.00%
Epoch 3: Train Acc 0.934, Loss 3.5973
Best model saved: ./baseline/students/step4.pth (Target Acc: 79.63%)

Step 4 Comprehensive Evaluation:
Target classes (40, 89): 79.04%
Forget classes (30, 39): 6.27%
Other classes: 0.00%
Epoch 4: Train Acc 0.951, Loss 3.3869

Step 4 Comprehensive Evaluation:
Target classes (40, 89): 78.67%
Forget classes (30, 39): 4.53%
Other classes: 0.00%
Epoch 5: Train Acc 0.961, Loss 3.2304

Step 4 Comprehensive Evaluation:
Target classes (40, 89): 78.83%
Forget classes (30, 39): 4.13%
Other classes: 0.00%
Epoch 6: Train Acc 0.966, Loss 3.1546

Step 4 Comprehensive Evaluation:
Target classes (40, 89): 80.21%
Forget classes (30, 39): 2.13%
Other classes: 0.00%
Epoch 7: Train Acc 0.970, Loss 3.1124
Best model saved: ./baseline/students/step4.pth (Target Acc: 80.21%)

Step 4 Comprehensive Evaluation:
Target classes (40, 89): 79.01%
Forget classes (30, 39): 1.20%
Other classes: 0.00%
Epoch 8: Train Acc 0.967, Loss 3.0889

Step 4 Comprehensive Evaluation:
Target classes (40, 89): 80.13%
Forget classes (30, 39): 0.40%
Other classes: 0.00%
Epoch 9: Train Acc 0.973, Loss 3.0306

Step 4 Comprehensive Evaluation:
Target classes (40, 89): 79.01%
Forget classes (30, 39): 0.13%
Other classes: 0.00%
Epoch 10: Train Acc 0.974, Loss 3.0217

Step 4 Comprehensive Evaluation:
Target classes (40, 89): 80.67%
Forget classes (30, 39): 0.00%
Other classes: 0.00%
Epoch 11: Train Acc 0.979, Loss 2.9360
Best model saved: ./baseline/students/step4.pth (Target Acc: 80.67%)

Step 4 Comprehensive Evaluation:
Target classes (40, 89): 81.12%
Forget classes (30, 39): 0.13%
Other classes: 0.00%
Epoch 12: Train Acc 0.982, Loss 2.8977
Best model saved: ./baseline/students/step4.pth (Target Acc: 81.12%)

Step 4 Comprehensive Evaluation:
Target classes (40, 89): 80.69%
Forget classes (30, 39): 0.00%
Other classes: 0.00%
Epoch 13: Train Acc 0.982, Loss 2.8681

Step 4 Comprehensive Evaluation:
Target classes (40, 89): 80.69%
Forget classes (30, 39): 0.00%
Other classes: 0.00%
Epoch 14: Train Acc 0.986, Loss 2.8322

Step 4 Comprehensive Evaluation:
Target classes (40, 89): 81.87%
Forget classes (30, 39): 0.00%
Other classes: 0.00%
Epoch 15: Train Acc 0.978, Loss 2.9218
Best model saved: ./baseline/students/step4.pth (Target Acc: 81.87%)

Step 4 Comprehensive Evaluation:
Target classes (40, 89): 81.49%
Forget classes (30, 39): 0.00%
Other classes: 0.00%
Epoch 16: Train Acc 0.986, Loss 2.7978

Step 4 Comprehensive Evaluation:
Target classes (40, 89): 80.27%
Forget classes (30, 39): 0.00%
Other classes: 0.00%
Epoch 17: Train Acc 0.989, Loss 2.7532

Step 4 Comprehensive Evaluation:
Target classes (40, 89): 81.95%
Forget classes (30, 39): 0.00%
Other classes: 0.00%
Epoch 18: Train Acc 0.989, Loss 2.7377
Best model saved: ./baseline/students/step4.pth (Target Acc: 81.95%)

Step 4 Comprehensive Evaluation:
Target classes (40, 89): 81.39%
Forget classes (30, 39): 0.00%
Other classes: 0.00%
Epoch 19: Train Acc 0.990, Loss 2.7162

Step 4 Comprehensive Evaluation:
Target classes (40, 89): 81.97%
Forget classes (30, 39): 0.00%
Other classes: 0.00%
Epoch 20: Train Acc 0.991, Loss 2.6945
Best model saved: ./baseline/students/step4.pth (Target Acc: 81.97%)

Step 4 Comprehensive Evaluation:
Target classes (40, 89): 81.71%
Forget classes (30, 39): 0.00%
Other classes: 0.00%
Epoch 21: Train Acc 0.992, Loss 2.6684

Step 4 Comprehensive Evaluation:
Target classes (40, 89): 81.73%
Forget classes (30, 39): 0.00%
Other classes: 0.00%
Epoch 22: Train Acc 0.988, Loss 2.6993

Step 4 Comprehensive Evaluation:
Target classes (40, 89): 82.03%
Forget classes (30, 39): 0.00%
Other classes: 0.00%
Epoch 23: Train Acc 0.994, Loss 2.6271
Best model saved: ./baseline/students/step4.pth (Target Acc: 82.03%)

Step 4 Comprehensive Evaluation:
Target classes (40, 89): 82.75%
Forget classes (30, 39): 0.00%
Other classes: 0.00%
Epoch 24: Train Acc 0.994, Loss 2.6071
Best model saved: ./baseline/students/step4.pth (Target Acc: 82.75%)

Step 4 Comprehensive Evaluation:
Target classes (40, 89): 82.91%
Forget classes (30, 39): 0.00%
Other classes: 0.00%
Epoch 25: Train Acc 0.995, Loss 2.5857
Best model saved: ./baseline/students/step4.pth (Target Acc: 82.91%)

Step 4 Comprehensive Evaluation:
Target classes (40, 89): 83.36%
Forget classes (30, 39): 0.00%
Other classes: 0.00%
Epoch 26: Train Acc 0.996, Loss 2.5694
Best model saved: ./baseline/students/step4.pth (Target Acc: 83.36%)

Step 4 Comprehensive Evaluation:
Target classes (40, 89): 82.85%
Forget classes (30, 39): 0.00%
Other classes: 0.00%
Epoch 27: Train Acc 0.997, Loss 2.5605

Step 4 Comprehensive Evaluation:
Target classes (40, 89): 82.96%
Forget classes (30, 39): 0.00%
Other classes: 0.00%
Epoch 28: Train Acc 0.996, Loss 2.5537

Step 4 Comprehensive Evaluation:
Target classes (40, 89): 83.60%
Forget classes (30, 39): 0.00%
Other classes: 0.00%
Epoch 29: Train Acc 0.996, Loss 2.5460
Best model saved: ./baseline/students/step4.pth (Target Acc: 83.60%)

Step 4 Comprehensive Evaluation:
Target classes (40, 89): 83.79%
Forget classes (30, 39): 0.00%
Other classes: 0.00%
Epoch 30: Train Acc 0.997, Loss 2.5363
Best model saved: ./baseline/students/step4.pth (Target Acc: 83.79%)

Step 4 Comprehensive Evaluation:
Target classes (40, 89): 83.79%
Forget classes (30, 39): 0.00%
Other classes: 0.00%
Epoch 31: Train Acc 0.998, Loss 2.5206
Best model saved: ./baseline/students/step4.pth (Target Acc: 83.79%)

Step 4 Comprehensive Evaluation:
Target classes (40, 89): 83.95%
Forget classes (30, 39): 0.00%
Other classes: 0.00%
Epoch 32: Train Acc 0.997, Loss 2.5199
Best model saved: ./baseline/students/step4.pth (Target Acc: 83.95%)

Step 4 Comprehensive Evaluation:
Target classes (40, 89): 84.35%
Forget classes (30, 39): 0.00%
Other classes: 0.00%
Epoch 33: Train Acc 0.999, Loss 2.5020
Best model saved: ./baseline/students/step4.pth (Target Acc: 84.35%)

Step 4 Comprehensive Evaluation:
Target classes (40, 89): 84.61%
Forget classes (30, 39): 0.00%
Other classes: 0.00%
Epoch 34: Train Acc 0.998, Loss 2.5043
Best model saved: ./baseline/students/step4.pth (Target Acc: 84.61%)

Step 4 Comprehensive Evaluation:
Target classes (40, 89): 84.72%
Forget classes (30, 39): 0.00%
Other classes: 0.00%
Epoch 35: Train Acc 0.998, Loss 2.4980
Best model saved: ./baseline/students/step4.pth (Target Acc: 84.72%)

Step 4 Comprehensive Evaluation:
Target classes (40, 89): 84.29%
Forget classes (30, 39): 0.00%
Other classes: 0.00%
Epoch 36: Train Acc 0.997, Loss 2.4978

Step 4 Comprehensive Evaluation:
Target classes (40, 89): 84.67%
Forget classes (30, 39): 0.00%
Other classes: 0.00%
Epoch 37: Train Acc 0.997, Loss 2.4984

Step 4 Comprehensive Evaluation:
Target classes (40, 89): 85.04%
Forget classes (30, 39): 0.00%
Other classes: 0.00%
Epoch 38: Train Acc 0.998, Loss 2.4948
Best model saved: ./baseline/students/step4.pth (Target Acc: 85.04%)

Step 4 Comprehensive Evaluation:
Target classes (40, 89): 84.72%
Forget classes (30, 39): 0.00%
Other classes: 0.00%
Epoch 39: Train Acc 0.997, Loss 2.4935

Step 4 Comprehensive Evaluation:
Target classes (40, 89): 84.85%
Forget classes (30, 39): 0.00%
Other classes: 0.00%
Epoch 40: Train Acc 0.997, Loss 2.4955
Step 4 completed!

==================================================
Starting Step 5: Classes 50-99
==================================================
Step 5: Target (50, 99), Forget [30, 31, 32, 33, 34, 35, 36, 37, 38, 39]
🛠️ Explicitly received params: {'num_classes': 100, 'lora_rank': 0}
🛠️ Explicitly received params: {'num_classes': 100, 'lora_rank': 0}

Step 5 Comprehensive Evaluation:
Target classes (50, 99): 74.56%
Forget classes (40, 49): 23.73%
Other classes: 0.00%
Epoch 1: Train Acc 0.872, Loss 4.1535
Best model saved: ./baseline/students/step5.pth (Target Acc: 74.56%)

Step 5 Comprehensive Evaluation:
Target classes (50, 99): 77.17%
Forget classes (40, 49): 19.87%
Other classes: 0.00%
Epoch 2: Train Acc 0.931, Loss 3.6982
Best model saved: ./baseline/students/step5.pth (Target Acc: 77.17%)

Step 5 Comprehensive Evaluation:
Target classes (50, 99): 75.68%
Forget classes (40, 49): 17.87%
Other classes: 0.00%
Epoch 3: Train Acc 0.948, Loss 3.4693

Step 5 Comprehensive Evaluation:
Target classes (50, 99): 77.68%
Forget classes (40, 49): 7.87%
Other classes: 0.00%
Epoch 4: Train Acc 0.950, Loss 3.3883
Best model saved: ./baseline/students/step5.pth (Target Acc: 77.68%)

Step 5 Comprehensive Evaluation:
Target classes (50, 99): 78.91%
Forget classes (40, 49): 4.67%
Other classes: 0.00%
Epoch 5: Train Acc 0.960, Loss 3.2502
Best model saved: ./baseline/students/step5.pth (Target Acc: 78.91%)

Step 5 Comprehensive Evaluation:
Target classes (50, 99): 78.45%
Forget classes (40, 49): 1.60%
Other classes: 0.00%
Epoch 6: Train Acc 0.965, Loss 3.1793

Step 5 Comprehensive Evaluation:
Target classes (50, 99): 79.09%
Forget classes (40, 49): 1.87%
Other classes: 0.00%
Epoch 7: Train Acc 0.969, Loss 3.0884
Best model saved: ./baseline/students/step5.pth (Target Acc: 79.09%)

Step 5 Comprehensive Evaluation:
Target classes (50, 99): 79.52%
Forget classes (40, 49): 0.80%
Other classes: 0.00%
Epoch 8: Train Acc 0.971, Loss 3.0630
Best model saved: ./baseline/students/step5.pth (Target Acc: 79.52%)

Step 5 Comprehensive Evaluation:
Target classes (50, 99): 79.89%
Forget classes (40, 49): 1.20%
Other classes: 0.00%
Epoch 9: Train Acc 0.973, Loss 3.0096
Best model saved: ./baseline/students/step5.pth (Target Acc: 79.89%)

Step 5 Comprehensive Evaluation:
Target classes (50, 99): 78.72%
Forget classes (40, 49): 0.00%
Other classes: 0.00%
Epoch 10: Train Acc 0.975, Loss 2.9769

Step 5 Comprehensive Evaluation:
Target classes (50, 99): 79.44%
Forget classes (40, 49): 0.00%
Other classes: 0.00%
Epoch 11: Train Acc 0.977, Loss 2.9523

Step 5 Comprehensive Evaluation:
Target classes (50, 99): 79.55%
Forget classes (40, 49): 0.00%
Other classes: 0.00%
Epoch 12: Train Acc 0.979, Loss 2.9169

Step 5 Comprehensive Evaluation:
Target classes (50, 99): 79.09%
Forget classes (40, 49): 0.00%
Other classes: 0.00%
Epoch 13: Train Acc 0.982, Loss 2.8591

Step 5 Comprehensive Evaluation:
Target classes (50, 99): 81.65%
Forget classes (40, 49): 0.00%
Other classes: 0.00%
Epoch 14: Train Acc 0.982, Loss 2.8602
Best model saved: ./baseline/students/step5.pth (Target Acc: 81.65%)

Step 5 Comprehensive Evaluation:
Target classes (50, 99): 79.55%
Forget classes (40, 49): 0.00%
Other classes: 0.00%
Epoch 15: Train Acc 0.986, Loss 2.8154

Step 5 Comprehensive Evaluation:
Target classes (50, 99): 81.47%
Forget classes (40, 49): 0.00%
Other classes: 0.00%
Epoch 16: Train Acc 0.982, Loss 2.8473

Step 5 Comprehensive Evaluation:
Target classes (50, 99): 82.24%
Forget classes (40, 49): 0.00%
Other classes: 0.00%
Epoch 17: Train Acc 0.988, Loss 2.7530
Best model saved: ./baseline/students/step5.pth (Target Acc: 82.24%)

Step 5 Comprehensive Evaluation:
Target classes (50, 99): 81.52%
Forget classes (40, 49): 0.00%
Other classes: 0.00%
Epoch 18: Train Acc 0.988, Loss 2.7273

Step 5 Comprehensive Evaluation:
Target classes (50, 99): 81.63%
Forget classes (40, 49): 0.13%
Other classes: 0.00%
Epoch 19: Train Acc 0.990, Loss 2.6943

Step 5 Comprehensive Evaluation:
Target classes (50, 99): 81.89%
Forget classes (40, 49): 0.13%
Other classes: 0.00%
Epoch 20: Train Acc 0.990, Loss 2.7011

Step 5 Comprehensive Evaluation:
Target classes (50, 99): 82.21%
Forget classes (40, 49): 0.00%
Other classes: 0.00%
Epoch 21: Train Acc 0.992, Loss 2.6668

Step 5 Comprehensive Evaluation:
Target classes (50, 99): 82.24%
Forget classes (40, 49): 0.00%
Other classes: 0.00%
Epoch 22: Train Acc 0.991, Loss 2.6577

Step 5 Comprehensive Evaluation:
Target classes (50, 99): 82.69%
Forget classes (40, 49): 0.00%
Other classes: 0.00%
Epoch 23: Train Acc 0.992, Loss 2.6283
Best model saved: ./baseline/students/step5.pth (Target Acc: 82.69%)

Step 5 Comprehensive Evaluation:
Target classes (50, 99): 82.67%
Forget classes (40, 49): 0.00%
Other classes: 0.00%
Epoch 24: Train Acc 0.994, Loss 2.6024

Step 5 Comprehensive Evaluation:
Target classes (50, 99): 83.09%
Forget classes (40, 49): 0.00%
Other classes: 0.00%
Epoch 25: Train Acc 0.995, Loss 2.5820
Best model saved: ./baseline/students/step5.pth (Target Acc: 83.09%)

Step 5 Comprehensive Evaluation:
Target classes (50, 99): 83.15%
Forget classes (40, 49): 0.00%
Other classes: 0.00%
Epoch 26: Train Acc 0.995, Loss 2.5733
Best model saved: ./baseline/students/step5.pth (Target Acc: 83.15%)

Step 5 Comprehensive Evaluation:
Target classes (50, 99): 83.25%
Forget classes (40, 49): 0.00%
Other classes: 0.00%
Epoch 27: Train Acc 0.996, Loss 2.5597
Best model saved: ./baseline/students/step5.pth (Target Acc: 83.25%)

Step 5 Comprehensive Evaluation:
Target classes (50, 99): 83.87%
Forget classes (40, 49): 0.00%
Other classes: 0.00%
Epoch 28: Train Acc 0.995, Loss 2.5557
Best model saved: ./baseline/students/step5.pth (Target Acc: 83.87%)

Step 5 Comprehensive Evaluation:
Target classes (50, 99): 83.89%
Forget classes (40, 49): 0.00%
Other classes: 0.00%
Epoch 29: Train Acc 0.997, Loss 2.5289
Best model saved: ./baseline/students/step5.pth (Target Acc: 83.89%)

Step 5 Comprehensive Evaluation:
Target classes (50, 99): 84.13%
Forget classes (40, 49): 0.00%
Other classes: 0.00%
Epoch 30: Train Acc 0.996, Loss 2.5254
Best model saved: ./baseline/students/step5.pth (Target Acc: 84.13%)

Step 5 Comprehensive Evaluation:
Target classes (50, 99): 84.08%
Forget classes (40, 49): 0.00%
Other classes: 0.00%
Epoch 31: Train Acc 0.998, Loss 2.5112

Step 5 Comprehensive Evaluation:
Target classes (50, 99): 84.43%
Forget classes (40, 49): 0.00%
Other classes: 0.00%
Epoch 32: Train Acc 0.997, Loss 2.5083
Best model saved: ./baseline/students/step5.pth (Target Acc: 84.43%)

Step 5 Comprehensive Evaluation:
Target classes (50, 99): 84.43%
Forget classes (40, 49): 0.00%
Other classes: 0.00%
Epoch 33: Train Acc 0.997, Loss 2.4998
Best model saved: ./baseline/students/step5.pth (Target Acc: 84.43%)

Step 5 Comprehensive Evaluation:
Target classes (50, 99): 84.32%
Forget classes (40, 49): 0.00%
Other classes: 0.00%
Epoch 34: Train Acc 0.998, Loss 2.4940

Step 5 Comprehensive Evaluation:
Target classes (50, 99): 84.40%
Forget classes (40, 49): 0.00%
Other classes: 0.00%
Epoch 35: Train Acc 0.998, Loss 2.4915

Step 5 Comprehensive Evaluation:
Target classes (50, 99): 84.75%
Forget classes (40, 49): 0.00%
Other classes: 0.00%
Epoch 36: Train Acc 0.998, Loss 2.4885
Best model saved: ./baseline/students/step5.pth (Target Acc: 84.75%)

Step 5 Comprehensive Evaluation:
Target classes (50, 99): 85.25%
Forget classes (40, 49): 0.00%
Other classes: 0.00%
Epoch 37: Train Acc 0.997, Loss 2.4882
Best model saved: ./baseline/students/step5.pth (Target Acc: 85.25%)

Step 5 Comprehensive Evaluation:
Target classes (50, 99): 85.12%
Forget classes (40, 49): 0.00%
Other classes: 0.00%
Epoch 38: Train Acc 0.997, Loss 2.4849

Step 5 Comprehensive Evaluation:
Target classes (50, 99): 85.36%
Forget classes (40, 49): 0.00%
Other classes: 0.00%
Epoch 39: Train Acc 0.997, Loss 2.4851
Best model saved: ./baseline/students/step5.pth (Target Acc: 85.36%)

Step 5 Comprehensive Evaluation:
Target classes (50, 99): 85.36%
Forget classes (40, 49): 0.00%
Other classes: 0.00%
Epoch 40: Train Acc 0.998, Loss 2.4787
Step 5 completed!

Other classes: 0.00%
Epoch 17: Train Acc 0.987, Loss 2.7723

Step 3 Comprehensive Evaluation:
Target classes (30, 79): 80.29%
Forget classes (20, 29): 0.00%
Other classes: 0.00%
Epoch 18: Train Acc 0.989, Loss 2.7437

Step 3 Comprehensive Evaluation:
Target classes (30, 79): 81.23%
Forget classes (20, 29): 0.00%
Other classes: 0.00%
Epoch 19: Train Acc 0.991, Loss 2.7095

Step 3 Comprehensive Evaluation:
Target classes (30, 79): 80.88%
Forget classes (20, 29): 0.00%
Other classes: 0.00%
Epoch 20: Train Acc 0.990, Loss 2.7049

Step 3 Comprehensive Evaluation:
Target classes (30, 79): 82.08%
Forget classes (20, 29): 0.00%
Other classes: 0.00%
Epoch 21: Train Acc 0.992, Loss 2.6681
Best model saved: ./baseline/students/step3.pth (Target Acc: 82.08%)

Step 3 Comprehensive Evaluation:
Target classes (30, 79): 82.03%
Forget classes (20, 29): 0.00%
Other classes: 0.00%
Epoch 22: Train Acc 0.992, Loss 2.6620

Step 3 Comprehensive Evaluation:
Target classes (30, 79): 82.37%
Forget classes (20, 29): 0.13%
Other classes: 0.00%
Epoch 23: Train Acc 0.994, Loss 2.6258
Best model saved: ./baseline/students/step3.pth (Target Acc: 82.37%)

Step 3 Comprehensive Evaluation:
Target classes (30, 79): 81.65%
Forget classes (20, 29): 0.00%
Other classes: 0.00%
Epoch 24: Train Acc 0.995, Loss 2.5901

Step 3 Comprehensive Evaluation:
Target classes (30, 79): 81.76%
Forget classes (20, 29): 0.00%
Other classes: 0.00%
Epoch 25: Train Acc 0.994, Loss 2.5978

Step 3 Comprehensive Evaluation:
Target classes (30, 79): 82.35%
Forget classes (20, 29): 0.00%
Other classes: 0.00%
Epoch 26: Train Acc 0.995, Loss 2.5729

Step 3 Comprehensive Evaluation:
Target classes (30, 79): 83.57%
Forget classes (20, 29): 0.00%
Other classes: 0.00%
Epoch 27: Train Acc 0.995, Loss 2.5728
Best model saved: ./baseline/students/step3.pth (Target Acc: 83.57%)

Step 3 Comprehensive Evaluation:
Target classes (30, 79): 82.72%
Forget classes (20, 29): 0.00%
Other classes: 0.00%
Epoch 28: Train Acc 0.997, Loss 2.5363

Step 3 Comprehensive Evaluation:
Target classes (30, 79): 83.63%
Forget classes (20, 29): 0.00%
Other classes: 0.00%
Epoch 29: Train Acc 0.997, Loss 2.5320
Best model saved: ./baseline/students/step3.pth (Target Acc: 83.63%)

Step 3 Comprehensive Evaluation:
Target classes (30, 79): 83.49%
Forget classes (20, 29): 0.00%
Other classes: 0.00%
Epoch 30: Train Acc 0.997, Loss 2.5232

Step 3 Comprehensive Evaluation:
Target classes (30, 79): 83.60%
Forget classes (20, 29): 0.00%
Other classes: 0.00%
Epoch 31: Train Acc 0.997, Loss 2.5210

Step 3 Comprehensive Evaluation:
Target classes (30, 79): 83.92%
Forget classes (20, 29): 0.00%
Other classes: 0.00%
Epoch 32: Train Acc 0.997, Loss 2.5136
Best model saved: ./baseline/students/step3.pth (Target Acc: 83.92%)

Step 3 Comprehensive Evaluation:
Target classes (30, 79): 83.76%
Forget classes (20, 29): 0.00%
Other classes: 0.00%
Epoch 33: Train Acc 0.998, Loss 2.5036

Step 3 Comprehensive Evaluation:
Target classes (30, 79): 83.79%
Forget classes (20, 29): 0.00%
Other classes: 0.00%
Epoch 34: Train Acc 0.998, Loss 2.4999

Step 3 Comprehensive Evaluation:
Target classes (30, 79): 84.56%
Forget classes (20, 29): 0.00%
Other classes: 0.00%
Epoch 35: Train Acc 0.998, Loss 2.4950
Best model saved: ./baseline/students/step3.pth (Target Acc: 84.56%)

Step 3 Comprehensive Evaluation:
Target classes (30, 79): 84.61%
Forget classes (20, 29): 0.00%
Other classes: 0.00%
Epoch 36: Train Acc 0.997, Loss 2.4900
Best model saved: ./baseline/students/step3.pth (Target Acc: 84.61%)

Step 3 Comprehensive Evaluation:
Target classes (30, 79): 84.83%
Forget classes (20, 29): 0.00%
Other classes: 0.00%
Epoch 37: Train Acc 0.997, Loss 2.4911
Best model saved: ./baseline/students/step3.pth (Target Acc: 84.83%)

Step 3 Comprehensive Evaluation:
Target classes (30, 79): 85.07%
Forget classes (20, 29): 0.00%
Other classes: 0.00%
Epoch 38: Train Acc 0.997, Loss 2.4901
Best model saved: ./baseline/students/step3.pth (Target Acc: 85.07%)

Step 3 Comprehensive Evaluation:
Target classes (30, 79): 85.01%
Forget classes (20, 29): 0.00%
Other classes: 0.00%
Epoch 39: Train Acc 0.997, Loss 2.4864

Step 3 Comprehensive Evaluation:
Target classes (30, 79): 84.99%
Forget classes (20, 29): 0.00%
Other classes: 0.00%
Epoch 40: Train Acc 0.997, Loss 2.4859
Step 3 completed!

==================================================
Starting Step 4: Classes 40-89
==================================================
Step 4: Target (40, 89), Forget [20, 21, 22, 23, 24, 25, 26, 27, 28, 29]
🛠️ Explicitly received params: {'num_classes': 100, 'lora_rank': 0}
🛠️ Explicitly received params: {'num_classes': 100, 'lora_rank': 0}

Step 4 Comprehensive Evaluation:
Target classes (40, 89): 74.29%
Forget classes (30, 39): 25.73%
Other classes: 0.00%
Epoch 1: Train Acc 0.862, Loss 4.2181
Best model saved: ./baseline/students/step4.pth (Target Acc: 74.29%)

Step 4 Comprehensive Evaluation:
Target classes (40, 89): 74.77%
Forget classes (30, 39): 13.47%
Other classes: 0.00%
Epoch 2: Train Acc 0.930, Loss 3.7093
Best model saved: ./baseline/students/step4.pth (Target Acc: 74.77%)

Step 4 Comprehensive Evaluation:
Target classes (40, 89): 79.63%
Forget classes (30, 39): 11.73%
Other classes: 0.00%
Epoch 3: Train Acc 0.934, Loss 3.5973
Best model saved: ./baseline/students/step4.pth (Target Acc: 79.63%)

Step 4 Comprehensive Evaluation:
Target classes (40, 89): 79.04%
Forget classes (30, 39): 6.27%
Other classes: 0.00%
Epoch 4: Train Acc 0.951, Loss 3.3869

Step 4 Comprehensive Evaluation:
Target classes (40, 89): 78.67%
Forget classes (30, 39): 4.53%
Other classes: 0.00%
Epoch 5: Train Acc 0.961, Loss 3.2304

Step 4 Comprehensive Evaluation:
Target classes (40, 89): 78.83%
Forget classes (30, 39): 4.13%
Other classes: 0.00%
Epoch 6: Train Acc 0.966, Loss 3.1546

Step 4 Comprehensive Evaluation:
Target classes (40, 89): 80.21%
Forget classes (30, 39): 2.13%
Other classes: 0.00%
Epoch 7: Train Acc 0.970, Loss 3.1124
Best model saved: ./baseline/students/step4.pth (Target Acc: 80.21%)

Step 4 Comprehensive Evaluation:
Target classes (40, 89): 79.01%
Forget classes (30, 39): 1.20%
Other classes: 0.00%
Epoch 8: Train Acc 0.967, Loss 3.0889

Step 4 Comprehensive Evaluation:
Target classes (40, 89): 80.13%
Forget classes (30, 39): 0.40%
Other classes: 0.00%
Epoch 9: Train Acc 0.973, Loss 3.0306

Step 4 Comprehensive Evaluation:
Target classes (40, 89): 79.01%
Forget classes (30, 39): 0.13%
Other classes: 0.00%
Epoch 10: Train Acc 0.974, Loss 3.0217

Step 4 Comprehensive Evaluation:
Target classes (40, 89): 80.67%
Forget classes (30, 39): 0.00%
Other classes: 0.00%
Epoch 11: Train Acc 0.979, Loss 2.9360
Best model saved: ./baseline/students/step4.pth (Target Acc: 80.67%)

Step 4 Comprehensive Evaluation:
Target classes (40, 89): 81.12%
Forget classes (30, 39): 0.13%
Other classes: 0.00%
Epoch 12: Train Acc 0.982, Loss 2.8977
Best model saved: ./baseline/students/step4.pth (Target Acc: 81.12%)

Step 4 Comprehensive Evaluation:
Target classes (40, 89): 80.69%
Forget classes (30, 39): 0.00%
Other classes: 0.00%
Epoch 13: Train Acc 0.982, Loss 2.8681

Step 4 Comprehensive Evaluation:
Target classes (40, 89): 80.69%
Forget classes (30, 39): 0.00%
Other classes: 0.00%
Epoch 14: Train Acc 0.986, Loss 2.8322

Step 4 Comprehensive Evaluation:
Target classes (40, 89): 81.87%
Forget classes (30, 39): 0.00%
Other classes: 0.00%
Epoch 15: Train Acc 0.978, Loss 2.9218
Best model saved: ./baseline/students/step4.pth (Target Acc: 81.87%)

Step 4 Comprehensive Evaluation:
Target classes (40, 89): 81.49%
Forget classes (30, 39): 0.00%
Other classes: 0.00%
Epoch 16: Train Acc 0.986, Loss 2.7978

Step 4 Comprehensive Evaluation:
Target classes (40, 89): 80.27%
Forget classes (30, 39): 0.00%
Other classes: 0.00%
Epoch 17: Train Acc 0.989, Loss 2.7532

Step 4 Comprehensive Evaluation:
Target classes (40, 89): 81.95%
Forget classes (30, 39): 0.00%
Other classes: 0.00%
Epoch 18: Train Acc 0.989, Loss 2.7377
Best model saved: ./baseline/students/step4.pth (Target Acc: 81.95%)

Step 4 Comprehensive Evaluation:
Target classes (40, 89): 81.39%
Forget classes (30, 39): 0.00%
Other classes: 0.00%
Epoch 19: Train Acc 0.990, Loss 2.7162

Step 4 Comprehensive Evaluation:
Target classes (40, 89): 81.97%
Forget classes (30, 39): 0.00%
Other classes: 0.00%
Epoch 20: Train Acc 0.991, Loss 2.6945
Best model saved: ./baseline/students/step4.pth (Target Acc: 81.97%)

Step 4 Comprehensive Evaluation:
Target classes (40, 89): 81.71%
Forget classes (30, 39): 0.00%
Other classes: 0.00%
Epoch 21: Train Acc 0.992, Loss 2.6684

Step 4 Comprehensive Evaluation:
Target classes (40, 89): 81.73%
Forget classes (30, 39): 0.00%
Other classes: 0.00%
Epoch 22: Train Acc 0.988, Loss 2.6993

Step 4 Comprehensive Evaluation:
Target classes (40, 89): 82.03%
Forget classes (30, 39): 0.00%
Other classes: 0.00%
Epoch 23: Train Acc 0.994, Loss 2.6271
Best model saved: ./baseline/students/step4.pth (Target Acc: 82.03%)

Step 4 Comprehensive Evaluation:
Target classes (40, 89): 82.75%
Forget classes (30, 39): 0.00%
Other classes: 0.00%
Epoch 24: Train Acc 0.994, Loss 2.6071
Best model saved: ./baseline/students/step4.pth (Target Acc: 82.75%)

Step 4 Comprehensive Evaluation:
Target classes (40, 89): 82.91%
Forget classes (30, 39): 0.00%
Other classes: 0.00%
Epoch 25: Train Acc 0.995, Loss 2.5857
Best model saved: ./baseline/students/step4.pth (Target Acc: 82.91%)

Step 4 Comprehensive Evaluation:
Target classes (40, 89): 83.36%
Forget classes (30, 39): 0.00%
Other classes: 0.00%
Epoch 26: Train Acc 0.996, Loss 2.5694
Best model saved: ./baseline/students/step4.pth (Target Acc: 83.36%)

Step 4 Comprehensive Evaluation:
Target classes (40, 89): 82.85%
Forget classes (30, 39): 0.00%
Other classes: 0.00%
Epoch 27: Train Acc 0.997, Loss 2.5605

Step 4 Comprehensive Evaluation:
Target classes (40, 89): 82.96%
Forget classes (30, 39): 0.00%
Other classes: 0.00%
Epoch 28: Train Acc 0.996, Loss 2.5537

Step 4 Comprehensive Evaluation:
Target classes (40, 89): 83.60%
Forget classes (30, 39): 0.00%
Other classes: 0.00%
Epoch 29: Train Acc 0.996, Loss 2.5460
Best model saved: ./baseline/students/step4.pth (Target Acc: 83.60%)

Step 4 Comprehensive Evaluation:
Target classes (40, 89): 83.79%
Forget classes (30, 39): 0.00%
Other classes: 0.00%
Epoch 30: Train Acc 0.997, Loss 2.5363
Best model saved: ./baseline/students/step4.pth (Target Acc: 83.79%)

Step 4 Comprehensive Evaluation:
Target classes (40, 89): 83.79%
Forget classes (30, 39): 0.00%
Other classes: 0.00%
Epoch 31: Train Acc 0.998, Loss 2.5206
Best model saved: ./baseline/students/step4.pth (Target Acc: 83.79%)

Step 4 Comprehensive Evaluation:
Target classes (40, 89): 83.95%
Forget classes (30, 39): 0.00%
Other classes: 0.00%
Epoch 32: Train Acc 0.997, Loss 2.5199
Best model saved: ./baseline/students/step4.pth (Target Acc: 83.95%)

Step 4 Comprehensive Evaluation:
Target classes (40, 89): 84.35%
Forget classes (30, 39): 0.00%
Other classes: 0.00%
Epoch 33: Train Acc 0.999, Loss 2.5020
Best model saved: ./baseline/students/step4.pth (Target Acc: 84.35%)

Step 4 Comprehensive Evaluation:
Target classes (40, 89): 84.61%
Forget classes (30, 39): 0.00%
Other classes: 0.00%
Epoch 34: Train Acc 0.998, Loss 2.5043
Best model saved: ./baseline/students/step4.pth (Target Acc: 84.61%)

Step 4 Comprehensive Evaluation:
Target classes (40, 89): 84.72%
Forget classes (30, 39): 0.00%
Other classes: 0.00%
Epoch 35: Train Acc 0.998, Loss 2.4980
Best model saved: ./baseline/students/step4.pth (Target Acc: 84.72%)

Step 4 Comprehensive Evaluation:
Target classes (40, 89): 84.29%
Forget classes (30, 39): 0.00%
Other classes: 0.00%
Epoch 36: Train Acc 0.997, Loss 2.4978

Step 4 Comprehensive Evaluation:
Target classes (40, 89): 84.67%
Forget classes (30, 39): 0.00%
Other classes: 0.00%
Epoch 37: Train Acc 0.997, Loss 2.4984

Step 4 Comprehensive Evaluation:
Target classes (40, 89): 85.04%
Forget classes (30, 39): 0.00%
Other classes: 0.00%
Epoch 38: Train Acc 0.998, Loss 2.4948
Best model saved: ./baseline/students/step4.pth (Target Acc: 85.04%)

Step 4 Comprehensive Evaluation:
Target classes (40, 89): 84.72%
Forget classes (30, 39): 0.00%
Other classes: 0.00%
Epoch 39: Train Acc 0.997, Loss 2.4935

Step 4 Comprehensive Evaluation:
Target classes (40, 89): 84.85%
Forget classes (30, 39): 0.00%
Other classes: 0.00%
Epoch 40: Train Acc 0.997, Loss 2.4955
Step 4 completed!

==================================================
Starting Step 5: Classes 50-99
==================================================
Step 5: Target (50, 99), Forget [30, 31, 32, 33, 34, 35, 36, 37, 38, 39]
🛠️ Explicitly received params: {'num_classes': 100, 'lora_rank': 0}
🛠️ Explicitly received params: {'num_classes': 100, 'lora_rank': 0}

Step 5 Comprehensive Evaluation:
Target classes (50, 99): 74.56%
Forget classes (40, 49): 23.73%
Other classes: 0.00%
Epoch 1: Train Acc 0.872, Loss 4.1535
Best model saved: ./baseline/students/step5.pth (Target Acc: 74.56%)

Step 5 Comprehensive Evaluation:
Target classes (50, 99): 77.17%
Forget classes (40, 49): 19.87%
Other classes: 0.00%
Epoch 2: Train Acc 0.931, Loss 3.6982
Best model saved: ./baseline/students/step5.pth (Target Acc: 77.17%)

Step 5 Comprehensive Evaluation:
Target classes (50, 99): 75.68%
Forget classes (40, 49): 17.87%
Other classes: 0.00%
Epoch 3: Train Acc 0.948, Loss 3.4693

Step 5 Comprehensive Evaluation:
Target classes (50, 99): 77.68%
Forget classes (40, 49): 7.87%
Other classes: 0.00%
Epoch 4: Train Acc 0.950, Loss 3.3883
Best model saved: ./baseline/students/step5.pth (Target Acc: 77.68%)

Step 5 Comprehensive Evaluation:
Target classes (50, 99): 78.91%
Forget classes (40, 49): 4.67%
Other classes: 0.00%
Epoch 5: Train Acc 0.960, Loss 3.2502
Best model saved: ./baseline/students/step5.pth (Target Acc: 78.91%)

Step 5 Comprehensive Evaluation:
Target classes (50, 99): 78.45%
Forget classes (40, 49): 1.60%
Other classes: 0.00%
Epoch 6: Train Acc 0.965, Loss 3.1793

Step 5 Comprehensive Evaluation:
Target classes (50, 99): 79.09%
Forget classes (40, 49): 1.87%
Other classes: 0.00%
Epoch 7: Train Acc 0.969, Loss 3.0884
Best model saved: ./baseline/students/step5.pth (Target Acc: 79.09%)

Step 5 Comprehensive Evaluation:
Target classes (50, 99): 79.52%
Forget classes (40, 49): 0.80%
Other classes: 0.00%
Epoch 8: Train Acc 0.971, Loss 3.0630
Best model saved: ./baseline/students/step5.pth (Target Acc: 79.52%)

Step 5 Comprehensive Evaluation:
Target classes (50, 99): 79.89%
Forget classes (40, 49): 1.20%
Other classes: 0.00%
Epoch 9: Train Acc 0.973, Loss 3.0096
Best model saved: ./baseline/students/step5.pth (Target Acc: 79.89%)

Step 5 Comprehensive Evaluation:
Target classes (50, 99): 78.72%
Forget classes (40, 49): 0.00%
Other classes: 0.00%
Epoch 10: Train Acc 0.975, Loss 2.9769

Step 5 Comprehensive Evaluation:
Target classes (50, 99): 79.44%
Forget classes (40, 49): 0.00%
Other classes: 0.00%
Epoch 11: Train Acc 0.977, Loss 2.9523

Step 5 Comprehensive Evaluation:
Target classes (50, 99): 79.55%
Forget classes (40, 49): 0.00%
Other classes: 0.00%
Epoch 12: Train Acc 0.979, Loss 2.9169

Step 5 Comprehensive Evaluation:
Target classes (50, 99): 79.09%
Forget classes (40, 49): 0.00%
Other classes: 0.00%
Epoch 13: Train Acc 0.982, Loss 2.8591

Step 5 Comprehensive Evaluation:
Target classes (50, 99): 81.65%
Forget classes (40, 49): 0.00%
Other classes: 0.00%
Epoch 14: Train Acc 0.982, Loss 2.8602
Best model saved: ./baseline/students/step5.pth (Target Acc: 81.65%)

Step 5 Comprehensive Evaluation:
Target classes (50, 99): 79.55%
Forget classes (40, 49): 0.00%
Other classes: 0.00%
Epoch 15: Train Acc 0.986, Loss 2.8154

Step 5 Comprehensive Evaluation:
Target classes (50, 99): 81.47%
Forget classes (40, 49): 0.00%
Other classes: 0.00%
Epoch 16: Train Acc 0.982, Loss 2.8473

Step 5 Comprehensive Evaluation:
Target classes (50, 99): 82.24%
Forget classes (40, 49): 0.00%
Other classes: 0.00%
Epoch 17: Train Acc 0.988, Loss 2.7530
Best model saved: ./baseline/students/step5.pth (Target Acc: 82.24%)

Step 5 Comprehensive Evaluation:
Target classes (50, 99): 81.52%
Forget classes (40, 49): 0.00%
Other classes: 0.00%
Epoch 18: Train Acc 0.988, Loss 2.7273

Step 5 Comprehensive Evaluation:
Target classes (50, 99): 81.63%
Forget classes (40, 49): 0.13%
Other classes: 0.00%
Epoch 19: Train Acc 0.990, Loss 2.6943

Step 5 Comprehensive Evaluation:
Target classes (50, 99): 81.89%
Forget classes (40, 49): 0.13%
Other classes: 0.00%
Epoch 20: Train Acc 0.990, Loss 2.7011

Step 5 Comprehensive Evaluation:
Target classes (50, 99): 82.21%
Forget classes (40, 49): 0.00%
Other classes: 0.00%
Epoch 21: Train Acc 0.992, Loss 2.6668

Step 5 Comprehensive Evaluation:
Target classes (50, 99): 82.24%
Forget classes (40, 49): 0.00%
Other classes: 0.00%
Epoch 22: Train Acc 0.991, Loss 2.6577

Step 5 Comprehensive Evaluation:
Target classes (50, 99): 82.69%
Forget classes (40, 49): 0.00%
Other classes: 0.00%
Epoch 23: Train Acc 0.992, Loss 2.6283
Best model saved: ./baseline/students/step5.pth (Target Acc: 82.69%)

Step 5 Comprehensive Evaluation:
Target classes (50, 99): 82.67%
Forget classes (40, 49): 0.00%
Other classes: 0.00%
Epoch 24: Train Acc 0.994, Loss 2.6024

Step 5 Comprehensive Evaluation:
Target classes (50, 99): 83.09%
Forget classes (40, 49): 0.00%
Other classes: 0.00%
Epoch 25: Train Acc 0.995, Loss 2.5820
Best model saved: ./baseline/students/step5.pth (Target Acc: 83.09%)

Step 5 Comprehensive Evaluation:
Target classes (50, 99): 83.15%
Forget classes (40, 49): 0.00%
Other classes: 0.00%
Epoch 26: Train Acc 0.995, Loss 2.5733
Best model saved: ./baseline/students/step5.pth (Target Acc: 83.15%)

Step 5 Comprehensive Evaluation:
Target classes (50, 99): 83.25%
Forget classes (40, 49): 0.00%
Other classes: 0.00%
Epoch 27: Train Acc 0.996, Loss 2.5597
Best model saved: ./baseline/students/step5.pth (Target Acc: 83.25%)

Step 5 Comprehensive Evaluation:
Target classes (50, 99): 83.87%
Forget classes (40, 49): 0.00%
Other classes: 0.00%
Epoch 28: Train Acc 0.995, Loss 2.5557
Best model saved: ./baseline/students/step5.pth (Target Acc: 83.87%)

Step 5 Comprehensive Evaluation:
Target classes (50, 99): 83.89%
Forget classes (40, 49): 0.00%
Other classes: 0.00%
Epoch 29: Train Acc 0.997, Loss 2.5289
Best model saved: ./baseline/students/step5.pth (Target Acc: 83.89%)

Step 5 Comprehensive Evaluation:
Target classes (50, 99): 84.13%
Forget classes (40, 49): 0.00%
Other classes: 0.00%
Epoch 30: Train Acc 0.996, Loss 2.5254
Best model saved: ./baseline/students/step5.pth (Target Acc: 84.13%)

Step 5 Comprehensive Evaluation:
Target classes (50, 99): 84.08%
Forget classes (40, 49): 0.00%
Other classes: 0.00%
Epoch 31: Train Acc 0.998, Loss 2.5112

Step 5 Comprehensive Evaluation:
Target classes (50, 99): 84.43%
Forget classes (40, 49): 0.00%
Other classes: 0.00%
Epoch 32: Train Acc 0.997, Loss 2.5083
Best model saved: ./baseline/students/step5.pth (Target Acc: 84.43%)

Step 5 Comprehensive Evaluation:
Target classes (50, 99): 84.43%
Forget classes (40, 49): 0.00%
Other classes: 0.00%
Epoch 33: Train Acc 0.997, Loss 2.4998
Best model saved: ./baseline/students/step5.pth (Target Acc: 84.43%)

Step 5 Comprehensive Evaluation:
Target classes (50, 99): 84.32%
Forget classes (40, 49): 0.00%
Other classes: 0.00%
Epoch 34: Train Acc 0.998, Loss 2.4940

Step 5 Comprehensive Evaluation:
Target classes (50, 99): 84.40%
Forget classes (40, 49): 0.00%
Other classes: 0.00%
Epoch 35: Train Acc 0.998, Loss 2.4915

Step 5 Comprehensive Evaluation:
Target classes (50, 99): 84.75%
Forget classes (40, 49): 0.00%
Other classes: 0.00%
Epoch 36: Train Acc 0.998, Loss 2.4885
Best model saved: ./baseline/students/step5.pth (Target Acc: 84.75%)

Step 5 Comprehensive Evaluation:
Target classes (50, 99): 85.25%
Forget classes (40, 49): 0.00%
Other classes: 0.00%
Epoch 37: Train Acc 0.997, Loss 2.4882
Best model saved: ./baseline/students/step5.pth (Target Acc: 85.25%)

Step 5 Comprehensive Evaluation:
Target classes (50, 99): 85.12%
Forget classes (40, 49): 0.00%
Other classes: 0.00%
Epoch 38: Train Acc 0.997, Loss 2.4849

Step 5 Comprehensive Evaluation:
Target classes (50, 99): 85.36%
Forget classes (40, 49): 0.00%
Other classes: 0.00%
Epoch 39: Train Acc 0.997, Loss 2.4851
Best model saved: ./baseline/students/step5.pth (Target Acc: 85.36%)

Step 5 Comprehensive Evaluation:
Target classes (50, 99): 85.36%
Forget classes (40, 49): 0.00%
Other classes: 0.00%
Epoch 40: Train Acc 0.998, Loss 2.4787
Step 5 completed!
