
🚀 Training Oracle Model on Classes: 0–49
🛠️ Explicitly received params: {'num_classes': 100, 'lora_rank': 0}
Loaded pretrained weights from timm: deit_tiny_patch16_224
✅ Loaded pretrained weights from timm

📅 Epoch 1/100 — Class Range: 0-49
📊 Train Loss: 2.1945 | Train Acc: 55.60%
📊 Val   Loss: 1.6695 | Val   Acc: 70.03%
✅ Best Val Acc: 70.03% — Model saved to ./checkpoints/oracle/0_49.pth

📅 Epoch 2/100 — Class Range: 0-49
📊 Train Loss: 1.5327 | Train Acc: 74.07%
📊 Val   Loss: 1.4403 | Val   Acc: 76.64%
✅ Best Val Acc: 76.64% — Model saved to ./checkpoints/oracle/0_49.pth

📅 Epoch 3/100 — Class Range: 0-49
📊 Train Loss: 1.3860 | Train Acc: 78.85%
📊 Val   Loss: 1.4016 | Val   Acc: 78.99%
✅ Best Val Acc: 78.99% — Model saved to ./checkpoints/oracle/0_49.pth

📅 Epoch 4/100 — Class Range: 0-49
📊 Train Loss: 1.2831 | Train Acc: 82.25%
📊 Val   Loss: 1.4459 | Val   Acc: 76.69%
No improvement. Best so far: 78.99%

📅 Epoch 5/100 — Class Range: 0-49
📊 Train Loss: 1.2649 | Train Acc: 82.75%
📊 Val   Loss: 1.3561 | Val   Acc: 80.00%
✅ Best Val Acc: 80.00% — Model saved to ./checkpoints/oracle/0_49.pth

📅 Epoch 6/100 — Class Range: 0-49
📊 Train Loss: 1.1889 | Train Acc: 85.53%
📊 Val   Loss: 1.4577 | Val   Acc: 76.93%
No improvement. Best so far: 80.00%

📅 Epoch 7/100 — Class Range: 0-49
📊 Train Loss: 1.1855 | Train Acc: 85.64%
📊 Val   Loss: 1.3233 | Val   Acc: 81.01%
✅ Best Val Acc: 81.01% — Model saved to ./checkpoints/oracle/0_49.pth

📅 Epoch 8/100 — Class Range: 0-49
📊 Train Loss: 1.1165 | Train Acc: 88.14%
📊 Val   Loss: 1.3232 | Val   Acc: 81.15%
✅ Best Val Acc: 81.15% — Model saved to ./checkpoints/oracle/0_49.pth

📅 Epoch 9/100 — Class Range: 0-49
📊 Train Loss: 1.0829 | Train Acc: 89.30%
📊 Val   Loss: 1.4487 | Val   Acc: 78.29%
No improvement. Best so far: 81.15%

📅 Epoch 10/100 — Class Range: 0-49
📊 Train Loss: 1.0979 | Train Acc: 88.76%
📊 Val   Loss: 1.3536 | Val   Acc: 81.73%
✅ Best Val Acc: 81.73% — Model saved to ./checkpoints/oracle/0_49.pth

📅 Epoch 11/100 — Class Range: 0-49
📊 Train Loss: 1.0366 | Train Acc: 91.02%
📊 Val   Loss: 1.4040 | Val   Acc: 79.44%
No improvement. Best so far: 81.73%

📅 Epoch 12/100 — Class Range: 0-49
📊 Train Loss: 1.0529 | Train Acc: 90.26%
📊 Val   Loss: 1.3557 | Val   Acc: 81.12%
No improvement. Best so far: 81.73%

📅 Epoch 13/100 — Class Range: 0-49
📊 Train Loss: 1.0079 | Train Acc: 92.00%
📊 Val   Loss: 1.4225 | Val   Acc: 78.19%
No improvement. Best so far: 81.73%

📅 Epoch 14/100 — Class Range: 0-49
📊 Train Loss: 1.0069 | Train Acc: 92.07%
📊 Val   Loss: 1.5590 | Val   Acc: 75.81%
No improvement. Best so far: 81.73%

📅 Epoch 15/100 — Class Range: 0-49
📊 Train Loss: 1.1342 | Train Acc: 87.66%
📊 Val   Loss: 1.3930 | Val   Acc: 79.65%
No improvement. Best so far: 81.73%

📅 Epoch 16/100 — Class Range: 0-49
📊 Train Loss: 0.9743 | Train Acc: 93.12%
📊 Val   Loss: 1.3644 | Val   Acc: 80.72%
No improvement. Best so far: 81.73%

📅 Epoch 17/100 — Class Range: 0-49
📊 Train Loss: 0.9592 | Train Acc: 93.73%
📊 Val   Loss: 1.4103 | Val   Acc: 80.11%
No improvement. Best so far: 81.73%

📅 Epoch 18/100 — Class Range: 0-49
📊 Train Loss: 0.9640 | Train Acc: 93.36%
📊 Val   Loss: 1.3854 | Val   Acc: 80.00%
No improvement. Best so far: 81.73%

📅 Epoch 19/100 — Class Range: 0-49
📊 Train Loss: 0.9550 | Train Acc: 93.82%
📊 Val   Loss: 1.4051 | Val   Acc: 80.59%
No improvement. Best so far: 81.73%

📅 Epoch 20/100 — Class Range: 0-49
📊 Train Loss: 0.9889 | Train Acc: 92.57%
📊 Val   Loss: 1.4284 | Val   Acc: 80.32%
No improvement. Best so far: 81.73%

📅 Epoch 21/100 — Class Range: 0-49
📊 Train Loss: 0.9439 | Train Acc: 94.26%
📊 Val   Loss: 1.3694 | Val   Acc: 81.76%
✅ Best Val Acc: 81.76% — Model saved to ./checkpoints/oracle/0_49.pth

📅 Epoch 22/100 — Class Range: 0-49
📊 Train Loss: 0.9253 | Train Acc: 94.75%
📊 Val   Loss: 1.4041 | Val   Acc: 80.16%
No improvement. Best so far: 81.76%

📅 Epoch 23/100 — Class Range: 0-49
📊 Train Loss: 0.9309 | Train Acc: 94.81%
📊 Val   Loss: 1.3988 | Val   Acc: 80.80%
No improvement. Best so far: 81.76%

📅 Epoch 24/100 — Class Range: 0-49
📊 Train Loss: 0.9396 | Train Acc: 94.44%
📊 Val   Loss: 1.3679 | Val   Acc: 81.55%
No improvement. Best so far: 81.76%

📅 Epoch 25/100 — Class Range: 0-49
📊 Train Loss: 0.9243 | Train Acc: 94.93%
📊 Val   Loss: 1.3714 | Val   Acc: 81.47%
No improvement. Best so far: 81.76%

📅 Epoch 26/100 — Class Range: 0-49
📊 Train Loss: 0.9164 | Train Acc: 95.27%
📊 Val   Loss: 1.3989 | Val   Acc: 80.48%
No improvement. Best so far: 81.76%

📅 Epoch 27/100 — Class Range: 0-49
📊 Train Loss: 0.9155 | Train Acc: 95.23%
📊 Val   Loss: 1.3926 | Val   Acc: 81.15%
No improvement. Best so far: 81.76%

📅 Epoch 28/100 — Class Range: 0-49
📊 Train Loss: 0.9088 | Train Acc: 95.58%
📊 Val   Loss: 1.4336 | Val   Acc: 79.87%
No improvement. Best so far: 81.76%

📅 Epoch 29/100 — Class Range: 0-49
📊 Train Loss: 0.9034 | Train Acc: 95.67%
📊 Val   Loss: 1.4231 | Val   Acc: 80.08%
No improvement. Best so far: 81.76%

📅 Epoch 30/100 — Class Range: 0-49
📊 Train Loss: 0.9036 | Train Acc: 95.63%
📊 Val   Loss: 1.4511 | Val   Acc: 80.29%
No improvement. Best so far: 81.76%

📅 Epoch 31/100 — Class Range: 0-49
📊 Train Loss: 0.8975 | Train Acc: 95.84%
📊 Val   Loss: 1.4485 | Val   Acc: 79.71%
No improvement. Best so far: 81.76%

📅 Epoch 32/100 — Class Range: 0-49
📊 Train Loss: 0.9108 | Train Acc: 95.70%
📊 Val   Loss: 1.4216 | Val   Acc: 80.67%
No improvement. Best so far: 81.76%

📅 Epoch 33/100 — Class Range: 0-49
📊 Train Loss: 0.9052 | Train Acc: 95.61%
📊 Val   Loss: 1.4630 | Val   Acc: 80.11%
No improvement. Best so far: 81.76%

📅 Epoch 34/100 — Class Range: 0-49
